Component: Arm Compiler for Embedded 6.19 Tool: armlink [5e73cb00]

==============================================================================

Section Cross References

    startup_stm32f429xx.o(STACK) refers (Special) to heapauxi.o(.text) for __use_two_region_memory
    startup_stm32f429xx.o(HEAP) refers (Special) to heapauxi.o(.text) for __use_two_region_memory
    startup_stm32f429xx.o(RESET) refers (Special) to heapauxi.o(.text) for __use_two_region_memory
    startup_stm32f429xx.o(RESET) refers to startup_stm32f429xx.o(STACK) for __initial_sp
    startup_stm32f429xx.o(RESET) refers to startup_stm32f429xx.o(.text) for Reset_Handler
    startup_stm32f429xx.o(RESET) refers to stm32f4xx_it.o(.text.NMI_Handler) for NMI_Handler
    startup_stm32f429xx.o(RESET) refers to stm32f4xx_it.o(.text.HardFault_Handler) for HardFault_Handler
    startup_stm32f429xx.o(RESET) refers to stm32f4xx_it.o(.text.MemManage_Handler) for MemManage_Handler
    startup_stm32f429xx.o(RESET) refers to stm32f4xx_it.o(.text.BusFault_Handler) for BusFault_Handler
    startup_stm32f429xx.o(RESET) refers to stm32f4xx_it.o(.text.UsageFault_Handler) for UsageFault_Handler
    startup_stm32f429xx.o(RESET) refers to port.o(.text.SVC_Handler) for SVC_Handler
    startup_stm32f429xx.o(RESET) refers to stm32f4xx_it.o(.text.DebugMon_Handler) for DebugMon_Handler
    startup_stm32f429xx.o(RESET) refers to port.o(.text.PendSV_Handler) for PendSV_Handler
    startup_stm32f429xx.o(RESET) refers to port.o(.text.SysTick_Handler) for SysTick_Handler
    startup_stm32f429xx.o(RESET) refers to stm32f4xx_it.o(.text.EXTI3_IRQHandler) for EXTI3_IRQHandler
    startup_stm32f429xx.o(RESET) refers to stm32f4xx_it.o(.text.EXTI4_IRQHandler) for EXTI4_IRQHandler
    startup_stm32f429xx.o(RESET) refers to stm32f4xx_it.o(.text.EXTI9_5_IRQHandler) for EXTI9_5_IRQHandler
    startup_stm32f429xx.o(RESET) refers to stm32f4xx_it.o(.text.TIM1_UP_TIM10_IRQHandler) for TIM1_UP_TIM10_IRQHandler
    startup_stm32f429xx.o(RESET) refers to stm32f4xx_it.o(.text.ETH_IRQHandler) for ETH_IRQHandler
    startup_stm32f429xx.o(.text) refers (Special) to heapauxi.o(.text) for __use_two_region_memory
    startup_stm32f429xx.o(.text) refers to system_stm32f4xx.o(.text.SystemInit) for SystemInit
    startup_stm32f429xx.o(.text) refers to __main.o(!!!main) for __main
    startup_stm32f429xx.o(.text) refers to startup_stm32f429xx.o(HEAP) for Heap_Mem
    startup_stm32f429xx.o(.text) refers to startup_stm32f429xx.o(STACK) for Stack_Mem
    main.o(.text) refers (Special) to _printf_percent.o(.ARM.Collect$$_printf_percent$$00000000) for _printf_percent
    main.o(.text) refers (Special) to _printf_s.o(.ARM.Collect$$_printf_percent$$00000014) for _printf_s
    main.o(.text) refers (Special) to _printf_str.o(.text) for _printf_str
    main.o(.text.fputc) refers (Special) to _printf_percent.o(.ARM.Collect$$_printf_percent$$00000000) for _printf_percent
    main.o(.text.fputc) refers (Special) to _printf_s.o(.ARM.Collect$$_printf_percent$$00000014) for _printf_s
    main.o(.text.fputc) refers (Special) to _printf_str.o(.text) for _printf_str
    main.o(.ARM.exidx.text.fputc) refers (Special) to _printf_percent.o(.ARM.Collect$$_printf_percent$$00000000) for _printf_percent
    main.o(.ARM.exidx.text.fputc) refers (Special) to _printf_s.o(.ARM.Collect$$_printf_percent$$00000014) for _printf_s
    main.o(.ARM.exidx.text.fputc) refers (Special) to _printf_str.o(.text) for _printf_str
    main.o(.ARM.exidx.text.fputc) refers to main.o(.text.fputc) for [Anonymous Symbol]
    main.o(.text.taskTCP_Init) refers (Special) to _printf_percent.o(.ARM.Collect$$_printf_percent$$00000000) for _printf_percent
    main.o(.text.taskTCP_Init) refers (Special) to _printf_s.o(.ARM.Collect$$_printf_percent$$00000014) for _printf_s
    main.o(.text.taskTCP_Init) refers (Special) to _printf_str.o(.text) for _printf_str
    main.o(.text.taskTCP_Init) refers to api_lib.o(.text.netconn_new_with_proto_and_callback) for netconn_new_with_proto_and_callback
    main.o(.text.taskTCP_Init) refers to main.o(.bss..L_MergedGlobals) for .L_MergedGlobals
    main.o(.text.taskTCP_Init) refers to ip4_addr.o(.rodata.ip_addr_any) for ip_addr_any
    main.o(.text.taskTCP_Init) refers to api_lib.o(.text.netconn_bind) for netconn_bind
    main.o(.text.taskTCP_Init) refers to api_lib.o(.text.netconn_delete) for netconn_delete
    main.o(.text.taskTCP_Init) refers to api_lib.o(.text.netconn_listen_with_backlog) for netconn_listen_with_backlog
    main.o(.text.taskTCP_Init) refers to main.o(.bss.smsgc) for smsgc
    main.o(.text.taskTCP_Init) refers to api_lib.o(.text.netconn_close) for netconn_close
    main.o(.text.taskTCP_Init) refers to api_lib.o(.text.netconn_accept) for netconn_accept
    main.o(.text.taskTCP_Init) refers to api_lib.o(.text.netconn_recv) for netconn_recv
    main.o(.text.taskTCP_Init) refers to strncpy.o(.text) for strncpy
    main.o(.text.taskTCP_Init) refers to __2sprintf.o(.text) for __2sprintf
[...]
    Removing stm32f4xx_hal_cortex.o(.ARM.exidx.text.HAL_NVIC_GetPendingIRQ), (8 bytes).
    Removing stm32f4xx_hal_cortex.o(.text.HAL_NVIC_ClearPendingIRQ), (38 bytes).
    Removing stm32f4xx_hal_cortex.o(.ARM.exidx.text.HAL_NVIC_ClearPendingIRQ), (8 bytes).
    Removing stm32f4xx_hal_cortex.o(.text.HAL_NVIC_GetActive), (42 bytes).
    Removing stm32f4xx_hal_cortex.o(.ARM.exidx.text.HAL_NVIC_GetActive), (8 bytes).
    Removing stm32f4xx_hal_cortex.o(.text.HAL_SYSTICK_CLKSourceConfig), (24 bytes).
    Removing stm32f4xx_hal_cortex.o(.ARM.exidx.text.HAL_SYSTICK_CLKSourceConfig), (8 bytes).
    Removing stm32f4xx_hal_cortex.o(.text.HAL_SYSTICK_IRQHandler), (4 bytes).
    Removing stm32f4xx_hal_cortex.o(.ARM.exidx.text.HAL_SYSTICK_IRQHandler), (8 bytes).
    Removing stm32f4xx_hal_cortex.o(.text.HAL_SYSTICK_Callback), (2 bytes).
    Removing stm32f4xx_hal_cortex.o(.ARM.exidx.text.HAL_SYSTICK_Callback), (8 bytes).
    Removing stm32f4xx_hal.o(.text), (0 bytes).
    Removing stm32f4xx_hal.o(.ARM.exidx.text.HAL_Init), (8 bytes).
    Removing stm32f4xx_hal.o(.text.HAL_InitTick), (72 bytes).
    Removing stm32f4xx_hal.o(.ARM.exidx.text.HAL_InitTick), (8 bytes).
    Removing stm32f4xx_hal.o(.text.HAL_MspInit), (2 bytes).
    Removing stm32f4xx_hal.o(.ARM.exidx.text.HAL_MspInit), (8 bytes).
    Removing stm32f4xx_hal.o(.text.HAL_DeInit), (44 bytes).
    Removing stm32f4xx_hal.o(.ARM.exidx.text.HAL_DeInit), (8 bytes).
    Removing stm32f4xx_hal.o(.text.HAL_MspDeInit), (2 bytes).
    Removing stm32f4xx_hal.o(.ARM.exidx.text.HAL_MspDeInit), (8 bytes).
    Removing stm32f4xx_hal.o(.ARM.exidx.text.HAL_IncTick), (8 bytes).
    Removing stm32f4xx_hal.o(.ARM.exidx.text.HAL_GetTick), (8 bytes).
    Removing stm32f4xx_hal.o(.text.HAL_GetTickPrio), (12 bytes).
    Removing stm32f4xx_hal.o(.ARM.exidx.text.HAL_GetTickPrio), (8 bytes).
    Removing stm32f4xx_hal.o(.text.HAL_SetTickFreq), (38 bytes).
    Removing stm32f4xx_hal.o(.ARM.exidx.text.HAL_SetTickFreq), (8 bytes).
    Removing stm32f4xx_hal.o(.text.HAL_GetTickFreq), (12 bytes).
    Removing stm32f4xx_hal.o(.ARM.exidx.text.HAL_GetTickFreq), (8 bytes).
    Removing stm32f4xx_hal.o(.ARM.exidx.text.HAL_Delay), (8 bytes).
    Removing stm32f4xx_hal.o(.text.HAL_SuspendTick), (18 bytes).
    Removing stm32f4xx_hal.o(.ARM.exidx.text.HAL_SuspendTick), (8 bytes).
    Removing stm32f4xx_hal.o(.text.HAL_ResumeTick), (18 bytes).
    Removing stm32f4xx_hal.o(.ARM.exidx.text.HAL_ResumeTick), (8 bytes).
    Removing stm32f4xx_hal.o(.text.HAL_GetHalVersion), (10 bytes).
    Removing stm32f4xx_hal.o(.ARM.exidx.text.HAL_GetHalVersion), (8 bytes).
    Removing stm32f4xx_hal.o(.text.HAL_GetREVID), (14 bytes).
    Removing stm32f4xx_hal.o(.ARM.exidx.text.HAL_GetREVID), (8 bytes).
    Removing stm32f4xx_hal.o(.text.HAL_GetDEVID), (16 bytes).
    Removing stm32f4xx_hal.o(.ARM.exidx.text.HAL_GetDEVID), (8 bytes).
    Removing stm32f4xx_hal.o(.text.HAL_DBGMCU_EnableDBGSleepMode), (18 bytes).
    Removing stm32f4xx_hal.o(.ARM.exidx.text.HAL_DBGMCU_EnableDBGSleepMode), (8 bytes).
    Removing stm32f4xx_hal.o(.text.HAL_DBGMCU_DisableDBGSleepMode), (18 bytes).
    Removing stm32f4xx_hal.o(.ARM.exidx.text.HAL_DBGMCU_DisableDBGSleepMode), (8 bytes).
    Removing stm32f4xx_hal.o(.text.HAL_DBGMCU_EnableDBGStopMode), (18 bytes).
    Removing stm32f4xx_hal.o(.ARM.exidx.text.HAL_DBGMCU_EnableDBGStopMode), (8 bytes).
    Removing stm32f4xx_hal.o(.text.HAL_DBGMCU_DisableDBGStopMode), (18 bytes).
    Removing stm32f4xx_hal.o(.ARM.exidx.text.HAL_DBGMCU_DisableDBGStopMode), (8 bytes).
    Removing stm32f4xx_hal.o(.text.HAL_DBGMCU_EnableDBGStandbyMode), (18 bytes).
    Removing stm32f4xx_hal.o(.ARM.exidx.text.HAL_DBGMCU_EnableDBGStandbyMode), (8 bytes).
    Removing stm32f4xx_hal.o(.text.HAL_DBGMCU_DisableDBGStandbyMode), (18 bytes).
    Removing stm32f4xx_hal.o(.ARM.exidx.text.HAL_DBGMCU_DisableDBGStandbyMode), (8 bytes).
    Removing stm32f4xx_hal.o(.text.HAL_EnableCompensationCell), (14 bytes).
    Removing stm32f4xx_hal.o(.ARM.exidx.text.HAL_EnableCompensationCell), (8 bytes).
    Removing stm32f4xx_hal.o(.text.HAL_DisableCompensationCell), (14 bytes).
    Removing stm32f4xx_hal.o(.ARM.exidx.text.HAL_DisableCompensationCell), (8 bytes).
    Removing stm32f4xx_hal.o(.text.HAL_GetUIDw0), (12 bytes).
    Removing stm32f4xx_hal.o(.ARM.exidx.text.HAL_GetUIDw0), (8 bytes).
    Removing stm32f4xx_hal.o(.text.HAL_GetUIDw1), (12 bytes).
    Removing stm32f4xx_hal.o(.ARM.exidx.text.HAL_GetUIDw1), (8 bytes).
    Removing stm32f4xx_hal.o(.text.HAL_GetUIDw2), (12 bytes).
    Removing stm32f4xx_hal.o(.ARM.exidx.text.HAL_GetUIDw2), (8 bytes).
    Removing stm32f4xx_hal.o(.text.HAL_EnableMemorySwappingBank), (12 bytes).
    Removing stm32f4xx_hal.o(.ARM.exidx.text.HAL_EnableMemorySwappingBank), (8 bytes).
    Removing stm32f4xx_hal.o(.text.HAL_DisableMemorySwappingBank), (12 bytes).
    Removing stm32f4xx_hal.o(.ARM.exidx.text.HAL_DisableMemorySwappingBank), (8 bytes).
    Removing stm32f4xx_hal_exti.o(.text), (0 bytes).
    Removing stm32f4xx_hal_exti.o(.text.HAL_EXTI_SetConfigLine), (180 bytes).
    Removing stm32f4xx_hal_exti.o(.ARM.exidx.text.HAL_EXTI_SetConfigLine), (8 bytes).
    Removing stm32f4xx_hal_exti.o(.text.HAL_EXTI_GetConfigLine), (152 bytes).
    Removing stm32f4xx_hal_exti.o(.ARM.exidx.text.HAL_EXTI_GetConfigLine), (8 bytes).
    Removing stm32f4xx_hal_exti.o(.text.HAL_EXTI_ClearConfigLine), (136 bytes).
    Removing stm32f4xx_hal_exti.o(.ARM.exidx.text.HAL_EXTI_ClearConfigLine), (8 bytes).
    Removing stm32f4xx_hal_exti.o(.text.HAL_EXTI_RegisterCallback), (12 bytes).
    Removing stm32f4xx_hal_exti.o(.ARM.exidx.text.HAL_EXTI_RegisterCallback), (8 bytes).
    Removing stm32f4xx_hal_exti.o(.text.HAL_EXTI_GetHandle), (12 bytes).
    Removing stm32f4xx_hal_exti.o(.ARM.exidx.text.HAL_EXTI_GetHandle), (8 bytes).
    Removing stm32f4xx_hal_exti.o(.text.HAL_EXTI_IRQHandler), (42 bytes).
    Removing stm32f4xx_hal_exti.o(.ARM.exidx.text.HAL_EXTI_IRQHandler), (8 bytes).
    Removing stm32f4xx_hal_exti.o(.text.HAL_EXTI_GetPending), (28 bytes).
    Removing stm32f4xx_hal_exti.o(.ARM.exidx.text.HAL_EXTI_GetPending), (8 bytes).
    Removing stm32f4xx_hal_exti.o(.text.HAL_EXTI_ClearPending), (24 bytes).
    Removing stm32f4xx_hal_exti.o(.ARM.exidx.text.HAL_EXTI_ClearPending), (8 bytes).
    Removing stm32f4xx_hal_exti.o(.text.HAL_EXTI_GenerateSWI), (24 bytes).
    Removing stm32f4xx_hal_exti.o(.ARM.exidx.text.HAL_EXTI_GenerateSWI), (8 bytes).
    Removing stm32f4xx_hal_eth.o(.text), (0 bytes).
    Removing stm32f4xx_hal_eth.o(.ARM.exidx.text.HAL_ETH_Init), (8 bytes).
    Removing stm32f4xx_hal_eth.o(.text.HAL_ETH_MspInit), (2 bytes).
    Removing stm32f4xx_hal_eth.o(.ARM.exidx.text.HAL_ETH_MspInit), (8 bytes).
    Removing stm32f4xx_hal_eth.o(.text.HAL_ETH_DeInit), (26 bytes).
    Removing stm32f4xx_hal_eth.o(.ARM.exidx.text.HAL_ETH_DeInit), (8 bytes).
    Removing stm32f4xx_hal_eth.o(.text.HAL_ETH_MspDeInit), (2 bytes).
    Removing stm32f4xx_hal_eth.o(.ARM.exidx.text.HAL_ETH_MspDeInit), (8 bytes).
    Removing stm32f4xx_hal_eth.o(.text.HAL_ETH_Start), (470 bytes).
    Removing stm32f4xx_hal_eth.o(.ARM.exidx.text.HAL_ETH_Start), (8 bytes).
    Removing stm32f4xx_hal_eth.o(.ARM.exidx.text.HAL_ETH_Start_IT), (8 bytes).
    Removing stm32f4xx_hal_eth.o(.text.HAL_ETH_Stop), (132 bytes).
    Removing stm32f4xx_hal_eth.o(.ARM.exidx.text.HAL_ETH_Stop), (8 bytes).
    Removing stm32f4xx_hal_eth.o(.ARM.exidx.text.HAL_ETH_Stop_IT), (8 bytes).
    Removing stm32f4xx_hal_eth.o(.text.HAL_ETH_Transmit), (324 bytes).
    Removing stm32f4xx_hal_eth.o(.ARM.exidx.text.HAL_ETH_Transmit), (8 bytes).
    Removing stm32f4xx_hal_eth.o(.ARM.exidx.text.ETH_Prepare_Tx_Descriptors), (8 bytes).
    Removing stm32f4xx_hal_eth.o(.ARM.exidx.text.HAL_ETH_Transmit_IT), (8 bytes).
    Removing stm32f4xx_hal_eth.o(.ARM.exidx.text.HAL_ETH_ReadData), (8 bytes).
    Removing stm32f4xx_hal_eth.o(.text.HAL_ETH_RxLinkCallback), (2 bytes).
    Removing stm32f4xx_hal_eth.o(.ARM.exidx.text.HAL_ETH_RxLinkCallback), (8 bytes).
    Removing stm32f4xx_hal_eth.o(.text.HAL_ETH_RegisterRxAllocateCallback), (14 bytes).
    Removing stm32f4xx_hal_eth.o(.ARM.exidx.text.HAL_ETH_RegisterRxAllocateCallback), (8 bytes).
    Removing stm32f4xx_hal_eth.o(.text.HAL_ETH_UnRegisterRxAllocateCallback), (18 bytes).
    Removing stm32f4xx_hal_eth.o(.ARM.exidx.text.HAL_ETH_UnRegisterRxAllocateCallback), (8 bytes).
    Removing stm32f4xx_hal_eth.o(.text.HAL_ETH_RxAllocateCallback), (2 bytes).
    Removing stm32f4xx_hal_eth.o(.ARM.exidx.text.HAL_ETH_RxAllocateCallback), (8 bytes).
    Removing stm32f4xx_hal_eth.o(.text.HAL_ETH_RegisterRxLinkCallback), (14 bytes).
    Removing stm32f4xx_hal_eth.o(.ARM.exidx.text.HAL_ETH_RegisterRxLinkCallback), (8 bytes).
    Removing stm32f4xx_hal_eth.o(.text.HAL_ETH_UnRegisterRxLinkCallback), (18 bytes).
    Removing stm32f4xx_hal_eth.o(.ARM.exidx.text.HAL_ETH_UnRegisterRxLinkCallback), (8 bytes).
    Removing stm32f4xx_hal_eth.o(.text.HAL_ETH_GetRxDataErrorCode), (14 bytes).
    Removing stm32f4xx_hal_eth.o(.ARM.exidx.text.HAL_ETH_GetRxDataErrorCode), (8 bytes).
    Removing stm32f4xx_hal_eth.o(.text.HAL_ETH_RegisterTxFreeCallback), (14 bytes).
    Removing stm32f4xx_hal_eth.o(.ARM.exidx.text.HAL_ETH_RegisterTxFreeCallback), (8 bytes).
    Removing stm32f4xx_hal_eth.o(.text.HAL_ETH_UnRegisterTxFreeCallback), (18 bytes).
    Removing stm32f4xx_hal_eth.o(.ARM.exidx.text.HAL_ETH_UnRegisterTxFreeCallback), (8 bytes).
    Removing stm32f4xx_hal_eth.o(.text.HAL_ETH_TxFreeCallback), (2 bytes).
    Removing stm32f4xx_hal_eth.o(.ARM.exidx.text.HAL_ETH_TxFreeCallback), (8 bytes).
    Removing stm32f4xx_hal_eth.o(.ARM.exidx.text.HAL_ETH_ReleaseTxPacket), (8 bytes).
    Removing stm32f4xx_hal_eth.o(.ARM.exidx.text.HAL_ETH_IRQHandler), (8 bytes).
    Removing stm32f4xx_hal_eth.o(.text.HAL_ETH_RxCpltCallback), (2 bytes).
    Removing stm32f4xx_hal_eth.o(.ARM.exidx.text.HAL_ETH_RxCpltCallback), (8 bytes).
    Removing stm32f4xx_hal_eth.o(.text.HAL_ETH_TxCpltCallback), (2 bytes).
    Removing stm32f4xx_hal_eth.o(.ARM.exidx.text.HAL_ETH_TxCpltCallback), (8 bytes).
    Removing stm32f4xx_hal_eth.o(.text.HAL_ETH_ErrorCallback), (2 bytes).
    Removing stm32f4xx_hal_eth.o(.ARM.exidx.text.HAL_ETH_ErrorCallback), (8 bytes).
    Removing stm32f4xx_hal_eth.o(.ARM.exidx.text.HAL_ETH_PMTCallback), (8 bytes).
    Removing stm32f4xx_hal_eth.o(.ARM.exidx.text.HAL_ETH_WakeUpCallback), (8 bytes).
    Removing stm32f4xx_hal_eth.o(.ARM.exidx.text.HAL_ETH_ReadPHYRegister), (8 bytes).
    Removing stm32f4xx_hal_eth.o(.ARM.exidx.text.HAL_ETH_WritePHYRegister), (8 bytes).
    Removing stm32f4xx_hal_eth.o(.ARM.exidx.text.HAL_ETH_GetMACConfig), (8 bytes).
    Removing stm32f4xx_hal_eth.o(.text.HAL_ETH_GetDMAConfig), (188 bytes).
    Removing stm32f4xx_hal_eth.o(.ARM.exidx.text.HAL_ETH_GetDMAConfig), (8 bytes).
    Removing stm32f4xx_hal_eth.o(.ARM.exidx.text.HAL_ETH_SetMACConfig), (8 bytes).
    Removing stm32f4xx_hal_eth.o(.text.HAL_ETH_SetDMAConfig), (208 bytes).
    Removing stm32f4xx_hal_eth.o(.ARM.exidx.text.HAL_ETH_SetDMAConfig), (8 bytes).
    Removing stm32f4xx_hal_eth.o(.ARM.exidx.text.HAL_ETH_SetMDIOClockRange), (8 bytes).
    Removing stm32f4xx_hal_eth.o(.text.HAL_ETH_SetMACFilterConfig), (112 bytes).
    Removing stm32f4xx_hal_eth.o(.ARM.exidx.text.HAL_ETH_SetMACFilterConfig), (8 bytes).
    Removing stm32f4xx_hal_eth.o(.text.HAL_ETH_GetMACFilterConfig), (104 bytes).
    Removing stm32f4xx_hal_eth.o(.ARM.exidx.text.HAL_ETH_GetMACFilterConfig), (8 bytes).
    Removing stm32f4xx_hal_eth.o(.text.HAL_ETH_SetSourceMACAddrMatch), (32 bytes).
    Removing stm32f4xx_hal_eth.o(.ARM.exidx.text.HAL_ETH_SetSourceMACAddrMatch), (8 bytes).
    Removing stm32f4xx_hal_eth.o(.text.HAL_ETH_SetHashTable), (52 bytes).
    Removing stm32f4xx_hal_eth.o(.ARM.exidx.text.HAL_ETH_SetHashTable), (8 bytes).
    Removing stm32f4xx_hal_eth.o(.text.HAL_ETH_SetRxVLANIdentifier), (52 bytes).
    Removing stm32f4xx_hal_eth.o(.ARM.exidx.text.HAL_ETH_SetRxVLANIdentifier), (8 bytes).
    Removing stm32f4xx_hal_eth.o(.text.HAL_ETH_EnterPowerDownMode), (42 bytes).
    Removing stm32f4xx_hal_eth.o(.ARM.exidx.text.HAL_ETH_EnterPowerDownMode), (8 bytes).
    Removing stm32f4xx_hal_eth.o(.text.HAL_ETH_ExitPowerDownMode), (64 bytes).
    Removing stm32f4xx_hal_eth.o(.ARM.exidx.text.HAL_ETH_ExitPowerDownMode), (8 bytes).
    Removing stm32f4xx_hal_eth.o(.text.HAL_ETH_SetWakeUpFilter), (128 bytes).
    Removing stm32f4xx_hal_eth.o(.ARM.exidx.text.HAL_ETH_SetWakeUpFilter), (8 bytes).
    Removing stm32f4xx_hal_eth.o(.text.HAL_ETH_GetState), (6 bytes).
    Removing stm32f4xx_hal_eth.o(.ARM.exidx.text.HAL_ETH_GetState), (8 bytes).
    Removing stm32f4xx_hal_eth.o(.text.HAL_ETH_GetError), (6 bytes).
    Removing stm32f4xx_hal_eth.o(.ARM.exidx.text.HAL_ETH_GetError), (8 bytes).
    Removing stm32f4xx_hal_eth.o(.ARM.exidx.text.HAL_ETH_GetDMAError), (8 bytes).
    Removing stm32f4xx_hal_eth.o(.text.HAL_ETH_GetMACError), (6 bytes).
    Removing stm32f4xx_hal_eth.o(.ARM.exidx.text.HAL_ETH_GetMACError), (8 bytes).
    Removing stm32f4xx_hal_eth.o(.text.HAL_ETH_GetMACWakeUpSource), (6 bytes).
    Removing stm32f4xx_hal_eth.o(.ARM.exidx.text.HAL_ETH_GetMACWakeUpSource), (8 bytes).
    Removing stm32f4xx_hal_tim.o(.text), (0 bytes).
    Removing stm32f4xx_hal_tim.o(.ARM.exidx.text.HAL_TIM_Base_Init), (8 bytes).
    Removing stm32f4xx_hal_tim.o(.ARM.exidx.text.HAL_TIM_Base_MspInit), (8 bytes).
    Removing stm32f4xx_hal_tim.o(.ARM.exidx.text.TIM_Base_SetConfig), (8 bytes).
    Removing stm32f4xx_hal_tim.o(.text.HAL_TIM_Base_DeInit), (96 bytes).
    Removing stm32f4xx_hal_tim.o(.ARM.exidx.text.HAL_TIM_Base_DeInit), (8 bytes).
    Removing stm32f4xx_hal_tim.o(.text.HAL_TIM_Base_MspDeInit), (2 bytes).
    Removing stm32f4xx_hal_tim.o(.ARM.exidx.text.HAL_TIM_Base_MspDeInit), (8 bytes).
    Removing stm32f4xx_hal_tim.o(.text.HAL_TIM_Base_Start), (162 bytes).
    Removing stm32f4xx_hal_tim.o(.ARM.exidx.text.HAL_TIM_Base_Start), (8 bytes).
    Removing stm32f4xx_hal_tim.o(.text.HAL_TIM_Base_Stop), (52 bytes).
    Removing stm32f4xx_hal_tim.o(.ARM.exidx.text.HAL_TIM_Base_Stop), (8 bytes).
    Removing stm32f4xx_hal_tim.o(.ARM.exidx.text.HAL_TIM_Base_Start_IT), (8 bytes).
    Removing stm32f4xx_hal_tim.o(.text.HAL_TIM_Base_Stop_IT), (60 bytes).
    Removing stm32f4xx_hal_tim.o(.ARM.exidx.text.HAL_TIM_Base_Stop_IT), (8 bytes).
    Removing stm32f4xx_hal_tim.o(.text.HAL_TIM_Base_Start_DMA), (246 bytes).
    Removing stm32f4xx_hal_tim.o(.ARM.exidx.text.HAL_TIM_Base_Start_DMA), (8 bytes).
    Removing stm32f4xx_hal_tim.o(.text.TIM_DMAPeriodElapsedCplt), (20 bytes).
    Removing stm32f4xx_hal_tim.o(.ARM.exidx.text.TIM_DMAPeriodElapsedCplt), (8 bytes).
    Removing stm32f4xx_hal_tim.o(.text.TIM_DMAPeriodElapsedHalfCplt), (6 bytes).
    Removing stm32f4xx_hal_tim.o(.ARM.exidx.text.TIM_DMAPeriodElapsedHalfCplt), (8 bytes).
    Removing stm32f4xx_hal_tim.o(.text.TIM_DMAError), (94 bytes).
    Removing stm32f4xx_hal_tim.o(.ARM.exidx.text.TIM_DMAError), (8 bytes).
    Removing stm32f4xx_hal_tim.o(.text.HAL_TIM_Base_Stop_DMA), (72 bytes).
    Removing stm32f4xx_hal_tim.o(.ARM.exidx.text.HAL_TIM_Base_Stop_DMA), (8 bytes).
    Removing stm32f4xx_hal_tim.o(.text.HAL_TIM_OC_Init), (90 bytes).
    Removing stm32f4xx_hal_tim.o(.ARM.exidx.text.HAL_TIM_OC_Init), (8 bytes).
    Removing stm32f4xx_hal_tim.o(.text.HAL_TIM_OC_MspInit), (2 bytes).
    Removing stm32f4xx_hal_tim.o(.ARM.exidx.text.HAL_TIM_OC_MspInit), (8 bytes).
    Removing stm32f4xx_hal_tim.o(.text.HAL_TIM_OC_DeInit), (96 bytes).
    Removing stm32f4xx_hal_tim.o(.ARM.exidx.text.HAL_TIM_OC_DeInit), (8 bytes).
    Removing stm32f4xx_hal_tim.o(.text.HAL_TIM_OC_MspDeInit), (2 bytes).
    Removing stm32f4xx_hal_tim.o(.ARM.exidx.text.HAL_TIM_OC_MspDeInit), (8 bytes).
    Removing stm32f4xx_hal_tim.o(.text.HAL_TIM_OC_Start), (274 bytes).
    Removing stm32f4xx_hal_tim.o(.ARM.exidx.text.HAL_TIM_OC_Start), (8 bytes).
    Removing stm32f4xx_hal_tim.o(.text.TIM_CCxChannelCmd), (36 bytes).
    Removing stm32f4xx_hal_tim.o(.ARM.exidx.text.TIM_CCxChannelCmd), (8 bytes).
    Removing stm32f4xx_hal_tim.o(.text.HAL_TIM_OC_Stop), (170 bytes).
    Removing stm32f4xx_hal_tim.o(.ARM.exidx.text.HAL_TIM_OC_Stop), (8 bytes).
    Removing stm32f4xx_hal_tim.o(.text.HAL_TIM_OC_Start_IT), (344 bytes).
    Removing stm32f4xx_hal_tim.o(.ARM.exidx.text.HAL_TIM_OC_Start_IT), (8 bytes).
    Removing stm32f4xx_hal_tim.o(.text.HAL_TIM_OC_Stop_IT), (190 bytes).
    Removing stm32f4xx_hal_tim.o(.ARM.exidx.text.HAL_TIM_OC_Stop_IT), (8 bytes).
    Removing stm32f4xx_hal_tim.o(.text.HAL_TIM_OC_Start_DMA), (638 bytes).
    Removing stm32f4xx_hal_tim.o(.ARM.exidx.text.HAL_TIM_OC_Start_DMA), (8 bytes).
    Removing stm32f4xx_hal_tim.o(.text.TIM_DMADelayPulseCplt), (106 bytes).
    Removing stm32f4xx_hal_tim.o(.ARM.exidx.text.TIM_DMADelayPulseCplt), (8 bytes).
    Removing stm32f4xx_hal_tim.o(.text.TIM_DMADelayPulseHalfCplt), (56 bytes).
    Removing stm32f4xx_hal_tim.o(.ARM.exidx.text.TIM_DMADelayPulseHalfCplt), (8 bytes).
    Removing stm32f4xx_hal_tim.o(.text.HAL_TIM_OC_Stop_DMA), (248 bytes).
    Removing stm32f4xx_hal_tim.o(.ARM.exidx.text.HAL_TIM_OC_Stop_DMA), (8 bytes).
    Removing stm32f4xx_hal_tim.o(.text.HAL_TIM_PWM_Init), (90 bytes).
    Removing stm32f4xx_hal_tim.o(.ARM.exidx.text.HAL_TIM_PWM_Init), (8 bytes).
    Removing stm32f4xx_hal_tim.o(.text.HAL_TIM_PWM_MspInit), (2 bytes).
    Removing stm32f4xx_hal_tim.o(.ARM.exidx.text.HAL_TIM_PWM_MspInit), (8 bytes).
    Removing stm32f4xx_hal_tim.o(.text.HAL_TIM_PWM_DeInit), (96 bytes).
    Removing stm32f4xx_hal_tim.o(.ARM.exidx.text.HAL_TIM_PWM_DeInit), (8 bytes).
    Removing stm32f4xx_hal_tim.o(.text.HAL_TIM_PWM_MspDeInit), (2 bytes).
    Removing stm32f4xx_hal_tim.o(.ARM.exidx.text.HAL_TIM_PWM_MspDeInit), (8 bytes).
    Removing stm32f4xx_hal_tim.o(.text.HAL_TIM_PWM_Start), (274 bytes).
    Removing stm32f4xx_hal_tim.o(.ARM.exidx.text.HAL_TIM_PWM_Start), (8 bytes).
    Removing stm32f4xx_hal_tim.o(.text.HAL_TIM_PWM_Stop), (170 bytes).
    Removing stm32f4xx_hal_tim.o(.ARM.exidx.text.HAL_TIM_PWM_Stop), (8 bytes).
    Removing stm32f4xx_hal_tim.o(.text.HAL_TIM_PWM_Start_IT), (344 bytes).
    Removing stm32f4xx_hal_tim.o(.ARM.exidx.text.HAL_TIM_PWM_Start_IT), (8 bytes).
    Removing stm32f4xx_hal_tim.o(.text.HAL_TIM_PWM_Stop_IT), (190 bytes).
    Removing stm32f4xx_hal_tim.o(.ARM.exidx.text.HAL_TIM_PWM_Stop_IT), (8 bytes).
    Removing stm32f4xx_hal_tim.o(.text.HAL_TIM_PWM_Start_DMA), (638 bytes).
    Removing stm32f4xx_hal_tim.o(.ARM.exidx.text.HAL_TIM_PWM_Start_DMA), (8 bytes).
    Removing stm32f4xx_hal_tim.o(.text.HAL_TIM_PWM_Stop_DMA), (248 bytes).
    Removing stm32f4xx_hal_tim.o(.ARM.exidx.text.HAL_TIM_PWM_Stop_DMA), (8 bytes).
    Removing stm32f4xx_hal_tim.o(.text.HAL_TIM_IC_Init), (90 bytes).
    Removing stm32f4xx_hal_tim.o(.ARM.exidx.text.HAL_TIM_IC_Init), (8 bytes).
    Removing stm32f4xx_hal_tim.o(.text.HAL_TIM_IC_MspInit), (2 bytes).
    Removing stm32f4xx_hal_tim.o(.ARM.exidx.text.HAL_TIM_IC_MspInit), (8 bytes).
    Removing stm32f4xx_hal_tim.o(.text.HAL_TIM_IC_DeInit), (96 bytes).
    Removing stm32f4xx_hal_tim.o(.ARM.exidx.text.HAL_TIM_IC_DeInit), (8 bytes).
    Removing stm32f4xx_hal_tim.o(.text.HAL_TIM_IC_MspDeInit), (2 bytes).
    Removing stm32f4xx_hal_tim.o(.ARM.exidx.text.HAL_TIM_IC_MspDeInit), (8 bytes).
    Removing stm32f4xx_hal_tim.o(.text.HAL_TIM_IC_Start), (300 bytes).
    Removing stm32f4xx_hal_tim.o(.ARM.exidx.text.HAL_TIM_IC_Start), (8 bytes).
    Removing stm32f4xx_hal_tim.o(.text.HAL_TIM_IC_Stop), (126 bytes).
    Removing stm32f4xx_hal_tim.o(.ARM.exidx.text.HAL_TIM_IC_Stop), (8 bytes).
    Removing stm32f4xx_hal_tim.o(.text.HAL_TIM_IC_Start_IT), (364 bytes).
    Removing stm32f4xx_hal_tim.o(.ARM.exidx.text.HAL_TIM_IC_Start_IT), (8 bytes).
    Removing stm32f4xx_hal_tim.o(.text.HAL_TIM_IC_Stop_IT), (158 bytes).
    Removing stm32f4xx_hal_tim.o(.ARM.exidx.text.HAL_TIM_IC_Stop_IT), (8 bytes).
    Removing stm32f4xx_hal_tim.o(.text.HAL_TIM_IC_Start_DMA), (596 bytes).
    Removing stm32f4xx_hal_tim.o(.ARM.exidx.text.HAL_TIM_IC_Start_DMA), (8 bytes).
    Removing stm32f4xx_hal_tim.o(.text.TIM_DMACaptureCplt), (118 bytes).
    Removing stm32f4xx_hal_tim.o(.ARM.exidx.text.TIM_DMACaptureCplt), (8 bytes).
    Removing stm32f4xx_hal_tim.o(.text.TIM_DMACaptureHalfCplt), (56 bytes).
    Removing stm32f4xx_hal_tim.o(.ARM.exidx.text.TIM_DMACaptureHalfCplt), (8 bytes).
    Removing stm32f4xx_hal_tim.o(.text.HAL_TIM_IC_Stop_DMA), (210 bytes).
    Removing stm32f4xx_hal_tim.o(.ARM.exidx.text.HAL_TIM_IC_Stop_DMA), (8 bytes).
    Removing stm32f4xx_hal_tim.o(.text.HAL_TIM_OnePulse_Init), (92 bytes).
    Removing stm32f4xx_hal_tim.o(.ARM.exidx.text.HAL_TIM_OnePulse_Init), (8 bytes).
    Removing stm32f4xx_hal_tim.o(.text.HAL_TIM_OnePulse_MspInit), (2 bytes).
    Removing stm32f4xx_hal_tim.o(.ARM.exidx.text.HAL_TIM_OnePulse_MspInit), (8 bytes).
    Removing stm32f4xx_hal_tim.o(.text.HAL_TIM_OnePulse_DeInit), (80 bytes).
    Removing stm32f4xx_hal_tim.o(.ARM.exidx.text.HAL_TIM_OnePulse_DeInit), (8 bytes).
    Removing stm32f4xx_hal_tim.o(.text.HAL_TIM_OnePulse_MspDeInit), (2 bytes).
    Removing stm32f4xx_hal_tim.o(.ARM.exidx.text.HAL_TIM_OnePulse_MspDeInit), (8 bytes).
    Removing stm32f4xx_hal_tim.o(.text.HAL_TIM_OnePulse_Start), (128 bytes).
    Removing stm32f4xx_hal_tim.o(.ARM.exidx.text.HAL_TIM_OnePulse_Start), (8 bytes).
    Removing stm32f4xx_hal_tim.o(.text.HAL_TIM_OnePulse_Stop), (140 bytes).
    Removing stm32f4xx_hal_tim.o(.ARM.exidx.text.HAL_TIM_OnePulse_Stop), (8 bytes).
    Removing stm32f4xx_hal_tim.o(.text.HAL_TIM_OnePulse_Start_IT), (144 bytes).
    Removing stm32f4xx_hal_tim.o(.ARM.exidx.text.HAL_TIM_OnePulse_Start_IT), (8 bytes).
    Removing stm32f4xx_hal_tim.o(.text.HAL_TIM_OnePulse_Stop_IT), (156 bytes).
    Removing stm32f4xx_hal_tim.o(.ARM.exidx.text.HAL_TIM_OnePulse_Stop_IT), (8 bytes).
    Removing stm32f4xx_hal_tim.o(.text.HAL_TIM_Encoder_Init), (178 bytes).
    Removing stm32f4xx_hal_tim.o(.ARM.exidx.text.HAL_TIM_Encoder_Init), (8 bytes).
    Removing stm32f4xx_hal_tim.o(.text.HAL_TIM_Encoder_MspInit), (2 bytes).
    Removing stm32f4xx_hal_tim.o(.ARM.exidx.text.HAL_TIM_Encoder_MspInit), (8 bytes).
    Removing stm32f4xx_hal_tim.o(.text.HAL_TIM_Encoder_DeInit), (80 bytes).
    Removing stm32f4xx_hal_tim.o(.ARM.exidx.text.HAL_TIM_Encoder_DeInit), (8 bytes).
    Removing stm32f4xx_hal_tim.o(.text.HAL_TIM_Encoder_MspDeInit), (2 bytes).
    Removing stm32f4xx_hal_tim.o(.ARM.exidx.text.HAL_TIM_Encoder_MspDeInit), (8 bytes).
    Removing stm32f4xx_hal_tim.o(.text.HAL_TIM_Encoder_Start), (188 bytes).
    Removing stm32f4xx_hal_tim.o(.ARM.exidx.text.HAL_TIM_Encoder_Start), (8 bytes).
    Removing stm32f4xx_hal_tim.o(.text.HAL_TIM_Encoder_Stop), (150 bytes).
    Removing stm32f4xx_hal_tim.o(.ARM.exidx.text.HAL_TIM_Encoder_Stop), (8 bytes).
    Removing stm32f4xx_hal_tim.o(.text.HAL_TIM_Encoder_Start_IT), (230 bytes).
    Removing stm32f4xx_hal_tim.o(.ARM.exidx.text.HAL_TIM_Encoder_Start_IT), (8 bytes).
    Removing stm32f4xx_hal_tim.o(.text.HAL_TIM_Encoder_Stop_IT), (214 bytes).
    Removing stm32f4xx_hal_tim.o(.ARM.exidx.text.HAL_TIM_Encoder_Stop_IT), (8 bytes).
    Removing stm32f4xx_hal_tim.o(.text.HAL_TIM_Encoder_Start_DMA), (528 bytes).
    Removing stm32f4xx_hal_tim.o(.ARM.exidx.text.HAL_TIM_Encoder_Start_DMA), (8 bytes).
    Removing stm32f4xx_hal_tim.o(.text.HAL_TIM_Encoder_Stop_DMA), (230 bytes).
    Removing stm32f4xx_hal_tim.o(.ARM.exidx.text.HAL_TIM_Encoder_Stop_DMA), (8 bytes).
    Removing stm32f4xx_hal_tim.o(.ARM.exidx.text.HAL_TIM_IRQHandler), (8 bytes).
    Removing stm32f4xx_hal_tim.o(.ARM.exidx.text.HAL_TIM_IC_CaptureCallback), (8 bytes).
    Removing stm32f4xx_hal_tim.o(.ARM.exidx.text.HAL_TIM_OC_DelayElapsedCallback), (8 bytes).
    Removing stm32f4xx_hal_tim.o(.ARM.exidx.text.HAL_TIM_PWM_PulseFinishedCallback), (8 bytes).
    Removing stm32f4xx_hal_tim.o(.text.HAL_TIM_PeriodElapsedCallback), (2 bytes).
    Removing stm32f4xx_hal_tim.o(.ARM.exidx.text.HAL_TIM_PeriodElapsedCallback), (8 bytes).
    Removing stm32f4xx_hal_tim.o(.ARM.exidx.text.HAL_TIM_TriggerCallback), (8 bytes).
    Removing stm32f4xx_hal_tim.o(.text.HAL_TIM_OC_ConfigChannel), (436 bytes).
    Removing stm32f4xx_hal_tim.o(.ARM.exidx.text.HAL_TIM_OC_ConfigChannel), (8 bytes).
    Removing stm32f4xx_hal_tim.o(.text.TIM_OC2_SetConfig), (104 bytes).
    Removing stm32f4xx_hal_tim.o(.ARM.exidx.text.TIM_OC2_SetConfig), (8 bytes).
    Removing stm32f4xx_hal_tim.o(.text.HAL_TIM_IC_ConfigChannel), (450 bytes).
    Removing stm32f4xx_hal_tim.o(.ARM.exidx.text.HAL_TIM_IC_ConfigChannel), (8 bytes).
    Removing stm32f4xx_hal_tim.o(.text.TIM_TI1_SetConfig), (174 bytes).
    Removing stm32f4xx_hal_tim.o(.ARM.exidx.text.TIM_TI1_SetConfig), (8 bytes).
    Removing stm32f4xx_hal_tim.o(.text.HAL_TIM_PWM_ConfigChannel), (546 bytes).
    Removing stm32f4xx_hal_tim.o(.ARM.exidx.text.HAL_TIM_PWM_ConfigChannel), (8 bytes).
    Removing stm32f4xx_hal_tim.o(.text.HAL_TIM_OnePulse_ConfigChannel), (578 bytes).
    Removing stm32f4xx_hal_tim.o(.ARM.exidx.text.HAL_TIM_OnePulse_ConfigChannel), (8 bytes).
    Removing stm32f4xx_hal_tim.o(.text.HAL_TIM_DMABurst_WriteStart), (28 bytes).
    Removing stm32f4xx_hal_tim.o(.ARM.exidx.text.HAL_TIM_DMABurst_WriteStart), (8 bytes).
    Removing stm32f4xx_hal_tim.o(.text.HAL_TIM_DMABurst_MultiWriteStart), (452 bytes).
    Removing stm32f4xx_hal_tim.o(.ARM.exidx.text.HAL_TIM_DMABurst_MultiWriteStart), (8 bytes).
    Removing stm32f4xx_hal_tim.o(.text.TIM_DMATriggerCplt), (20 bytes).
    Removing stm32f4xx_hal_tim.o(.ARM.exidx.text.TIM_DMATriggerCplt), (8 bytes).
    Removing stm32f4xx_hal_tim.o(.text.TIM_DMATriggerHalfCplt), (6 bytes).
    Removing stm32f4xx_hal_tim.o(.ARM.exidx.text.TIM_DMATriggerHalfCplt), (8 bytes).
    Removing stm32f4xx_hal_tim.o(.text.HAL_TIM_DMABurst_WriteStop), (132 bytes).
    Removing stm32f4xx_hal_tim.o(.ARM.exidx.text.HAL_TIM_DMABurst_WriteStop), (8 bytes).
    Removing stm32f4xx_hal_tim.o(.text.HAL_TIM_DMABurst_ReadStart), (28 bytes).
    Removing stm32f4xx_hal_tim.o(.ARM.exidx.text.HAL_TIM_DMABurst_ReadStart), (8 bytes).
    Removing stm32f4xx_hal_tim.o(.text.HAL_TIM_DMABurst_MultiReadStart), (452 bytes).
    Removing stm32f4xx_hal_tim.o(.ARM.exidx.text.HAL_TIM_DMABurst_MultiReadStart), (8 bytes).
    Removing stm32f4xx_hal_tim.o(.text.HAL_TIM_DMABurst_ReadStop), (132 bytes).
    Removing stm32f4xx_hal_tim.o(.ARM.exidx.text.HAL_TIM_DMABurst_ReadStop), (8 bytes).
    Removing stm32f4xx_hal_tim.o(.text.HAL_TIM_GenerateEvent), (36 bytes).
    Removing stm32f4xx_hal_tim.o(.ARM.exidx.text.HAL_TIM_GenerateEvent), (8 bytes).
    Removing stm32f4xx_hal_tim.o(.text.HAL_TIM_ConfigOCrefClear), (212 bytes).
    Removing stm32f4xx_hal_tim.o(.ARM.exidx.text.HAL_TIM_ConfigOCrefClear), (8 bytes).
    Removing stm32f4xx_hal_tim.o(.text.TIM_ETR_SetConfig), (22 bytes).
    Removing stm32f4xx_hal_tim.o(.ARM.exidx.text.TIM_ETR_SetConfig), (8 bytes).
    Removing stm32f4xx_hal_tim.o(.text.HAL_TIM_ConfigClockSource), (412 bytes).
    Removing stm32f4xx_hal_tim.o(.ARM.exidx.text.HAL_TIM_ConfigClockSource), (8 bytes).
    Removing stm32f4xx_hal_tim.o(.text.HAL_TIM_ConfigTI1Input), (16 bytes).
    Removing stm32f4xx_hal_tim.o(.ARM.exidx.text.HAL_TIM_ConfigTI1Input), (8 bytes).
    Removing stm32f4xx_hal_tim.o(.text.HAL_TIM_SlaveConfigSynchro), (88 bytes).
    Removing stm32f4xx_hal_tim.o(.ARM.exidx.text.HAL_TIM_SlaveConfigSynchro), (8 bytes).
    Removing stm32f4xx_hal_tim.o(.text.TIM_SlaveTimer_SetConfig), (250 bytes).
    Removing stm32f4xx_hal_tim.o(.ARM.exidx.text.TIM_SlaveTimer_SetConfig), (8 bytes).
    Removing stm32f4xx_hal_tim.o(.text.HAL_TIM_SlaveConfigSynchro_IT), (88 bytes).
    Removing stm32f4xx_hal_tim.o(.ARM.exidx.text.HAL_TIM_SlaveConfigSynchro_IT), (8 bytes).
    Removing stm32f4xx_hal_tim.o(.text.HAL_TIM_ReadCapturedValue), (52 bytes).
    Removing stm32f4xx_hal_tim.o(.ARM.exidx.text.HAL_TIM_ReadCapturedValue), (8 bytes).
    Removing stm32f4xx_hal_tim.o(.text.HAL_TIM_PeriodElapsedHalfCpltCallback), (2 bytes).
    Removing stm32f4xx_hal_tim.o(.ARM.exidx.text.HAL_TIM_PeriodElapsedHalfCpltCallback), (8 bytes).
    Removing stm32f4xx_hal_tim.o(.text.HAL_TIM_IC_CaptureHalfCpltCallback), (2 bytes).
    Removing stm32f4xx_hal_tim.o(.ARM.exidx.text.HAL_TIM_IC_CaptureHalfCpltCallback), (8 bytes).
    Removing stm32f4xx_hal_tim.o(.text.HAL_TIM_PWM_PulseFinishedHalfCpltCallback), (2 bytes).
    Removing stm32f4xx_hal_tim.o(.ARM.exidx.text.HAL_TIM_PWM_PulseFinishedHalfCpltCallback), (8 bytes).
    Removing stm32f4xx_hal_tim.o(.text.HAL_TIM_TriggerHalfCpltCallback), (2 bytes).
    Removing stm32f4xx_hal_tim.o(.ARM.exidx.text.HAL_TIM_TriggerHalfCpltCallback), (8 bytes).
    Removing stm32f4xx_hal_tim.o(.text.HAL_TIM_ErrorCallback), (2 bytes).
    Removing stm32f4xx_hal_tim.o(.ARM.exidx.text.HAL_TIM_ErrorCallback), (8 bytes).
    Removing stm32f4xx_hal_tim.o(.text.HAL_TIM_Base_GetState), (6 bytes).
    Removing stm32f4xx_hal_tim.o(.ARM.exidx.text.HAL_TIM_Base_GetState), (8 bytes).
    Removing stm32f4xx_hal_tim.o(.text.HAL_TIM_OC_GetState), (6 bytes).
    Removing stm32f4xx_hal_tim.o(.ARM.exidx.text.HAL_TIM_OC_GetState), (8 bytes).
    Removing stm32f4xx_hal_tim.o(.text.HAL_TIM_PWM_GetState), (6 bytes).
    Removing stm32f4xx_hal_tim.o(.ARM.exidx.text.HAL_TIM_PWM_GetState), (8 bytes).
    Removing stm32f4xx_hal_tim.o(.text.HAL_TIM_IC_GetState), (6 bytes).
    Removing stm32f4xx_hal_tim.o(.ARM.exidx.text.HAL_TIM_IC_GetState), (8 bytes).
    Removing stm32f4xx_hal_tim.o(.text.HAL_TIM_OnePulse_GetState), (6 bytes).
    Removing stm32f4xx_hal_tim.o(.ARM.exidx.text.HAL_TIM_OnePulse_GetState), (8 bytes).
    Removing stm32f4xx_hal_tim.o(.text.HAL_TIM_Encoder_GetState), (6 bytes).
    Removing stm32f4xx_hal_tim.o(.ARM.exidx.text.HAL_TIM_Encoder_GetState), (8 bytes).
    Removing stm32f4xx_hal_tim.o(.text.HAL_TIM_GetActiveChannel), (4 bytes).
    Removing stm32f4xx_hal_tim.o(.ARM.exidx.text.HAL_TIM_GetActiveChannel), (8 bytes).
    Removing stm32f4xx_hal_tim.o(.text.HAL_TIM_GetChannelState), (34 bytes).
    Removing stm32f4xx_hal_tim.o(.ARM.exidx.text.HAL_TIM_GetChannelState), (8 bytes).
    Removing stm32f4xx_hal_tim.o(.text.HAL_TIM_DMABurstState), (6 bytes).
    Removing stm32f4xx_hal_tim.o(.ARM.exidx.text.HAL_TIM_DMABurstState), (8 bytes).
    Removing stm32f4xx_hal_tim.o(.rodata.cst16), (32 bytes).
    Removing stm32f4xx_hal_tim_ex.o(.text), (0 bytes).
    Removing stm32f4xx_hal_tim_ex.o(.text.HAL_TIMEx_HallSensor_Init), (200 bytes).
    Removing stm32f4xx_hal_tim_ex.o(.ARM.exidx.text.HAL_TIMEx_HallSensor_Init), (8 bytes).
    Removing stm32f4xx_hal_tim_ex.o(.text.HAL_TIMEx_HallSensor_MspInit), (2 bytes).
    Removing stm32f4xx_hal_tim_ex.o(.ARM.exidx.text.HAL_TIMEx_HallSensor_MspInit), (8 bytes).
    Removing stm32f4xx_hal_tim_ex.o(.text.HAL_TIMEx_HallSensor_DeInit), (80 bytes).
    Removing stm32f4xx_hal_tim_ex.o(.ARM.exidx.text.HAL_TIMEx_HallSensor_DeInit), (8 bytes).
    Removing stm32f4xx_hal_tim_ex.o(.text.HAL_TIMEx_HallSensor_MspDeInit), (2 bytes).
    Removing stm32f4xx_hal_tim_ex.o(.ARM.exidx.text.HAL_TIMEx_HallSensor_MspDeInit), (8 bytes).
    Removing stm32f4xx_hal_tim_ex.o(.text.HAL_TIMEx_HallSensor_Start), (218 bytes).
    Removing stm32f4xx_hal_tim_ex.o(.ARM.exidx.text.HAL_TIMEx_HallSensor_Start), (8 bytes).
    Removing stm32f4xx_hal_tim_ex.o(.text.HAL_TIMEx_HallSensor_Stop), (66 bytes).
    Removing stm32f4xx_hal_tim_ex.o(.ARM.exidx.text.HAL_TIMEx_HallSensor_Stop), (8 bytes).
    Removing stm32f4xx_hal_tim_ex.o(.text.HAL_TIMEx_HallSensor_Start_IT), (226 bytes).
    Removing stm32f4xx_hal_tim_ex.o(.ARM.exidx.text.HAL_TIMEx_HallSensor_Start_IT), (8 bytes).
    Removing stm32f4xx_hal_tim_ex.o(.text.HAL_TIMEx_HallSensor_Stop_IT), (74 bytes).
    Removing stm32f4xx_hal_tim_ex.o(.ARM.exidx.text.HAL_TIMEx_HallSensor_Stop_IT), (8 bytes).
    Removing stm32f4xx_hal_tim_ex.o(.text.HAL_TIMEx_HallSensor_Start_DMA), (304 bytes).
    Removing stm32f4xx_hal_tim_ex.o(.ARM.exidx.text.HAL_TIMEx_HallSensor_Start_DMA), (8 bytes).
    Removing stm32f4xx_hal_tim_ex.o(.text.HAL_TIMEx_HallSensor_Stop_DMA), (74 bytes).
    Removing stm32f4xx_hal_tim_ex.o(.ARM.exidx.text.HAL_TIMEx_HallSensor_Stop_DMA), (8 bytes).
    Removing stm32f4xx_hal_tim_ex.o(.text.HAL_TIMEx_OCN_Start), (258 bytes).
    Removing stm32f4xx_hal_tim_ex.o(.ARM.exidx.text.HAL_TIMEx_OCN_Start), (8 bytes).
    Removing stm32f4xx_hal_tim_ex.o(.text.HAL_TIMEx_OCN_Stop), (146 bytes).
    Removing stm32f4xx_hal_tim_ex.o(.ARM.exidx.text.HAL_TIMEx_OCN_Stop), (8 bytes).
    Removing stm32f4xx_hal_tim_ex.o(.text.HAL_TIMEx_OCN_Start_IT), (274 bytes).
    Removing stm32f4xx_hal_tim_ex.o(.ARM.exidx.text.HAL_TIMEx_OCN_Start_IT), (8 bytes).
    Removing stm32f4xx_hal_tim_ex.o(.text.HAL_TIMEx_OCN_Stop_IT), (230 bytes).
    Removing stm32f4xx_hal_tim_ex.o(.ARM.exidx.text.HAL_TIMEx_OCN_Stop_IT), (8 bytes).
    Removing stm32f4xx_hal_tim_ex.o(.text.HAL_TIMEx_OCN_Start_DMA), (522 bytes).
    Removing stm32f4xx_hal_tim_ex.o(.ARM.exidx.text.HAL_TIMEx_OCN_Start_DMA), (8 bytes).
    Removing stm32f4xx_hal_tim_ex.o(.text.TIM_DMADelayPulseNCplt), (106 bytes).
    Removing stm32f4xx_hal_tim_ex.o(.ARM.exidx.text.TIM_DMADelayPulseNCplt), (8 bytes).
    Removing stm32f4xx_hal_tim_ex.o(.text.TIM_DMAErrorCCxN), (70 bytes).
    Removing stm32f4xx_hal_tim_ex.o(.ARM.exidx.text.TIM_DMAErrorCCxN), (8 bytes).
    Removing stm32f4xx_hal_tim_ex.o(.text.HAL_TIMEx_OCN_Stop_DMA), (192 bytes).
    Removing stm32f4xx_hal_tim_ex.o(.ARM.exidx.text.HAL_TIMEx_OCN_Stop_DMA), (8 bytes).
    Removing stm32f4xx_hal_tim_ex.o(.text.HAL_TIMEx_PWMN_Start), (258 bytes).
    Removing stm32f4xx_hal_tim_ex.o(.ARM.exidx.text.HAL_TIMEx_PWMN_Start), (8 bytes).
    Removing stm32f4xx_hal_tim_ex.o(.text.HAL_TIMEx_PWMN_Stop), (146 bytes).
    Removing stm32f4xx_hal_tim_ex.o(.ARM.exidx.text.HAL_TIMEx_PWMN_Stop), (8 bytes).
    Removing stm32f4xx_hal_tim_ex.o(.text.HAL_TIMEx_PWMN_Start_IT), (274 bytes).
    Removing stm32f4xx_hal_tim_ex.o(.ARM.exidx.text.HAL_TIMEx_PWMN_Start_IT), (8 bytes).
    Removing stm32f4xx_hal_tim_ex.o(.text.HAL_TIMEx_PWMN_Stop_IT), (230 bytes).
    Removing stm32f4xx_hal_tim_ex.o(.ARM.exidx.text.HAL_TIMEx_PWMN_Stop_IT), (8 bytes).
    Removing stm32f4xx_hal_tim_ex.o(.text.HAL_TIMEx_PWMN_Start_DMA), (522 bytes).
    Removing stm32f4xx_hal_tim_ex.o(.ARM.exidx.text.HAL_TIMEx_PWMN_Start_DMA), (8 bytes).
    Removing stm32f4xx_hal_tim_ex.o(.text.HAL_TIMEx_PWMN_Stop_DMA), (192 bytes).
    Removing stm32f4xx_hal_tim_ex.o(.ARM.exidx.text.HAL_TIMEx_PWMN_Stop_DMA), (8 bytes).
    Removing stm32f4xx_hal_tim_ex.o(.text.HAL_TIMEx_OnePulseN_Start), (120 bytes).
    Removing stm32f4xx_hal_tim_ex.o(.ARM.exidx.text.HAL_TIMEx_OnePulseN_Start), (8 bytes).
    Removing stm32f4xx_hal_tim_ex.o(.text.HAL_TIMEx_OnePulseN_Stop), (128 bytes).
    Removing stm32f4xx_hal_tim_ex.o(.ARM.exidx.text.HAL_TIMEx_OnePulseN_Stop), (8 bytes).
    Removing stm32f4xx_hal_tim_ex.o(.text.HAL_TIMEx_OnePulseN_Start_IT), (136 bytes).
    Removing stm32f4xx_hal_tim_ex.o(.ARM.exidx.text.HAL_TIMEx_OnePulseN_Start_IT), (8 bytes).
    Removing stm32f4xx_hal_tim_ex.o(.text.HAL_TIMEx_OnePulseN_Stop_IT), (144 bytes).
    Removing stm32f4xx_hal_tim_ex.o(.ARM.exidx.text.HAL_TIMEx_OnePulseN_Stop_IT), (8 bytes).
    Removing stm32f4xx_hal_tim_ex.o(.text.HAL_TIMEx_ConfigCommutEvent), (118 bytes).
    Removing stm32f4xx_hal_tim_ex.o(.ARM.exidx.text.HAL_TIMEx_ConfigCommutEvent), (8 bytes).
    Removing stm32f4xx_hal_tim_ex.o(.text.HAL_TIMEx_ConfigCommutEvent_IT), (118 bytes).
    Removing stm32f4xx_hal_tim_ex.o(.ARM.exidx.text.HAL_TIMEx_ConfigCommutEvent_IT), (8 bytes).
    Removing stm32f4xx_hal_tim_ex.o(.text.HAL_TIMEx_ConfigCommutEvent_DMA), (154 bytes).
    Removing stm32f4xx_hal_tim_ex.o(.ARM.exidx.text.HAL_TIMEx_ConfigCommutEvent_DMA), (8 bytes).
    Removing stm32f4xx_hal_tim_ex.o(.text.TIMEx_DMACommutationCplt), (12 bytes).
    Removing stm32f4xx_hal_tim_ex.o(.ARM.exidx.text.TIMEx_DMACommutationCplt), (8 bytes).
    Removing stm32f4xx_hal_tim_ex.o(.text.TIMEx_DMACommutationHalfCplt), (12 bytes).
    Removing stm32f4xx_hal_tim_ex.o(.ARM.exidx.text.TIMEx_DMACommutationHalfCplt), (8 bytes).
    Removing stm32f4xx_hal_tim_ex.o(.text.HAL_TIMEx_MasterConfigSynchronization), (182 bytes).
    Removing stm32f4xx_hal_tim_ex.o(.ARM.exidx.text.HAL_TIMEx_MasterConfigSynchronization), (8 bytes).
    Removing stm32f4xx_hal_tim_ex.o(.text.HAL_TIMEx_ConfigBreakDeadTime), (76 bytes).
    Removing stm32f4xx_hal_tim_ex.o(.ARM.exidx.text.HAL_TIMEx_ConfigBreakDeadTime), (8 bytes).
    Removing stm32f4xx_hal_tim_ex.o(.text.HAL_TIMEx_RemapConfig), (26 bytes).
    Removing stm32f4xx_hal_tim_ex.o(.ARM.exidx.text.HAL_TIMEx_RemapConfig), (8 bytes).
    Removing stm32f4xx_hal_tim_ex.o(.ARM.exidx.text.HAL_TIMEx_CommutCallback), (8 bytes).
    Removing stm32f4xx_hal_tim_ex.o(.text.HAL_TIMEx_CommutHalfCpltCallback), (2 bytes).
    Removing stm32f4xx_hal_tim_ex.o(.ARM.exidx.text.HAL_TIMEx_CommutHalfCpltCallback), (8 bytes).
    Removing stm32f4xx_hal_tim_ex.o(.ARM.exidx.text.HAL_TIMEx_BreakCallback), (8 bytes).
    Removing stm32f4xx_hal_tim_ex.o(.text.HAL_TIMEx_HallSensor_GetState), (6 bytes).
    Removing stm32f4xx_hal_tim_ex.o(.ARM.exidx.text.HAL_TIMEx_HallSensor_GetState), (8 bytes).
    Removing stm32f4xx_hal_tim_ex.o(.text.HAL_TIMEx_GetChannelNState), (34 bytes).
    Removing stm32f4xx_hal_tim_ex.o(.ARM.exidx.text.HAL_TIMEx_GetChannelNState), (8 bytes).
    Removing system_stm32f4xx.o(.text), (0 bytes).
    Removing system_stm32f4xx.o(.ARM.exidx.text.SystemInit), (8 bytes).
    Removing system_stm32f4xx.o(.text.SystemCoreClockUpdate), (134 bytes).
    Removing system_stm32f4xx.o(.ARM.exidx.text.SystemCoreClockUpdate), (8 bytes).
    Removing croutine.o(.text), (0 bytes).
    Removing event_groups.o(.text), (0 bytes).
    Removing event_groups.o(.text.xEventGroupCreateStatic), (78 bytes).
    Removing event_groups.o(.ARM.exidx.text.xEventGroupCreateStatic), (8 bytes).
    Removing event_groups.o(.text.xEventGroupCreate), (28 bytes).
    Removing event_groups.o(.ARM.exidx.text.xEventGroupCreate), (8 bytes).
    Removing event_groups.o(.text.xEventGroupSync), (384 bytes).
    Removing event_groups.o(.ARM.exidx.text.xEventGroupSync), (8 bytes).
    Removing event_groups.o(.text.xEventGroupSetBits), (148 bytes).
    Removing event_groups.o(.ARM.exidx.text.xEventGroupSetBits), (8 bytes).
    Removing event_groups.o(.text.xEventGroupWaitBits), (304 bytes).
    Removing event_groups.o(.ARM.exidx.text.xEventGroupWaitBits), (8 bytes).
    Removing event_groups.o(.text.xEventGroupClearBits), (74 bytes).
    Removing event_groups.o(.ARM.exidx.text.xEventGroupClearBits), (8 bytes).
    Removing event_groups.o(.text.xEventGroupGetBitsFromISR), (28 bytes).
    Removing event_groups.o(.ARM.exidx.text.xEventGroupGetBitsFromISR), (8 bytes).
    Removing event_groups.o(.text.vEventGroupDelete), (82 bytes).
    Removing event_groups.o(.ARM.exidx.text.vEventGroupDelete), (8 bytes).
    Removing event_groups.o(.text.vEventGroupSetBitsCallback), (4 bytes).
    Removing event_groups.o(.ARM.exidx.text.vEventGroupSetBitsCallback), (8 bytes).
    Removing event_groups.o(.text.vEventGroupClearBitsCallback), (72 bytes).
    Removing event_groups.o(.ARM.exidx.text.vEventGroupClearBitsCallback), (8 bytes).
    Removing list.o(.text), (0 bytes).
    Removing list.o(.ARM.exidx.text.vListInitialise), (8 bytes).
    Removing list.o(.ARM.exidx.text.vListInitialiseItem), (8 bytes).
    Removing list.o(.ARM.exidx.text.vListInsertEnd), (8 bytes).
    Removing list.o(.ARM.exidx.text.vListInsert), (8 bytes).
    Removing list.o(.ARM.exidx.text.uxListRemove), (8 bytes).
    Removing queue.o(.text), (0 bytes).
    Removing queue.o(.text.xQueueGenericReset), (140 bytes).
    Removing queue.o(.ARM.exidx.text.xQueueGenericReset), (8 bytes).
    Removing queue.o(.ARM.exidx.text.xQueueGenericCreateStatic), (8 bytes).
    Removing queue.o(.ARM.exidx.text.xQueueGenericCreate), (8 bytes).
    Removing queue.o(.ARM.exidx.text.xQueueCreateMutex), (8 bytes).
    Removing queue.o(.ARM.exidx.text.xQueueCreateMutexStatic), (8 bytes).
    Removing queue.o(.ARM.exidx.text.xQueueGenericSend), (8 bytes).
    Removing queue.o(.ARM.exidx.text.prvUnlockQueue), (8 bytes).
    Removing queue.o(.ARM.exidx.text.xQueueGenericSendFromISR), (8 bytes).
    Removing queue.o(.ARM.exidx.text.xQueueGiveFromISR), (8 bytes).
    Removing queue.o(.ARM.exidx.text.xQueueReceive), (8 bytes).
    Removing queue.o(.ARM.exidx.text.xQueueSemaphoreTake), (8 bytes).
    Removing queue.o(.text.xQueuePeek), (418 bytes).
    Removing queue.o(.ARM.exidx.text.xQueuePeek), (8 bytes).
    Removing queue.o(.ARM.exidx.text.xQueueReceiveFromISR), (8 bytes).
    Removing queue.o(.text.xQueuePeekFromISR), (162 bytes).
    Removing queue.o(.ARM.exidx.text.xQueuePeekFromISR), (8 bytes).
    Removing queue.o(.ARM.exidx.text.uxQueueMessagesWaiting), (8 bytes).
    Removing queue.o(.text.uxQueueSpacesAvailable), (42 bytes).
    Removing queue.o(.ARM.exidx.text.uxQueueSpacesAvailable), (8 bytes).
    Removing queue.o(.ARM.exidx.text.uxQueueMessagesWaitingFromISR), (8 bytes).
    Removing queue.o(.ARM.exidx.text.vQueueDelete), (8 bytes).
    Removing queue.o(.text.vQueueUnregisterQueue), (192 bytes).
    Removing queue.o(.ARM.exidx.text.vQueueUnregisterQueue), (8 bytes).
    Removing queue.o(.text.xQueueIsQueueEmptyFromISR), (30 bytes).
    Removing queue.o(.ARM.exidx.text.xQueueIsQueueEmptyFromISR), (8 bytes).
    Removing queue.o(.text.xQueueIsQueueFullFromISR), (34 bytes).
    Removing queue.o(.ARM.exidx.text.xQueueIsQueueFullFromISR), (8 bytes).
    Removing queue.o(.text.vQueueAddToRegistry), (176 bytes).
    Removing queue.o(.ARM.exidx.text.vQueueAddToRegistry), (8 bytes).
    Removing queue.o(.text.pcQueueGetName), (124 bytes).
    Removing queue.o(.ARM.exidx.text.pcQueueGetName), (8 bytes).
    Removing stream_buffer.o(.text), (0 bytes).
    Removing stream_buffer.o(.text.xStreamBufferGenericCreate), (158 bytes).
    Removing stream_buffer.o(.ARM.exidx.text.xStreamBufferGenericCreate), (8 bytes).
    Removing stream_buffer.o(.text.xStreamBufferGenericCreateStatic), (194 bytes).
    Removing stream_buffer.o(.ARM.exidx.text.xStreamBufferGenericCreateStatic), (8 bytes).
    Removing stream_buffer.o(.text.vStreamBufferDelete), (50 bytes).
    Removing stream_buffer.o(.ARM.exidx.text.vStreamBufferDelete), (8 bytes).
    Removing stream_buffer.o(.text.xStreamBufferReset), (114 bytes).
    Removing stream_buffer.o(.ARM.exidx.text.xStreamBufferReset), (8 bytes).
    Removing stream_buffer.o(.text.xStreamBufferSetTriggerLevel), (42 bytes).
    Removing stream_buffer.o(.ARM.exidx.text.xStreamBufferSetTriggerLevel), (8 bytes).
    Removing stream_buffer.o(.text.xStreamBufferSpacesAvailable), (42 bytes).
    Removing stream_buffer.o(.ARM.exidx.text.xStreamBufferSpacesAvailable), (8 bytes).
    Removing stream_buffer.o(.text.xStreamBufferBytesAvailable), (38 bytes).
    Removing stream_buffer.o(.ARM.exidx.text.xStreamBufferBytesAvailable), (8 bytes).
    Removing stream_buffer.o(.text.xStreamBufferSend), (318 bytes).
    Removing stream_buffer.o(.ARM.exidx.text.xStreamBufferSend), (8 bytes).
    Removing stream_buffer.o(.text.prvWriteMessageToBuffer), (322 bytes).
    Removing stream_buffer.o(.ARM.exidx.text.prvWriteMessageToBuffer), (8 bytes).
    Removing stream_buffer.o(.text.xStreamBufferSendFromISR), (170 bytes).
    Removing stream_buffer.o(.ARM.exidx.text.xStreamBufferSendFromISR), (8 bytes).
    Removing stream_buffer.o(.text.xStreamBufferReceive), (270 bytes).
    Removing stream_buffer.o(.ARM.exidx.text.xStreamBufferReceive), (8 bytes).
    Removing stream_buffer.o(.text.prvReadMessageFromBuffer), (348 bytes).
    Removing stream_buffer.o(.ARM.exidx.text.prvReadMessageFromBuffer), (8 bytes).
    Removing stream_buffer.o(.text.xStreamBufferNextMessageLengthBytes), (200 bytes).
    Removing stream_buffer.o(.ARM.exidx.text.xStreamBufferNextMessageLengthBytes), (8 bytes).
    Removing stream_buffer.o(.text.xStreamBufferReceiveFromISR), (154 bytes).
    Removing stream_buffer.o(.ARM.exidx.text.xStreamBufferReceiveFromISR), (8 bytes).
    Removing stream_buffer.o(.text.xStreamBufferIsEmpty), (34 bytes).
    Removing stream_buffer.o(.ARM.exidx.text.xStreamBufferIsEmpty), (8 bytes).
    Removing stream_buffer.o(.text.xStreamBufferIsFull), (58 bytes).
    Removing stream_buffer.o(.ARM.exidx.text.xStreamBufferIsFull), (8 bytes).
    Removing stream_buffer.o(.text.xStreamBufferSendCompletedFromISR), (86 bytes).
    Removing stream_buffer.o(.ARM.exidx.text.xStreamBufferSendCompletedFromISR), (8 bytes).
    Removing stream_buffer.o(.text.xStreamBufferReceiveCompletedFromISR), (86 bytes).
    Removing stream_buffer.o(.ARM.exidx.text.xStreamBufferReceiveCompletedFromISR), (8 bytes).
    Removing tasks.o(.text), (0 bytes).
    Removing tasks.o(.ARM.exidx.text.xTaskCreateStatic), (8 bytes).
    Removing tasks.o(.ARM.exidx.text.prvInitialiseNewTask), (8 bytes).
    Removing tasks.o(.ARM.exidx.text.prvAddNewTaskToReadyList), (8 bytes).
    Removing tasks.o(.ARM.exidx.text.xTaskCreate), (8 bytes).
    Removing tasks.o(.text.vTaskDelete), (262 bytes).
    Removing tasks.o(.ARM.exidx.text.vTaskDelete), (8 bytes).
    Removing tasks.o(.ARM.exidx.text.vTaskDelay), (8 bytes).
    Removing tasks.o(.ARM.exidx.text.vTaskSuspendAll), (8 bytes).
    Removing tasks.o(.ARM.exidx.text.prvAddCurrentTaskToDelayedList), (8 bytes).
    Removing tasks.o(.ARM.exidx.text.xTaskResumeAll), (8 bytes).
    Removing tasks.o(.text.uxTaskPriorityGet), (40 bytes).
    Removing tasks.o(.ARM.exidx.text.uxTaskPriorityGet), (8 bytes).
    Removing tasks.o(.text.uxTaskPriorityGetFromISR), (58 bytes).
    Removing tasks.o(.ARM.exidx.text.uxTaskPriorityGetFromISR), (8 bytes).
    Removing tasks.o(.text.vTaskPrioritySet), (258 bytes).
    Removing tasks.o(.ARM.exidx.text.vTaskPrioritySet), (8 bytes).
    Removing tasks.o(.text.vTaskSuspend), (314 bytes).
    Removing tasks.o(.ARM.exidx.text.vTaskSuspend), (8 bytes).
    Removing tasks.o(.ARM.exidx.text.vTaskSwitchContext), (8 bytes).
    Removing tasks.o(.text.vTaskResume), (152 bytes).
    Removing tasks.o(.ARM.exidx.text.vTaskResume), (8 bytes).
    Removing tasks.o(.text.xTaskResumeFromISR), (196 bytes).
    Removing tasks.o(.ARM.exidx.text.xTaskResumeFromISR), (8 bytes).
    Removing tasks.o(.ARM.exidx.text.vTaskStartScheduler), (8 bytes).
    Removing tasks.o(.ARM.exidx.text.prvIdleTask), (8 bytes).
    Removing tasks.o(.text.vTaskEndScheduler), (32 bytes).
    Removing tasks.o(.ARM.exidx.text.vTaskEndScheduler), (8 bytes).
    Removing tasks.o(.ARM.exidx.text.xTaskIncrementTick), (8 bytes).
    Removing tasks.o(.ARM.exidx.text.xTaskGetTickCount), (8 bytes).
    Removing tasks.o(.ARM.exidx.text.xTaskGetTickCountFromISR), (8 bytes).
    Removing tasks.o(.text.uxTaskGetNumberOfTasks), (12 bytes).
    Removing tasks.o(.ARM.exidx.text.uxTaskGetNumberOfTasks), (8 bytes).
    Removing tasks.o(.text.pcTaskGetName), (38 bytes).
    Removing tasks.o(.ARM.exidx.text.pcTaskGetName), (8 bytes).
    Removing tasks.o(.text.xTaskCatchUpTicks), (48 bytes).
    Removing tasks.o(.ARM.exidx.text.xTaskCatchUpTicks), (8 bytes).
    Removing tasks.o(.ARM.exidx.text.vTaskPlaceOnEventList), (8 bytes).
    Removing tasks.o(.text.vTaskPlaceOnUnorderedEventList), (86 bytes).
    Removing tasks.o(.ARM.exidx.text.vTaskPlaceOnUnorderedEventList), (8 bytes).
    Removing tasks.o(.ARM.exidx.text.xTaskRemoveFromEventList), (8 bytes).
    Removing tasks.o(.text.vTaskRemoveFromUnorderedEventList), (130 bytes).
    Removing tasks.o(.ARM.exidx.text.vTaskRemoveFromUnorderedEventList), (8 bytes).
    Removing tasks.o(.text.vTaskSetTimeOutState), (54 bytes).
    Removing tasks.o(.ARM.exidx.text.vTaskSetTimeOutState), (8 bytes).
    Removing tasks.o(.ARM.exidx.text.vTaskInternalSetTimeOutState), (8 bytes).
    Removing tasks.o(.ARM.exidx.text.xTaskCheckForTimeOut), (8 bytes).
    Removing tasks.o(.ARM.exidx.text.vTaskMissedYield), (8 bytes).
    Removing tasks.o(.text.xTaskGetCurrentTaskHandle), (12 bytes).
    Removing tasks.o(.ARM.exidx.text.xTaskGetCurrentTaskHandle), (8 bytes).
    Removing tasks.o(.ARM.exidx.text.xTaskGetSchedulerState), (8 bytes).
    Removing tasks.o(.ARM.exidx.text.xTaskPriorityInherit), (8 bytes).
    Removing tasks.o(.ARM.exidx.text.xTaskPriorityDisinherit), (8 bytes).
    Removing tasks.o(.ARM.exidx.text.vTaskPriorityDisinheritAfterTimeout), (8 bytes).
    Removing tasks.o(.text.uxTaskResetEventItemValue), (26 bytes).
    Removing tasks.o(.ARM.exidx.text.uxTaskResetEventItemValue), (8 bytes).
    Removing tasks.o(.ARM.exidx.text.pvTaskIncrementMutexHeldCount), (8 bytes).
    Removing tasks.o(.text.ulTaskNotifyTake), (106 bytes).
    Removing tasks.o(.ARM.exidx.text.ulTaskNotifyTake), (8 bytes).
    Removing tasks.o(.text.xTaskNotifyWait), (144 bytes).
    Removing tasks.o(.ARM.exidx.text.xTaskNotifyWait), (8 bytes).
    Removing tasks.o(.text.xTaskGenericNotify), (292 bytes).
    Removing tasks.o(.ARM.exidx.text.xTaskGenericNotify), (8 bytes).
    Removing tasks.o(.text.xTaskGenericNotifyFromISR), (314 bytes).
    Removing tasks.o(.ARM.exidx.text.xTaskGenericNotifyFromISR), (8 bytes).
    Removing tasks.o(.text.vTaskNotifyGiveFromISR), (198 bytes).
    Removing tasks.o(.ARM.exidx.text.vTaskNotifyGiveFromISR), (8 bytes).
    Removing tasks.o(.text.xTaskNotifyStateClear), (44 bytes).
    Removing tasks.o(.ARM.exidx.text.xTaskNotifyStateClear), (8 bytes).
    Removing tasks.o(.text.ulTaskNotifyValueClear), (42 bytes).
    Removing tasks.o(.ARM.exidx.text.ulTaskNotifyValueClear), (8 bytes).
    Removing timers.o(.text), (0 bytes).
    Removing cmsis_os.o(.text), (0 bytes).
    Removing cmsis_os.o(.ARM.exidx.text.osKernelStart), (8 bytes).
    Removing cmsis_os.o(.text.osKernelRunning), (14 bytes).
    Removing cmsis_os.o(.ARM.exidx.text.osKernelRunning), (8 bytes).
    Removing cmsis_os.o(.ARM.exidx.text.osKernelSysTick), (8 bytes).
    Removing cmsis_os.o(.ARM.exidx.text.osThreadCreate), (8 bytes).
    Removing cmsis_os.o(.text.osThreadGetId), (4 bytes).
    Removing cmsis_os.o(.ARM.exidx.text.osThreadGetId), (8 bytes).
    Removing cmsis_os.o(.text.osThreadTerminate), (10 bytes).
    Removing cmsis_os.o(.ARM.exidx.text.osThreadTerminate), (8 bytes).
    Removing cmsis_os.o(.text.osThreadYield), (26 bytes).
    Removing cmsis_os.o(.ARM.exidx.text.osThreadYield), (8 bytes).
    Removing cmsis_os.o(.text.osThreadSetPriority), (20 bytes).
    Removing cmsis_os.o(.ARM.exidx.text.osThreadSetPriority), (8 bytes).
    Removing cmsis_os.o(.text.osThreadGetPriority), (32 bytes).
    Removing cmsis_os.o(.ARM.exidx.text.osThreadGetPriority), (8 bytes).
    Removing cmsis_os.o(.ARM.exidx.text.osDelay), (8 bytes).
    Removing cmsis_os.o(.text.osTimerCreate), (4 bytes).
    Removing cmsis_os.o(.ARM.exidx.text.osTimerCreate), (8 bytes).
    Removing cmsis_os.o(.text.osTimerStart), (4 bytes).
    Removing cmsis_os.o(.ARM.exidx.text.osTimerStart), (8 bytes).
    Removing cmsis_os.o(.text.osTimerStop), (4 bytes).
    Removing cmsis_os.o(.ARM.exidx.text.osTimerStop), (8 bytes).
    Removing cmsis_os.o(.text.osTimerDelete), (4 bytes).
    Removing cmsis_os.o(.ARM.exidx.text.osTimerDelete), (8 bytes).
    Removing cmsis_os.o(.text.osSignalSet), (92 bytes).
    Removing cmsis_os.o(.ARM.exidx.text.osSignalSet), (8 bytes).
    Removing cmsis_os.o(.text.osSignalWait), (68 bytes).
    Removing cmsis_os.o(.ARM.exidx.text.osSignalWait), (8 bytes).
    Removing cmsis_os.o(.ARM.exidx.text.osMutexCreate), (8 bytes).
    Removing cmsis_os.o(.ARM.exidx.text.osMutexWait), (8 bytes).
    Removing cmsis_os.o(.ARM.exidx.text.osMutexRelease), (8 bytes).
    Removing cmsis_os.o(.text.osMutexDelete), (22 bytes).
    Removing cmsis_os.o(.ARM.exidx.text.osMutexDelete), (8 bytes).
    Removing cmsis_os.o(.ARM.exidx.text.osSemaphoreCreate), (8 bytes).
    Removing cmsis_os.o(.ARM.exidx.text.osSemaphoreWait), (8 bytes).
    Removing cmsis_os.o(.ARM.exidx.text.osSemaphoreRelease), (8 bytes).
    Removing cmsis_os.o(.ARM.exidx.text.osSemaphoreDelete), (8 bytes).
    Removing cmsis_os.o(.text.osPoolCreate), (142 bytes).
    Removing cmsis_os.o(.ARM.exidx.text.osPoolCreate), (8 bytes).
    Removing cmsis_os.o(.text.osPoolAlloc), (262 bytes).
    Removing cmsis_os.o(.ARM.exidx.text.osPoolAlloc), (8 bytes).
    Removing cmsis_os.o(.text.osPoolCAlloc), (266 bytes).
    Removing cmsis_os.o(.ARM.exidx.text.osPoolCAlloc), (8 bytes).
    Removing cmsis_os.o(.text.osPoolFree), (56 bytes).
    Removing cmsis_os.o(.ARM.exidx.text.osPoolFree), (8 bytes).
    Removing cmsis_os.o(.ARM.exidx.text.osMessageCreate), (8 bytes).
    Removing cmsis_os.o(.ARM.exidx.text.osMessagePut), (8 bytes).
    Removing cmsis_os.o(.ARM.exidx.text.osMessageGet), (8 bytes).
    Removing cmsis_os.o(.text.osMailCreate), (98 bytes).
    Removing cmsis_os.o(.ARM.exidx.text.osMailCreate), (8 bytes).
    Removing cmsis_os.o(.text.osMailAlloc), (278 bytes).
    Removing cmsis_os.o(.ARM.exidx.text.osMailAlloc), (8 bytes).
    Removing cmsis_os.o(.text.osMailCAlloc), (332 bytes).
    Removing cmsis_os.o(.ARM.exidx.text.osMailCAlloc), (8 bytes).
    Removing cmsis_os.o(.text.osMailPut), (98 bytes).
    Removing cmsis_os.o(.ARM.exidx.text.osMailPut), (8 bytes).
    Removing cmsis_os.o(.text.osMailGet), (122 bytes).
    Removing cmsis_os.o(.ARM.exidx.text.osMailGet), (8 bytes).
    Removing cmsis_os.o(.text.osMailFree), (56 bytes).
    Removing cmsis_os.o(.ARM.exidx.text.osMailFree), (8 bytes).
    Removing cmsis_os.o(.text.osSystickHandler), (20 bytes).
    Removing cmsis_os.o(.ARM.exidx.text.osSystickHandler), (8 bytes).
    Removing cmsis_os.o(.text.osThreadSuspend), (10 bytes).
    Removing cmsis_os.o(.ARM.exidx.text.osThreadSuspend), (8 bytes).
    Removing cmsis_os.o(.text.osThreadResume), (52 bytes).
    Removing cmsis_os.o(.ARM.exidx.text.osThreadResume), (8 bytes).
    Removing cmsis_os.o(.text.osThreadSuspendAll), (10 bytes).
    Removing cmsis_os.o(.ARM.exidx.text.osThreadSuspendAll), (8 bytes).
    Removing cmsis_os.o(.text.osThreadResumeAll), (14 bytes).
    Removing cmsis_os.o(.ARM.exidx.text.osThreadResumeAll), (8 bytes).
    Removing cmsis_os.o(.text.osDelayUntil), (4 bytes).
    Removing cmsis_os.o(.ARM.exidx.text.osDelayUntil), (8 bytes).
    Removing cmsis_os.o(.text.osAbortDelay), (4 bytes).
    Removing cmsis_os.o(.ARM.exidx.text.osAbortDelay), (8 bytes).
    Removing cmsis_os.o(.text.osThreadList), (4 bytes).
    Removing cmsis_os.o(.ARM.exidx.text.osThreadList), (8 bytes).
    Removing cmsis_os.o(.text.osMessagePeek), (46 bytes).
    Removing cmsis_os.o(.ARM.exidx.text.osMessagePeek), (8 bytes).
    Removing cmsis_os.o(.ARM.exidx.text.osMessageWaiting), (8 bytes).
    Removing cmsis_os.o(.text.osMessageAvailableSpace), (4 bytes).
    Removing cmsis_os.o(.ARM.exidx.text.osMessageAvailableSpace), (8 bytes).
    Removing cmsis_os.o(.ARM.exidx.text.osMessageDelete), (8 bytes).
    Removing cmsis_os.o(.text.osRecursiveMutexCreate), (4 bytes).
    Removing cmsis_os.o(.ARM.exidx.text.osRecursiveMutexCreate), (8 bytes).
    Removing cmsis_os.o(.text.osRecursiveMutexRelease), (4 bytes).
    Removing cmsis_os.o(.ARM.exidx.text.osRecursiveMutexRelease), (8 bytes).
    Removing cmsis_os.o(.text.osRecursiveMutexWait), (4 bytes).
    Removing cmsis_os.o(.ARM.exidx.text.osRecursiveMutexWait), (8 bytes).
    Removing cmsis_os.o(.text.osSemaphoreGetCount), (4 bytes).
    Removing cmsis_os.o(.ARM.exidx.text.osSemaphoreGetCount), (8 bytes).
    Removing heap_4.o(.text), (0 bytes).
    Removing heap_4.o(.ARM.exidx.text.pvPortMalloc), (8 bytes).
    Removing heap_4.o(.ARM.exidx.text.vPortFree), (8 bytes).
    Removing heap_4.o(.text.xPortGetFreeHeapSize), (12 bytes).
    Removing heap_4.o(.ARM.exidx.text.xPortGetFreeHeapSize), (8 bytes).
    Removing heap_4.o(.text.xPortGetMinimumEverFreeHeapSize), (12 bytes).
    Removing heap_4.o(.ARM.exidx.text.xPortGetMinimumEverFreeHeapSize), (8 bytes).
    Removing heap_4.o(.text.vPortInitialiseBlocks), (2 bytes).
    Removing heap_4.o(.ARM.exidx.text.vPortInitialiseBlocks), (8 bytes).
    Removing heap_4.o(.text.vPortGetHeapStats), (186 bytes).
    Removing heap_4.o(.ARM.exidx.text.vPortGetHeapStats), (8 bytes).
    Removing port.o(.text), (0 bytes).
    Removing port.o(.ARM.exidx.text.pxPortInitialiseStack), (8 bytes).
    Removing port.o(.ARM.exidx.text.prvTaskExitError), (8 bytes).
    Removing port.o(.ARM.exidx.text.SVC_Handler), (8 bytes).
    Removing port.o(.ARM.exidx.text.xPortStartScheduler), (8 bytes).
    Removing port.o(.ARM.exidx.text.vPortSetupTimerInterrupt), (8 bytes).
    Removing port.o(.ARM.exidx.text.vPortEnableVFP), (8 bytes).
    Removing port.o(.ARM.exidx.text.prvPortStartFirstTask), (8 bytes).
    Removing port.o(.text.vPortEndScheduler), (38 bytes).
    Removing port.o(.ARM.exidx.text.vPortEndScheduler), (8 bytes).
    Removing port.o(.ARM.exidx.text.vPortEnterCritical), (8 bytes).
    Removing port.o(.ARM.exidx.text.vPortExitCritical), (8 bytes).
    Removing port.o(.ARM.exidx.text.PendSV_Handler), (8 bytes).
    Removing port.o(.ARM.exidx.text.SysTick_Handler), (8 bytes).
    Removing port.o(.ARM.exidx.text.vPortValidateInterruptPriority), (8 bytes).
    Removing auth.o(.text), (0 bytes).
    Removing ccp.o(.text), (0 bytes).
    Removing chap_ms.o(.text), (0 bytes).
    Removing chap-md5.o(.text), (0 bytes).
    Removing chap-new.o(.text), (0 bytes).
    Removing demand.o(.text), (0 bytes).
    Removing eap.o(.text), (0 bytes).
    Removing eui64.o(.text), (0 bytes).
    Removing fsm.o(.text), (0 bytes).
    Removing ipcp.o(.text), (0 bytes).
    Removing ipv6cp.o(.text), (0 bytes).
    Removing lcp.o(.text), (0 bytes).
    Removing magic.o(.text), (0 bytes).
    Removing mppe.o(.text), (0 bytes).
    Removing multilink.o(.text), (0 bytes).
    Removing ppp.o(.text), (0 bytes).
    Removing pppapi.o(.text), (0 bytes).
    Removing pppcrypt.o(.text), (0 bytes).
    Removing pppoe.o(.text), (0 bytes).
    Removing pppol2tp.o(.text), (0 bytes).
    Removing pppos.o(.text), (0 bytes).
    Removing upap.o(.text), (0 bytes).
    Removing utils.o(.text), (0 bytes).
    Removing vj.o(.text), (0 bytes).
    Removing bridgeif.o(.text), (0 bytes).
    Removing bridgeif_fdb.o(.text), (0 bytes).
    Removing bridgeif_fdb.o(.text.bridgeif_fdb_update_src), (138 bytes).
    Removing bridgeif_fdb.o(.ARM.exidx.text.bridgeif_fdb_update_src), (8 bytes).
    Removing bridgeif_fdb.o(.text.bridgeif_fdb_get_dst_ports), (74 bytes).
    Removing bridgeif_fdb.o(.ARM.exidx.text.bridgeif_fdb_get_dst_ports), (8 bytes).
    Removing bridgeif_fdb.o(.text.bridgeif_fdb_init), (112 bytes).
    Removing bridgeif_fdb.o(.ARM.exidx.text.bridgeif_fdb_init), (8 bytes).
    Removing bridgeif_fdb.o(.text.bridgeif_age_tmr), (312 bytes).
    Removing bridgeif_fdb.o(.ARM.exidx.text.bridgeif_age_tmr), (8 bytes).
    Removing bridgeif_fdb.o(.rodata.str1.1), (97 bytes).
    Removing ethernet.o(.text), (0 bytes).
    Removing ethernet.o(.ARM.exidx.text.ethernet_input), (8 bytes).
    Removing ethernet.o(.ARM.exidx.text.ethernet_output), (8 bytes).
    Removing lowpan6.o(.text), (0 bytes).
    Removing lowpan6_ble.o(.text), (0 bytes).
    Removing lowpan6_common.o(.text), (0 bytes).
    Removing zepif.o(.text), (0 bytes).
    Removing ecp.o(.text), (0 bytes).
    Removing api_lib.o(.text), (0 bytes).
    Removing api_lib.o(.ARM.exidx.text.netconn_new_with_proto_and_callback), (8 bytes).
    Removing api_lib.o(.text.netconn_prepare_delete), (58 bytes).
    Removing api_lib.o(.ARM.exidx.text.netconn_prepare_delete), (8 bytes).
    Removing api_lib.o(.ARM.exidx.text.netconn_delete), (8 bytes).
    Removing api_lib.o(.text.netconn_getaddr), (232 bytes).
    Removing api_lib.o(.ARM.exidx.text.netconn_getaddr), (8 bytes).
    Removing api_lib.o(.ARM.exidx.text.netconn_bind), (8 bytes).
    Removing api_lib.o(.text.netconn_bind_if), (112 bytes).
    Removing api_lib.o(.ARM.exidx.text.netconn_bind_if), (8 bytes).
    Removing api_lib.o(.text.netconn_connect), (128 bytes).
    Removing api_lib.o(.ARM.exidx.text.netconn_connect), (8 bytes).
    Removing api_lib.o(.text.netconn_disconnect), (112 bytes).
    Removing api_lib.o(.ARM.exidx.text.netconn_disconnect), (8 bytes).
    Removing api_lib.o(.ARM.exidx.text.netconn_listen_with_backlog), (8 bytes).
    Removing api_lib.o(.ARM.exidx.text.netconn_accept), (8 bytes).
    Removing api_lib.o(.ARM.exidx.text.netconn_err), (8 bytes).
    Removing api_lib.o(.text.netconn_tcp_recvd), (92 bytes).
    Removing api_lib.o(.ARM.exidx.text.netconn_tcp_recvd), (8 bytes).
    Removing api_lib.o(.text.netconn_recv_tcp_pbuf), (62 bytes).
    Removing api_lib.o(.ARM.exidx.text.netconn_recv_tcp_pbuf), (8 bytes).
    Removing api_lib.o(.ARM.exidx.text.netconn_recv_data_tcp), (8 bytes).
    Removing api_lib.o(.text.netconn_recv_tcp_pbuf_flags), (62 bytes).
    Removing api_lib.o(.ARM.exidx.text.netconn_recv_tcp_pbuf_flags), (8 bytes).
    Removing api_lib.o(.text.netconn_recv_udp_raw_netbuf), (62 bytes).
    Removing api_lib.o(.ARM.exidx.text.netconn_recv_udp_raw_netbuf), (8 bytes).
    Removing api_lib.o(.ARM.exidx.text.netconn_recv_data), (8 bytes).
    Removing api_lib.o(.text.netconn_recv_udp_raw_netbuf_flags), (60 bytes).
    Removing api_lib.o(.ARM.exidx.text.netconn_recv_udp_raw_netbuf_flags), (8 bytes).
    Removing api_lib.o(.ARM.exidx.text.netconn_recv), (8 bytes).
    Removing api_lib.o(.text.netconn_sendto), (112 bytes).
    Removing api_lib.o(.ARM.exidx.text.netconn_sendto), (8 bytes).
    Removing api_lib.o(.text.netconn_send), (84 bytes).
    Removing api_lib.o(.ARM.exidx.text.netconn_send), (8 bytes).
    Removing api_lib.o(.ARM.exidx.text.netconn_write_partly), (8 bytes).
    Removing api_lib.o(.ARM.exidx.text.netconn_write_vectors_partly), (8 bytes).
    Removing api_lib.o(.ARM.exidx.text.netconn_close), (8 bytes).
    Removing api_lib.o(.text.netconn_shutdown), (108 bytes).
    Removing api_lib.o(.ARM.exidx.text.netconn_shutdown), (8 bytes).
    Removing api_msg.o(.text), (0 bytes).
    Removing api_msg.o(.ARM.exidx.text.lwip_netconn_is_err_msg), (8 bytes).
    Removing api_msg.o(.ARM.exidx.text.lwip_netconn_do_newconn), (8 bytes).
    Removing api_msg.o(.ARM.exidx.text.netconn_alloc), (8 bytes).
    Removing api_msg.o(.ARM.exidx.text.netconn_free), (8 bytes).
    Removing api_msg.o(.ARM.exidx.text.lwip_netconn_do_delconn), (8 bytes).
    Removing api_msg.o(.ARM.exidx.text.netconn_drain), (8 bytes).
    Removing api_msg.o(.ARM.exidx.text.lwip_netconn_do_close_internal), (8 bytes).
    Removing api_msg.o(.ARM.exidx.text.lwip_netconn_do_bind), (8 bytes).
    Removing api_msg.o(.text.lwip_netconn_do_bind_if), (62 bytes).
    Removing api_msg.o(.ARM.exidx.text.lwip_netconn_do_bind_if), (8 bytes).
    Removing api_msg.o(.text.lwip_netconn_do_connect), (316 bytes).
    Removing api_msg.o(.ARM.exidx.text.lwip_netconn_do_connect), (8 bytes).
    Removing api_msg.o(.text.lwip_netconn_do_connected), (404 bytes).
    Removing api_msg.o(.ARM.exidx.text.lwip_netconn_do_connected), (8 bytes).
    Removing api_msg.o(.text.lwip_netconn_do_disconnect), (34 bytes).
    Removing api_msg.o(.ARM.exidx.text.lwip_netconn_do_disconnect), (8 bytes).
    Removing api_msg.o(.ARM.exidx.text.lwip_netconn_do_listen), (8 bytes).
    Removing api_msg.o(.ARM.exidx.text.accept_function), (8 bytes).
    Removing api_msg.o(.text.lwip_netconn_do_send), (76 bytes).
    Removing api_msg.o(.ARM.exidx.text.lwip_netconn_do_send), (8 bytes).
    Removing api_msg.o(.ARM.exidx.text.lwip_netconn_do_recv), (8 bytes).
    Removing api_msg.o(.ARM.exidx.text.lwip_netconn_do_write), (8 bytes).
    Removing api_msg.o(.ARM.exidx.text.lwip_netconn_do_writemore), (8 bytes).
    Removing api_msg.o(.text.lwip_netconn_do_getaddr), (160 bytes).
    Removing api_msg.o(.ARM.exidx.text.lwip_netconn_do_getaddr), (8 bytes).
    Removing api_msg.o(.ARM.exidx.text.lwip_netconn_do_close), (8 bytes).
    Removing api_msg.o(.ARM.exidx.text.recv_udp), (8 bytes).
    Removing api_msg.o(.ARM.exidx.text.sent_tcp), (8 bytes).
    Removing api_msg.o(.ARM.exidx.text.poll_tcp), (8 bytes).
    Removing api_msg.o(.ARM.exidx.text.err_tcp), (8 bytes).
    Removing api_msg.o(.ARM.exidx.text.recv_tcp), (8 bytes).
    Removing err.o(.text), (0 bytes).
    Removing err.o(.text.err_to_errno), (28 bytes).
    Removing err.o(.ARM.exidx.text.err_to_errno), (8 bytes).
    Removing err.o(.rodata.err_to_errno_table), (68 bytes).
    Removing if_api.o(.text), (0 bytes).
    Removing if_api.o(.text.lwip_if_indextoname), (16 bytes).
    Removing if_api.o(.ARM.exidx.text.lwip_if_indextoname), (8 bytes).
    Removing if_api.o(.text.lwip_if_nametoindex), (4 bytes).
    Removing if_api.o(.ARM.exidx.text.lwip_if_nametoindex), (8 bytes).
    Removing netbuf.o(.text), (0 bytes).
    Removing netbuf.o(.text.netbuf_new), (24 bytes).
    Removing netbuf.o(.ARM.exidx.text.netbuf_new), (8 bytes).
    Removing netbuf.o(.ARM.exidx.text.netbuf_delete), (8 bytes).
    Removing netbuf.o(.text.netbuf_alloc), (168 bytes).
    Removing netbuf.o(.ARM.exidx.text.netbuf_alloc), (8 bytes).
    Removing netbuf.o(.text.netbuf_free), (76 bytes).
    Removing netbuf.o(.ARM.exidx.text.netbuf_free), (8 bytes).
    Removing netbuf.o(.text.netbuf_ref), (124 bytes).
    Removing netbuf.o(.ARM.exidx.text.netbuf_ref), (8 bytes).
    Removing netbuf.o(.text.netbuf_chain), (148 bytes).
    Removing netbuf.o(.ARM.exidx.text.netbuf_chain), (8 bytes).
    Removing netbuf.o(.text.netbuf_data), (220 bytes).
    Removing netbuf.o(.ARM.exidx.text.netbuf_data), (8 bytes).
    Removing netbuf.o(.ARM.exidx.text.netbuf_next), (8 bytes).
    Removing netbuf.o(.text.netbuf_first), (60 bytes).
    Removing netbuf.o(.ARM.exidx.text.netbuf_first), (8 bytes).
    Removing netdb.o(.text), (0 bytes).
    Removing netifapi.o(.text), (0 bytes).
    Removing sockets.o(.text), (0 bytes).
    Removing sockets.o(.text.lwip_socket_thread_init), (2 bytes).
    Removing sockets.o(.ARM.exidx.text.lwip_socket_thread_init), (8 bytes).
    Removing sockets.o(.text.lwip_socket_thread_cleanup), (2 bytes).
    Removing sockets.o(.ARM.exidx.text.lwip_socket_thread_cleanup), (8 bytes).
    Removing sockets.o(.text.lwip_socket_dbg_get_socket), (24 bytes).
    Removing sockets.o(.ARM.exidx.text.lwip_socket_dbg_get_socket), (8 bytes).
    Removing sockets.o(.text.lwip_accept), (512 bytes).
    Removing sockets.o(.ARM.exidx.text.lwip_accept), (8 bytes).
    Removing sockets.o(.text.alloc_socket), (212 bytes).
    Removing sockets.o(.ARM.exidx.text.alloc_socket), (8 bytes).
    Removing sockets.o(.text.lwip_bind), (168 bytes).
    Removing sockets.o(.ARM.exidx.text.lwip_bind), (8 bytes).
    Removing sockets.o(.text.lwip_close), (140 bytes).
    Removing sockets.o(.ARM.exidx.text.lwip_close), (8 bytes).
    Removing sockets.o(.text.lwip_connect), (216 bytes).
    Removing sockets.o(.ARM.exidx.text.lwip_connect), (8 bytes).
    Removing sockets.o(.text.lwip_listen), (92 bytes).
    Removing sockets.o(.ARM.exidx.text.lwip_listen), (8 bytes).
    Removing sockets.o(.text.lwip_recvfrom), (268 bytes).
    Removing sockets.o(.ARM.exidx.text.lwip_recvfrom), (8 bytes).
    Removing sockets.o(.text.lwip_recv_tcp), (536 bytes).
    Removing sockets.o(.ARM.exidx.text.lwip_recv_tcp), (8 bytes).
    Removing sockets.o(.text.lwip_recvfrom_udp_raw), (388 bytes).
    Removing sockets.o(.ARM.exidx.text.lwip_recvfrom_udp_raw), (8 bytes).
    Removing sockets.o(.text.lwip_read), (164 bytes).
    Removing sockets.o(.ARM.exidx.text.lwip_read), (8 bytes).
    Removing sockets.o(.text.lwip_readv), (34 bytes).
    Removing sockets.o(.ARM.exidx.text.lwip_readv), (8 bytes).
    Removing sockets.o(.text.lwip_recvmsg), (488 bytes).
    Removing sockets.o(.ARM.exidx.text.lwip_recvmsg), (8 bytes).
    Removing sockets.o(.text.lwip_recv), (164 bytes).
    Removing sockets.o(.ARM.exidx.text.lwip_recv), (8 bytes).
    Removing sockets.o(.text.lwip_send), (136 bytes).
    Removing sockets.o(.ARM.exidx.text.lwip_send), (8 bytes).
    Removing sockets.o(.text.lwip_sendto), (356 bytes).
    Removing sockets.o(.ARM.exidx.text.lwip_sendto), (8 bytes).
    Removing sockets.o(.text.lwip_sendmsg), (772 bytes).
    Removing sockets.o(.ARM.exidx.text.lwip_sendmsg), (8 bytes).
    Removing sockets.o(.text.lwip_socket), (150 bytes).
    Removing sockets.o(.ARM.exidx.text.lwip_socket), (8 bytes).
    Removing sockets.o(.text.event_callback), (968 bytes).
    Removing sockets.o(.ARM.exidx.text.event_callback), (8 bytes).
    Removing sockets.o(.text.lwip_write), (120 bytes).
    Removing sockets.o(.ARM.exidx.text.lwip_write), (8 bytes).
    Removing sockets.o(.text.lwip_writev), (34 bytes).
    Removing sockets.o(.ARM.exidx.text.lwip_writev), (8 bytes).
    Removing sockets.o(.text.lwip_select), (1588 bytes).
    Removing sockets.o(.ARM.exidx.text.lwip_select), (8 bytes).
    Removing sockets.o(.text.lwip_selscan), (400 bytes).
    Removing sockets.o(.ARM.exidx.text.lwip_selscan), (8 bytes).
    Removing sockets.o(.text.lwip_poll), (428 bytes).
    Removing sockets.o(.ARM.exidx.text.lwip_poll), (8 bytes).
    Removing sockets.o(.text.lwip_pollscan), (370 bytes).
    Removing sockets.o(.ARM.exidx.text.lwip_pollscan), (8 bytes).
    Removing sockets.o(.text.lwip_shutdown), (166 bytes).
    Removing sockets.o(.ARM.exidx.text.lwip_shutdown), (8 bytes).
    Removing sockets.o(.text.lwip_getpeername), (144 bytes).
    Removing sockets.o(.ARM.exidx.text.lwip_getpeername), (8 bytes).
    Removing sockets.o(.text.lwip_getsockname), (142 bytes).
    Removing sockets.o(.ARM.exidx.text.lwip_getsockname), (8 bytes).
    Removing sockets.o(.text.lwip_getsockopt), (570 bytes).
    Removing sockets.o(.ARM.exidx.text.lwip_getsockopt), (8 bytes).
    Removing sockets.o(.text.lwip_setsockopt), (576 bytes).
    Removing sockets.o(.ARM.exidx.text.lwip_setsockopt), (8 bytes).
    Removing sockets.o(.text.lwip_ioctl), (104 bytes).
    Removing sockets.o(.ARM.exidx.text.lwip_ioctl), (8 bytes).
    Removing sockets.o(.text.lwip_fcntl), (176 bytes).
    Removing sockets.o(.ARM.exidx.text.lwip_fcntl), (8 bytes).
    Removing sockets.o(.text.lwip_inet_ntop), (48 bytes).
    Removing sockets.o(.ARM.exidx.text.lwip_inet_ntop), (8 bytes).
    Removing sockets.o(.text.lwip_inet_pton), (30 bytes).
    Removing sockets.o(.ARM.exidx.text.lwip_inet_pton), (8 bytes).
    Removing sockets.o(.rodata.str1.1), (251 bytes).
    Removing sockets.o(.bss..L_MergedGlobals), (68 bytes).
    Removing tcpip.o(.text), (0 bytes).
    Removing tcpip.o(.text.tcpip_inpkt), (128 bytes).
    Removing tcpip.o(.ARM.exidx.text.tcpip_inpkt), (8 bytes).
    Removing tcpip.o(.ARM.exidx.text.tcpip_input), (8 bytes).
    Removing tcpip.o(.text.tcpip_callback), (104 bytes).
    Removing tcpip.o(.ARM.exidx.text.tcpip_callback), (8 bytes).
    Removing tcpip.o(.ARM.exidx.text.tcpip_try_callback), (8 bytes).
    Removing tcpip.o(.ARM.exidx.text.tcpip_send_msg_wait_sem), (8 bytes).
    Removing tcpip.o(.text.tcpip_api_call), (38 bytes).
    Removing tcpip.o(.ARM.exidx.text.tcpip_api_call), (8 bytes).
    Removing tcpip.o(.text.tcpip_callbackmsg_new), (26 bytes).
    Removing tcpip.o(.ARM.exidx.text.tcpip_callbackmsg_new), (8 bytes).
    Removing tcpip.o(.text.tcpip_callbackmsg_delete), (8 bytes).
    Removing tcpip.o(.ARM.exidx.text.tcpip_callbackmsg_delete), (8 bytes).
    Removing tcpip.o(.text.tcpip_callbackmsg_trycallback), (68 bytes).
    Removing tcpip.o(.ARM.exidx.text.tcpip_callbackmsg_trycallback), (8 bytes).
    Removing tcpip.o(.text.tcpip_callbackmsg_trycallback_fromisr), (68 bytes).
    Removing tcpip.o(.ARM.exidx.text.tcpip_callbackmsg_trycallback_fromisr), (8 bytes).
    Removing tcpip.o(.ARM.exidx.text.tcpip_init), (8 bytes).
    Removing tcpip.o(.ARM.exidx.text.tcpip_thread), (8 bytes).
    Removing tcpip.o(.text.pbuf_free_callback), (130 bytes).
    Removing tcpip.o(.ARM.exidx.text.pbuf_free_callback), (8 bytes).
    Removing tcpip.o(.text.pbuf_free_int), (4 bytes).
    Removing tcpip.o(.ARM.exidx.text.pbuf_free_int), (8 bytes).
    Removing tcpip.o(.text.mem_free_callback), (130 bytes).
    Removing tcpip.o(.ARM.exidx.text.mem_free_callback), (8 bytes).
    Removing altcp.o(.text), (0 bytes).
    Removing altcp_alloc.o(.text), (0 bytes).
    Removing altcp_tcp.o(.text), (0 bytes).
    Removing def.o(.text), (0 bytes).
    Removing def.o(.ARM.exidx.text.lwip_htons), (8 bytes).
    Removing def.o(.ARM.exidx.text.lwip_htonl), (8 bytes).
    Removing def.o(.text.lwip_strnstr), (94 bytes).
    Removing def.o(.ARM.exidx.text.lwip_strnstr), (8 bytes).
    Removing def.o(.text.lwip_stricmp), (56 bytes).
    Removing def.o(.ARM.exidx.text.lwip_stricmp), (8 bytes).
    Removing def.o(.text.lwip_strnicmp), (62 bytes).
    Removing def.o(.ARM.exidx.text.lwip_strnicmp), (8 bytes).
    Removing def.o(.text.lwip_itoa), (398 bytes).
    Removing def.o(.ARM.exidx.text.lwip_itoa), (8 bytes).
    Removing dns.o(.text), (0 bytes).
    Removing inet_chksum.o(.text), (0 bytes).
    Removing inet_chksum.o(.text.lwip_standard_chksum), (166 bytes).
    Removing inet_chksum.o(.ARM.exidx.text.lwip_standard_chksum), (8 bytes).
    Removing inet_chksum.o(.text.inet_chksum_pseudo), (310 bytes).
    Removing inet_chksum.o(.ARM.exidx.text.inet_chksum_pseudo), (8 bytes).
    Removing inet_chksum.o(.text.ip_chksum_pseudo), (12 bytes).
    Removing inet_chksum.o(.ARM.exidx.text.ip_chksum_pseudo), (8 bytes).
    Removing inet_chksum.o(.text.inet_chksum_pseudo_partial), (508 bytes).
    Removing inet_chksum.o(.ARM.exidx.text.inet_chksum_pseudo_partial), (8 bytes).
    Removing inet_chksum.o(.text.ip_chksum_pseudo_partial), (18 bytes).
    Removing inet_chksum.o(.ARM.exidx.text.ip_chksum_pseudo_partial), (8 bytes).
    Removing inet_chksum.o(.text.inet_chksum), (172 bytes).
    Removing inet_chksum.o(.ARM.exidx.text.inet_chksum), (8 bytes).
    Removing inet_chksum.o(.text.inet_chksum_pbuf), (256 bytes).
    Removing inet_chksum.o(.ARM.exidx.text.inet_chksum_pbuf), (8 bytes).
    Removing init.o(.text), (0 bytes).
    Removing init.o(.ARM.exidx.text.lwip_init), (8 bytes).
    Removing ip.o(.text), (0 bytes).
    Removing mem.o(.text), (0 bytes).
    Removing mem.o(.ARM.exidx.text.mem_init), (8 bytes).
    Removing mem.o(.ARM.exidx.text.mem_free), (8 bytes).
    Removing mem.o(.ARM.exidx.text.mem_trim), (8 bytes).
    Removing mem.o(.ARM.exidx.text.mem_malloc), (8 bytes).
    Removing mem.o(.text.mem_calloc), (40 bytes).
    Removing mem.o(.ARM.exidx.text.mem_calloc), (8 bytes).
    Removing memp.o(.text), (0 bytes).
    Removing memp.o(.ARM.exidx.text.memp_init_pool), (8 bytes).
    Removing memp.o(.ARM.exidx.text.memp_init), (8 bytes).
    Removing memp.o(.ARM.exidx.text.memp_malloc_pool), (8 bytes).
    Removing memp.o(.ARM.exidx.text.memp_malloc), (8 bytes).
    Removing memp.o(.ARM.exidx.text.memp_free_pool), (8 bytes).
    Removing memp.o(.ARM.exidx.text.memp_free), (8 bytes).
    Removing netif.o(.text), (0 bytes).
    Removing netif.o(.ARM.exidx.text.netif_init), (8 bytes).
    Removing netif.o(.text.netif_input), (164 bytes).
    Removing netif.o(.ARM.exidx.text.netif_input), (8 bytes).
    Removing netif.o(.text.netif_add_noaddr), (28 bytes).
    Removing netif.o(.ARM.exidx.text.netif_add_noaddr), (8 bytes).
    Removing netif.o(.ARM.exidx.text.netif_add), (8 bytes).
    Removing netif.o(.ARM.exidx.text.netif_null_output_ip4), (8 bytes).
    Removing netif.o(.ARM.exidx.text.netif_set_addr), (8 bytes).
    Removing netif.o(.text.netif_set_ipaddr), (168 bytes).
    Removing netif.o(.ARM.exidx.text.netif_set_ipaddr), (8 bytes).
    Removing netif.o(.text.netif_set_netmask), (92 bytes).
    Removing netif.o(.ARM.exidx.text.netif_set_netmask), (8 bytes).
    Removing netif.o(.text.netif_set_gw), (84 bytes).
    Removing netif.o(.ARM.exidx.text.netif_set_gw), (8 bytes).
    Removing netif.o(.text.netif_remove), (140 bytes).
    Removing netif.o(.ARM.exidx.text.netif_remove), (8 bytes).
    Removing netif.o(.ARM.exidx.text.netif_set_down), (8 bytes).
    Removing netif.o(.ARM.exidx.text.netif_set_default), (8 bytes).
    Removing netif.o(.ARM.exidx.text.netif_set_up), (8 bytes).
    Removing netif.o(.ARM.exidx.text.netif_set_link_up), (8 bytes).
    Removing netif.o(.ARM.exidx.text.netif_set_link_down), (8 bytes).
    Removing netif.o(.ARM.exidx.text.netif_set_link_callback), (8 bytes).
    Removing netif.o(.text.netif_name_to_index), (74 bytes).
    Removing netif.o(.ARM.exidx.text.netif_name_to_index), (8 bytes).
    Removing netif.o(.text.netif_find), (74 bytes).
    Removing netif.o(.ARM.exidx.text.netif_find), (8 bytes).
    Removing netif.o(.text.netif_index_to_name), (112 bytes).
    Removing netif.o(.ARM.exidx.text.netif_index_to_name), (8 bytes).
    Removing netif.o(.ARM.exidx.text.netif_get_by_index), (8 bytes).
    Removing pbuf.o(.text), (0 bytes).
    Removing pbuf.o(.ARM.exidx.text.pbuf_alloc), (8 bytes).
    Removing pbuf.o(.text.pbuf_alloc_reference), (84 bytes).
    Removing pbuf.o(.ARM.exidx.text.pbuf_alloc_reference), (8 bytes).
    Removing pbuf.o(.ARM.exidx.text.pbuf_free), (8 bytes).
    Removing pbuf.o(.ARM.exidx.text.pbuf_alloced_custom), (8 bytes).
    Removing pbuf.o(.ARM.exidx.text.pbuf_realloc), (8 bytes).
    Removing pbuf.o(.ARM.exidx.text.pbuf_add_header), (8 bytes).
    Removing pbuf.o(.text.pbuf_add_header_force), (108 bytes).
    Removing pbuf.o(.ARM.exidx.text.pbuf_add_header_force), (8 bytes).
    Removing pbuf.o(.ARM.exidx.text.pbuf_remove_header), (8 bytes).
    Removing pbuf.o(.text.pbuf_header), (6 bytes).
    Removing pbuf.o(.ARM.exidx.text.pbuf_header), (8 bytes).
    Removing pbuf.o(.ARM.exidx.text.pbuf_header_impl), (8 bytes).
    Removing pbuf.o(.ARM.exidx.text.pbuf_header_force), (8 bytes).
    Removing pbuf.o(.text.pbuf_free_header), (68 bytes).
    Removing pbuf.o(.ARM.exidx.text.pbuf_free_header), (8 bytes).
    Removing pbuf.o(.ARM.exidx.text.pbuf_clen), (8 bytes).
    Removing pbuf.o(.ARM.exidx.text.pbuf_ref), (8 bytes).
    Removing pbuf.o(.ARM.exidx.text.pbuf_cat), (8 bytes).
    Removing pbuf.o(.text.pbuf_chain), (270 bytes).
    Removing pbuf.o(.ARM.exidx.text.pbuf_chain), (8 bytes).
    Removing pbuf.o(.text.pbuf_dechain), (184 bytes).
    Removing pbuf.o(.ARM.exidx.text.pbuf_dechain), (8 bytes).
    Removing pbuf.o(.ARM.exidx.text.pbuf_copy), (8 bytes).
    Removing pbuf.o(.ARM.exidx.text.pbuf_copy_partial), (8 bytes).
    Removing pbuf.o(.text.pbuf_get_contiguous), (372 bytes).
    Removing pbuf.o(.ARM.exidx.text.pbuf_get_contiguous), (8 bytes).
    Removing pbuf.o(.text.pbuf_skip), (88 bytes).
    Removing pbuf.o(.ARM.exidx.text.pbuf_skip), (8 bytes).
    Removing pbuf.o(.text.pbuf_take), (384 bytes).
    Removing pbuf.o(.ARM.exidx.text.pbuf_take), (8 bytes).
    Removing pbuf.o(.text.pbuf_take_at), (146 bytes).
    Removing pbuf.o(.ARM.exidx.text.pbuf_take_at), (8 bytes).
    Removing pbuf.o(.text.pbuf_coalesce), (140 bytes).
    Removing pbuf.o(.ARM.exidx.text.pbuf_coalesce), (8 bytes).
    Removing pbuf.o(.ARM.exidx.text.pbuf_clone), (8 bytes).
    Removing pbuf.o(.text.pbuf_get_at), (80 bytes).
    Removing pbuf.o(.ARM.exidx.text.pbuf_get_at), (8 bytes).
    Removing pbuf.o(.text.pbuf_try_get_at), (88 bytes).
    Removing pbuf.o(.ARM.exidx.text.pbuf_try_get_at), (8 bytes).
    Removing pbuf.o(.text.pbuf_put_at), (92 bytes).
    Removing pbuf.o(.ARM.exidx.text.pbuf_put_at), (8 bytes).
    Removing pbuf.o(.text.pbuf_memcmp), (306 bytes).
    Removing pbuf.o(.ARM.exidx.text.pbuf_memcmp), (8 bytes).
    Removing pbuf.o(.text.pbuf_memfind), (500 bytes).
    Removing pbuf.o(.ARM.exidx.text.pbuf_memfind), (8 bytes).
    Removing pbuf.o(.text.pbuf_strstr), (54 bytes).
    Removing pbuf.o(.ARM.exidx.text.pbuf_strstr), (8 bytes).
    Removing pbuf.o(.ARM.exidx.text.pbuf_free_ooseq_callback), (8 bytes).
    Removing raw.o(.text), (0 bytes).
    Removing stats.o(.text), (0 bytes).
    Removing sys.o(.text), (0 bytes).
    Removing sys.o(.text.sys_msleep), (56 bytes).
    Removing sys.o(.ARM.exidx.text.sys_msleep), (8 bytes).
    Removing tcp.o(.text), (0 bytes).
    Removing tcp.o(.ARM.exidx.text.tcp_init), (8 bytes).
    Removing tcp.o(.ARM.exidx.text.tcp_free), (8 bytes).
    Removing tcp.o(.ARM.exidx.text.tcp_tmr), (8 bytes).
    Removing tcp.o(.ARM.exidx.text.tcp_fasttmr), (8 bytes).
    Removing tcp.o(.ARM.exidx.text.tcp_slowtmr), (8 bytes).
    Removing tcp.o(.ARM.exidx.text.tcp_close), (8 bytes).
    Removing tcp.o(.ARM.exidx.text.tcp_close_shutdown), (8 bytes).
    Removing tcp.o(.ARM.exidx.text.tcp_shutdown), (8 bytes).
    Removing tcp.o(.ARM.exidx.text.tcp_abandon), (8 bytes).
    Removing tcp.o(.ARM.exidx.text.tcp_pcb_remove), (8 bytes).
    Removing tcp.o(.ARM.exidx.text.tcp_segs_free), (8 bytes).
    Removing tcp.o(.ARM.exidx.text.tcp_abort), (8 bytes).
    Removing tcp.o(.ARM.exidx.text.tcp_bind), (8 bytes).
    Removing tcp.o(.text.tcp_bind_netif), (16 bytes).
    Removing tcp.o(.ARM.exidx.text.tcp_bind_netif), (8 bytes).
    Removing tcp.o(.text.tcp_listen_with_backlog), (8 bytes).
    Removing tcp.o(.ARM.exidx.text.tcp_listen_with_backlog), (8 bytes).
    Removing tcp.o(.ARM.exidx.text.tcp_listen_with_backlog_and_err), (8 bytes).
    Removing tcp.o(.ARM.exidx.text.tcp_accept_null), (8 bytes).
    Removing tcp.o(.ARM.exidx.text.tcp_update_rcv_ann_wnd), (8 bytes).
    Removing tcp.o(.ARM.exidx.text.tcp_recved), (8 bytes).
    Removing tcp.o(.text.tcp_connect), (1596 bytes).
    Removing tcp.o(.ARM.exidx.text.tcp_connect), (8 bytes).
    Removing tcp.o(.ARM.exidx.text.tcp_next_iss), (8 bytes).
    Removing tcp.o(.ARM.exidx.text.tcp_eff_send_mss_netif), (8 bytes).
    Removing tcp.o(.ARM.exidx.text.tcp_free_ooseq), (8 bytes).
    Removing tcp.o(.ARM.exidx.text.tcp_pcb_purge), (8 bytes).
    Removing tcp.o(.ARM.exidx.text.tcp_process_refused_data), (8 bytes).
    Removing tcp.o(.text.tcp_txnow), (38 bytes).
    Removing tcp.o(.ARM.exidx.text.tcp_txnow), (8 bytes).
    Removing tcp.o(.ARM.exidx.text.tcp_recv_null), (8 bytes).
    Removing tcp.o(.ARM.exidx.text.tcp_seg_free), (8 bytes).
    Removing tcp.o(.text.tcp_setprio), (64 bytes).
    Removing tcp.o(.ARM.exidx.text.tcp_setprio), (8 bytes).
    Removing tcp.o(.ARM.exidx.text.tcp_seg_copy), (8 bytes).
    Removing tcp.o(.ARM.exidx.text.tcp_alloc), (8 bytes).
    Removing tcp.o(.text.tcp_new), (6 bytes).
    Removing tcp.o(.ARM.exidx.text.tcp_new), (8 bytes).
    Removing tcp.o(.ARM.exidx.text.tcp_new_ip_type), (8 bytes).
    Removing tcp.o(.ARM.exidx.text.tcp_arg), (8 bytes).
    Removing tcp.o(.ARM.exidx.text.tcp_recv), (8 bytes).
    Removing tcp.o(.ARM.exidx.text.tcp_sent), (8 bytes).
    Removing tcp.o(.ARM.exidx.text.tcp_err), (8 bytes).
    Removing tcp.o(.ARM.exidx.text.tcp_accept), (8 bytes).
    Removing tcp.o(.ARM.exidx.text.tcp_poll), (8 bytes).
    Removing tcp.o(.ARM.exidx.text.tcp_netif_ip_addr_changed), (8 bytes).
    Removing tcp.o(.text.tcp_debug_state_str), (52 bytes).
    Removing tcp.o(.ARM.exidx.text.tcp_debug_state_str), (8 bytes).
    Removing tcp.o(.text.tcp_tcp_get_tcp_addrinfo), (50 bytes).
    Removing tcp.o(.ARM.exidx.text.tcp_tcp_get_tcp_addrinfo), (8 bytes).
    Removing tcp.o(.rodata.tcp_pcb_lists), (16 bytes).
    Removing tcp_in.o(.text), (0 bytes).
    Removing tcp_in.o(.ARM.exidx.text.tcp_input), (8 bytes).
    Removing tcp_in.o(.ARM.exidx.text.tcp_timewait_input), (8 bytes).
    Removing tcp_in.o(.ARM.exidx.text.tcp_listen_input), (8 bytes).
    Removing tcp_in.o(.ARM.exidx.text.tcp_process), (8 bytes).
    Removing tcp_in.o(.ARM.exidx.text.tcp_input_delayed_close), (8 bytes).
    Removing tcp_in.o(.ARM.exidx.text.tcp_trigger_input_pcb_close), (8 bytes).
    Removing tcp_in.o(.ARM.exidx.text.tcp_parseopt), (8 bytes).
    Removing tcp_in.o(.ARM.exidx.text.tcp_receive), (8 bytes).
    Removing tcp_in.o(.ARM.exidx.text.tcp_free_acked_segments), (8 bytes).
    Removing tcp_in.o(.ARM.exidx.text.tcp_oos_insert_segment), (8 bytes).
    Removing tcp_out.o(.text), (0 bytes).
    Removing tcp_out.o(.ARM.exidx.text.tcp_write), (8 bytes).
    Removing tcp_out.o(.ARM.exidx.text.tcp_pbuf_prealloc), (8 bytes).
    Removing tcp_out.o(.ARM.exidx.text.tcp_create_segment), (8 bytes).
    Removing tcp_out.o(.ARM.exidx.text.tcp_split_unsent_seg), (8 bytes).
    Removing tcp_out.o(.ARM.exidx.text.tcp_send_fin), (8 bytes).
    Removing tcp_out.o(.ARM.exidx.text.tcp_enqueue_flags), (8 bytes).
    Removing tcp_out.o(.ARM.exidx.text.tcp_output), (8 bytes).
    Removing tcp_out.o(.ARM.exidx.text.tcp_send_empty_ack), (8 bytes).
    Removing tcp_out.o(.ARM.exidx.text.tcp_rexmit_rto_prepare), (8 bytes).
    Removing tcp_out.o(.ARM.exidx.text.tcp_rexmit_rto_commit), (8 bytes).
    Removing tcp_out.o(.ARM.exidx.text.tcp_rexmit_rto), (8 bytes).
    Removing tcp_out.o(.ARM.exidx.text.tcp_rexmit), (8 bytes).
    Removing tcp_out.o(.ARM.exidx.text.tcp_rexmit_fast), (8 bytes).
    Removing tcp_out.o(.ARM.exidx.text.tcp_rst), (8 bytes).
    Removing tcp_out.o(.ARM.exidx.text.tcp_output_alloc_header_common), (8 bytes).
    Removing tcp_out.o(.ARM.exidx.text.tcp_keepalive), (8 bytes).
    Removing tcp_out.o(.ARM.exidx.text.tcp_zero_window_probe), (8 bytes).
    Removing timeouts.o(.text), (0 bytes).
    Removing timeouts.o(.ARM.exidx.text.tcp_timer_needed), (8 bytes).
    Removing timeouts.o(.ARM.exidx.text.sys_timeout), (8 bytes).
    Removing timeouts.o(.ARM.exidx.text.tcpip_tcp_timer), (8 bytes).
    Removing timeouts.o(.ARM.exidx.text.sys_timeouts_init), (8 bytes).
    Removing timeouts.o(.ARM.exidx.text.lwip_cyclic_timer), (8 bytes).
    Removing timeouts.o(.text.sys_untimeout), (162 bytes).
    Removing timeouts.o(.ARM.exidx.text.sys_untimeout), (8 bytes).
    Removing timeouts.o(.ARM.exidx.text.sys_check_timeouts), (8 bytes).
    Removing timeouts.o(.text.sys_restart_timeouts), (76 bytes).
    Removing timeouts.o(.ARM.exidx.text.sys_restart_timeouts), (8 bytes).
    Removing timeouts.o(.ARM.exidx.text.sys_timeouts_sleeptime), (8 bytes).
    Removing timeouts.o(.rodata.lwip_num_cyclic_timers), (4 bytes).
    Removing udp.o(.text), (0 bytes).
    Removing udp.o(.ARM.exidx.text.udp_init), (8 bytes).
    Removing udp.o(.ARM.exidx.text.udp_input), (8 bytes).
    Removing udp.o(.text.udp_send), (208 bytes).
    Removing udp.o(.ARM.exidx.text.udp_send), (8 bytes).
    Removing udp.o(.text.udp_sendto), (260 bytes).
    Removing udp.o(.ARM.exidx.text.udp_sendto), (8 bytes).
    Removing udp.o(.text.udp_sendto_if), (296 bytes).
    Removing udp.o(.ARM.exidx.text.udp_sendto_if), (8 bytes).
    Removing udp.o(.text.udp_sendto_if_src), (824 bytes).
    Removing udp.o(.ARM.exidx.text.udp_sendto_if_src), (8 bytes).
    Removing udp.o(.ARM.exidx.text.udp_bind), (8 bytes).
    Removing udp.o(.text.udp_bind_netif), (16 bytes).
    Removing udp.o(.ARM.exidx.text.udp_bind_netif), (8 bytes).
    Removing udp.o(.text.udp_connect), (492 bytes).
    Removing udp.o(.ARM.exidx.text.udp_connect), (8 bytes).
    Removing udp.o(.text.udp_disconnect), (76 bytes).
    Removing udp.o(.ARM.exidx.text.udp_disconnect), (8 bytes).
    Removing udp.o(.ARM.exidx.text.udp_recv), (8 bytes).
    Removing udp.o(.ARM.exidx.text.udp_remove), (8 bytes).
    Removing udp.o(.text.udp_new), (38 bytes).
    Removing udp.o(.ARM.exidx.text.udp_new), (8 bytes).
    Removing udp.o(.ARM.exidx.text.udp_new_ip_type), (8 bytes).
    Removing udp.o(.ARM.exidx.text.udp_netif_ip_addr_changed), (8 bytes).
    Removing autoip.o(.text), (0 bytes).
    Removing dhcp.o(.text), (0 bytes).
    Removing etharp.o(.text), (0 bytes).
    Removing etharp.o(.ARM.exidx.text.etharp_tmr), (8 bytes).
    Removing etharp.o(.ARM.exidx.text.etharp_request), (8 bytes).
    Removing etharp.o(.ARM.exidx.text.etharp_cleanup_netif), (8 bytes).
    Removing etharp.o(.text.etharp_find_addr), (140 bytes).
    Removing etharp.o(.ARM.exidx.text.etharp_find_addr), (8 bytes).
    Removing etharp.o(.ARM.exidx.text.etharp_find_entry), (8 bytes).
    Removing etharp.o(.text.etharp_get_entry), (192 bytes).
    Removing etharp.o(.ARM.exidx.text.etharp_get_entry), (8 bytes).
    Removing etharp.o(.ARM.exidx.text.etharp_input), (8 bytes).
    Removing etharp.o(.ARM.exidx.text.etharp_raw), (8 bytes).
    Removing etharp.o(.ARM.exidx.text.etharp_output), (8 bytes).
    Removing etharp.o(.ARM.exidx.text.etharp_output_to_arp_index), (8 bytes).
    Removing etharp.o(.ARM.exidx.text.etharp_query), (8 bytes).
    Removing icmp.o(.text), (0 bytes).
    Removing icmp.o(.ARM.exidx.text.icmp_input), (8 bytes).
    Removing icmp.o(.ARM.exidx.text.icmp_dest_unreach), (8 bytes).
    Removing icmp.o(.ARM.exidx.text.icmp_send_response), (8 bytes).
    Removing icmp.o(.ARM.exidx.text.icmp_time_exceeded), (8 bytes).
    Removing igmp.o(.text), (0 bytes).
    Removing ip4.o(.text), (0 bytes).
    Removing ip4.o(.ARM.exidx.text.ip4_route), (8 bytes).
    Removing ip4.o(.ARM.exidx.text.ip4_input), (8 bytes).
    Removing ip4.o(.ARM.exidx.text.ip4_output_if), (8 bytes).
    Removing ip4.o(.ARM.exidx.text.ip4_output_if_src), (8 bytes).
    Removing ip4.o(.text.ip4_output), (194 bytes).
    Removing ip4.o(.ARM.exidx.text.ip4_output), (8 bytes).
    Removing ip4_addr.o(.text), (0 bytes).
    Removing ip4_addr.o(.ARM.exidx.text.ip4_addr_isbroadcast_u32), (8 bytes).
    Removing ip4_addr.o(.text.ip4_addr_netmask_valid), (168 bytes).
    Removing ip4_addr.o(.ARM.exidx.text.ip4_addr_netmask_valid), (8 bytes).
    Removing ip4_addr.o(.text.ipaddr_addr), (26 bytes).
    Removing ip4_addr.o(.ARM.exidx.text.ipaddr_addr), (8 bytes).
    Removing ip4_addr.o(.text.ip4addr_aton), (1032 bytes).
    Removing ip4_addr.o(.ARM.exidx.text.ip4addr_aton), (8 bytes).
    Removing ip4_addr.o(.text.ip4addr_ntoa), (14 bytes).
    Removing ip4_addr.o(.ARM.exidx.text.ip4addr_ntoa), (8 bytes).
    Removing ip4_addr.o(.text.ip4addr_ntoa_r), (956 bytes).
    Removing ip4_addr.o(.ARM.exidx.text.ip4addr_ntoa_r), (8 bytes).
    Removing ip4_addr.o(.rodata.ip_addr_broadcast), (4 bytes).
    Removing ip4_addr.o(.bss.ip4addr_ntoa.str), (16 bytes).
    Removing ip4_frag.o(.text), (0 bytes).
    Removing ip4_frag.o(.ARM.exidx.text.ip_reass_tmr), (8 bytes).
    Removing ip4_frag.o(.ARM.exidx.text.ip_reass_free_complete_datagram), (8 bytes).
    Removing ip4_frag.o(.ARM.exidx.text.ip4_reass), (8 bytes).
    Removing ip4_frag.o(.ARM.exidx.text.ip4_frag), (8 bytes).
    Removing ip4_frag.o(.ARM.exidx.text.ipfrag_free_pbuf_custom), (8 bytes).
    Removing dhcp6.o(.text), (0 bytes).
    Removing ethip6.o(.text), (0 bytes).
    Removing icmp6.o(.text), (0 bytes).
    Removing inet6.o(.text), (0 bytes).
    Removing ip6.o(.text), (0 bytes).
    Removing ip6_addr.o(.text), (0 bytes).
    Removing ip6_frag.o(.text), (0 bytes).
    Removing mld6.o(.text), (0 bytes).
    Removing nd6.o(.text), (0 bytes).
    Removing sys_arch.o(.text), (0 bytes).
    Removing sys_arch.o(.ARM.exidx.text.sys_mbox_new), (8 bytes).
    Removing sys_arch.o(.ARM.exidx.text.sys_mbox_free), (8 bytes).
    Removing sys_arch.o(.text.sys_mbox_post), (26 bytes).
    Removing sys_arch.o(.ARM.exidx.text.sys_mbox_post), (8 bytes).
    Removing sys_arch.o(.ARM.exidx.text.sys_mbox_trypost), (8 bytes).
    Removing sys_arch.o(.text.sys_mbox_trypost_fromisr), (20 bytes).
    Removing sys_arch.o(.ARM.exidx.text.sys_mbox_trypost_fromisr), (8 bytes).
    Removing sys_arch.o(.ARM.exidx.text.sys_arch_mbox_fetch), (8 bytes).
    Removing sys_arch.o(.ARM.exidx.text.sys_arch_mbox_tryfetch), (8 bytes).
    Removing sys_arch.o(.ARM.exidx.text.sys_mbox_valid), (8 bytes).
    Removing sys_arch.o(.ARM.exidx.text.sys_mbox_set_invalid), (8 bytes).
    Removing sys_arch.o(.ARM.exidx.text.sys_sem_new), (8 bytes).
    Removing sys_arch.o(.ARM.exidx.text.sys_arch_sem_wait), (8 bytes).
    Removing sys_arch.o(.ARM.exidx.text.sys_sem_signal), (8 bytes).
    Removing sys_arch.o(.ARM.exidx.text.sys_sem_free), (8 bytes).
    Removing sys_arch.o(.ARM.exidx.text.sys_sem_valid), (8 bytes).
    Removing sys_arch.o(.ARM.exidx.text.sys_sem_set_invalid), (8 bytes).
    Removing sys_arch.o(.ARM.exidx.text.sys_init), (8 bytes).
    Removing sys_arch.o(.ARM.exidx.text.sys_mutex_new), (8 bytes).
    Removing sys_arch.o(.text.sys_mutex_free), (6 bytes).
    Removing sys_arch.o(.ARM.exidx.text.sys_mutex_free), (8 bytes).
    Removing sys_arch.o(.ARM.exidx.text.sys_mutex_lock), (8 bytes).
    Removing sys_arch.o(.ARM.exidx.text.sys_mutex_unlock), (8 bytes).
    Removing sys_arch.o(.ARM.exidx.text.sys_thread_new), (8 bytes).
    Removing sys_arch.o(.ARM.exidx.text.sys_arch_protect), (8 bytes).
    Removing sys_arch.o(.ARM.exidx.text.sys_arch_unprotect), (8 bytes).
    Removing sys_arch.o(.bss.errno), (4 bytes).
    Removing mqtt.o(.text), (0 bytes).
    Removing mqtt.o(.text.mqtt_publish), (1372 bytes).
    Removing mqtt.o(.ARM.exidx.text.mqtt_publish), (8 bytes).
    Removing mqtt.o(.text.mqtt_output_append_string), (268 bytes).
    Removing mqtt.o(.ARM.exidx.text.mqtt_output_append_string), (8 bytes).
    Removing mqtt.o(.text.mqtt_output_send), (292 bytes).
    Removing mqtt.o(.ARM.exidx.text.mqtt_output_send), (8 bytes).
    Removing mqtt.o(.text.mqtt_sub_unsub), (1136 bytes).
    Removing mqtt.o(.ARM.exidx.text.mqtt_sub_unsub), (8 bytes).
    Removing mqtt.o(.text.mqtt_set_inpub_callback), (100 bytes).
    Removing mqtt.o(.ARM.exidx.text.mqtt_set_inpub_callback), (8 bytes).
    Removing mqtt.o(.text.mqtt_client_new), (10 bytes).
    Removing mqtt.o(.ARM.exidx.text.mqtt_client_new), (8 bytes).
    Removing mqtt.o(.text.mqtt_client_free), (4 bytes).
    Removing mqtt.o(.ARM.exidx.text.mqtt_client_free), (8 bytes).
    Removing mqtt.o(.text.mqtt_client_connect), (1488 bytes).
    Removing mqtt.o(.ARM.exidx.text.mqtt_client_connect), (8 bytes).
    Removing mqtt.o(.text.mqtt_tcp_connect_cb), (108 bytes).
    Removing mqtt.o(.ARM.exidx.text.mqtt_tcp_connect_cb), (8 bytes).
    Removing mqtt.o(.text.mqtt_tcp_err_cb), (100 bytes).
    Removing mqtt.o(.ARM.exidx.text.mqtt_tcp_err_cb), (8 bytes).
    Removing mqtt.o(.text.mqtt_disconnect), (88 bytes).
    Removing mqtt.o(.ARM.exidx.text.mqtt_disconnect), (8 bytes).
    Removing mqtt.o(.text.mqtt_close), (200 bytes).
    Removing mqtt.o(.ARM.exidx.text.mqtt_close), (8 bytes).
    Removing mqtt.o(.text.mqtt_client_is_connected), (88 bytes).
    Removing mqtt.o(.ARM.exidx.text.mqtt_client_is_connected), (8 bytes).
    Removing mqtt.o(.text.mqtt_tcp_recv_cb), (660 bytes).
    Removing mqtt.o(.ARM.exidx.text.mqtt_tcp_recv_cb), (8 bytes).
    Removing mqtt.o(.text.mqtt_tcp_sent_cb), (104 bytes).
    Removing mqtt.o(.ARM.exidx.text.mqtt_tcp_sent_cb), (8 bytes).
    Removing mqtt.o(.text.mqtt_tcp_poll_cb), (18 bytes).
    Removing mqtt.o(.ARM.exidx.text.mqtt_tcp_poll_cb), (8 bytes).
    Removing mqtt.o(.text.mqtt_cyclic_timer), (324 bytes).
    Removing mqtt.o(.ARM.exidx.text.mqtt_cyclic_timer), (8 bytes).
    Removing mqtt.o(.text.mqtt_message_received), (972 bytes).
    Removing mqtt.o(.ARM.exidx.text.mqtt_message_received), (8 bytes).
    Removing mqtt.o(.text.pub_ack_rec_rel_response), (116 bytes).
    Removing mqtt.o(.ARM.exidx.text.pub_ack_rec_rel_response), (8 bytes).
    Removing mqtt.o(.rodata.str1.1), (873 bytes).

1681 unused section(s) (total 859609 bytes) removed from the image.
