Component: Arm Compiler for Embedded 6.19 Tool: armlink [5e73cb00]

==============================================================================

Section Cross References

    startup_stm32f429xx.o(STACK) refers (Special) to heapauxi.o(.text) for __use_two_region_memory
    startup_stm32f429xx.o(HEAP) refers (Special) to heapauxi.o(.text) for __use_two_region_memory
    startup_stm32f429xx.o(RESET) refers (Special) to heapauxi.o(.text) for __use_two_region_memory
    startup_stm32f429xx.o(RESET) refers to startup_stm32f429xx.o(STACK) for __initial_sp
    startup_stm32f429xx.o(RESET) refers to startup_stm32f429xx.o(.text) for Reset_Handler
    startup_stm32f429xx.o(RESET) refers to stm32f4xx_it.o(.text.NMI_Handler) for NMI_Handler
    startup_stm32f429xx.o(RESET) refers to stm32f4xx_it.o(.text.HardFault_Handler) for HardFault_Handler
    startup_stm32f429xx.o(RESET) refers to stm32f4xx_it.o(.text.MemManage_Handler) for MemManage_Handler
    startup_stm32f429xx.o(RESET) refers to stm32f4xx_it.o(.text.BusFault_Handler) for BusFault_Handler
    startup_stm32f429xx.o(RESET) refers to stm32f4xx_it.o(.text.UsageFault_Handler) for UsageFault_Handler
    startup_stm32f429xx.o(RESET) refers to port.o(.text.SVC_Handler) for SVC_Handler
    startup_stm32f429xx.o(RESET) refers to stm32f4xx_it.o(.text.DebugMon_Handler) for DebugMon_Handler
    startup_stm32f429xx.o(RESET) refers to port.o(.text.PendSV_Handler) for PendSV_Handler
    startup_stm32f429xx.o(RESET) refers to stm32f4xx_it.o(.text.SysTick_Handler) for SysTick_Handler
    startup_stm32f429xx.o(RESET) refers to stm32f4xx_it.o(.text.EXTI3_IRQHandler) for EXTI3_IRQHandler
    startup_stm32f429xx.o(RESET) refers to stm32f4xx_it.o(.text.EXTI4_IRQHandler) for EXTI4_IRQHandler
    startup_stm32f429xx.o(.text) refers (Special) to heapauxi.o(.text) for __use_two_region_memory
    startup_stm32f429xx.o(.text) refers to system_stm32f4xx.o(.text.SystemInit) for SystemInit
    startup_stm32f429xx.o(.text) refers to __main.o(!!!main) for __main
    startup_stm32f429xx.o(.text) refers to startup_stm32f429xx.o(HEAP) for Heap_Mem
    startup_stm32f429xx.o(.text) refers to startup_stm32f429xx.o(STACK) for Stack_Mem
    main.o(.text.taskMatrix) refers to main.o(.data.name) for name
    main.o(.text.taskMatrix) refers to main.o(.bss..L_MergedGlobals) for .L_MergedGlobals
    main.o(.text.taskMatrix) refers to main.o(.data.YunTech_Logo) for YunTech_Logo
    main.o(.text.taskMatrix) refers to max7219.o(.text.Write_Matrix) for Write_Matrix
    main.o(.text.taskMatrix) refers to queue.o(.text.xQueueReceiveFromISR) for xQueueReceiveFromISR
    main.o(.text.taskMatrix) refers to tasks.o(.text.vTaskDelay) for vTaskDelay
    main.o(.ARM.exidx.text.taskMatrix) refers to main.o(.text.taskMatrix) for [Anonymous Symbol]
    main.o(.text.HAL_GPIO_EXTI_Callback) refers to stm32f4xx_hal_gpio.o(.text.HAL_GPIO_ReadPin) for HAL_GPIO_ReadPin
    main.o(.text.HAL_GPIO_EXTI_Callback) refers to main.o(.bss..L_MergedGlobals) for .L_MergedGlobals
    main.o(.text.HAL_GPIO_EXTI_Callback) refers to queue.o(.text.xQueueGenericSendFromISR) for xQueueGenericSendFromISR
    main.o(.ARM.exidx.text.HAL_GPIO_EXTI_Callback) refers to main.o(.text.HAL_GPIO_EXTI_Callback) for [Anonymous Symbol]
    main.o(.text.main) refers to stm32f4xx_hal.o(.text.HAL_Init) for HAL_Init
    main.o(.text.main) refers to main.o(.text.SystemClock_Config) for SystemClock_Config
    main.o(.text.main) refers to gpio.o(.text.MX_GPIO_Init) for MX_GPIO_Init
    main.o(.text.main) refers to spi.o(.text.MX_SPI1_Init) for MX_SPI1_Init
    main.o(.text.main) refers to max7219.o(.text.Init_MAX7219_8x8) for Init_MAX7219_8x8
    main.o(.text.main) refers to queue.o(.text.xQueueGenericCreate) for xQueueGenericCreate
    main.o(.text.main) refers to main.o(.bss..L_MergedGlobals) for .L_MergedGlobals
    main.o(.text.main) refers to main.o(.text.taskMatrix) for taskMatrix
    main.o(.text.main) refers to tasks.o(.text.xTaskCreate) for xTaskCreate
    main.o(.text.main) refers to tasks.o(.text.vTaskStartScheduler) for vTaskStartScheduler
    main.o(.text.main) refers to cmsis_os2.o(.text.osKernelInitialize) for osKernelInitialize
    main.o(.text.main) refers to freertos.o(.text.MX_FREERTOS_Init) for MX_FREERTOS_Init
    main.o(.text.main) refers to cmsis_os2.o(.text.osKernelStart) for osKernelStart
    main.o(.ARM.exidx.text.main) refers to main.o(.text.main) for [Anonymous Symbol]
    main.o(.text.SystemClock_Config) refers to stm32f4xx_hal_rcc.o(.text.HAL_RCC_OscConfig) for HAL_RCC_OscConfig
    main.o(.text.SystemClock_Config) refers to stm32f4xx_hal_rcc.o(.text.HAL_RCC_ClockConfig) for HAL_RCC_ClockConfig
    main.o(.ARM.exidx.text.SystemClock_Config) refers to main.o(.text.SystemClock_Config) for [Anonymous Symbol]
    main.o(.ARM.exidx.text.Error_Handler) refers to main.o(.text.Error_Handler) for [Anonymous Symbol]
    gpio.o(.text.MX_GPIO_Init) refers to stm32f4xx_hal_gpio.o(.text.HAL_GPIO_WritePin) for HAL_GPIO_WritePin
[...]
    heap_4.c                                 0x00000000   Number         0  heap_4.o ABSOLUTE
    list.c                                   0x00000000   Number         0  list.o ABSOLUTE
    main.c                                   0x00000000   Number         0  main.o ABSOLUTE
    max7219.c                                0x00000000   Number         0  max7219.o ABSOLUTE
    port.c                                   0x00000000   Number         0  port.o ABSOLUTE
    queue.c                                  0x00000000   Number         0  queue.o ABSOLUTE
    spi.c                                    0x00000000   Number         0  spi.o ABSOLUTE
    startup_stm32f429xx.s                    0x00000000   Number         0  startup_stm32f429xx.o ABSOLUTE
    stm32f4xx_hal.c                          0x00000000   Number         0  stm32f4xx_hal.o ABSOLUTE
    stm32f4xx_hal_cortex.c                   0x00000000   Number         0  stm32f4xx_hal_cortex.o ABSOLUTE
    stm32f4xx_hal_dma.c                      0x00000000   Number         0  stm32f4xx_hal_dma.o ABSOLUTE
    stm32f4xx_hal_dma_ex.c                   0x00000000   Number         0  stm32f4xx_hal_dma_ex.o ABSOLUTE
    stm32f4xx_hal_exti.c                     0x00000000   Number         0  stm32f4xx_hal_exti.o ABSOLUTE
    stm32f4xx_hal_flash.c                    0x00000000   Number         0  stm32f4xx_hal_flash.o ABSOLUTE
    stm32f4xx_hal_flash_ex.c                 0x00000000   Number         0  stm32f4xx_hal_flash_ex.o ABSOLUTE
    stm32f4xx_hal_flash_ramfunc.c            0x00000000   Number         0  stm32f4xx_hal_flash_ramfunc.o ABSOLUTE
    stm32f4xx_hal_gpio.c                     0x00000000   Number         0  stm32f4xx_hal_gpio.o ABSOLUTE
    stm32f4xx_hal_msp.c                      0x00000000   Number         0  stm32f4xx_hal_msp.o ABSOLUTE
    stm32f4xx_hal_pwr.c                      0x00000000   Number         0  stm32f4xx_hal_pwr.o ABSOLUTE
    stm32f4xx_hal_pwr_ex.c                   0x00000000   Number         0  stm32f4xx_hal_pwr_ex.o ABSOLUTE
    stm32f4xx_hal_rcc.c                      0x00000000   Number         0  stm32f4xx_hal_rcc.o ABSOLUTE
    stm32f4xx_hal_rcc_ex.c                   0x00000000   Number         0  stm32f4xx_hal_rcc_ex.o ABSOLUTE
    stm32f4xx_hal_spi.c                      0x00000000   Number         0  stm32f4xx_hal_spi.o ABSOLUTE
    stm32f4xx_hal_tim.c                      0x00000000   Number         0  stm32f4xx_hal_tim.o ABSOLUTE
    stm32f4xx_hal_tim_ex.c                   0x00000000   Number         0  stm32f4xx_hal_tim_ex.o ABSOLUTE
    stm32f4xx_it.c                           0x00000000   Number         0  stm32f4xx_it.o ABSOLUTE
    stream_buffer.c                          0x00000000   Number         0  stream_buffer.o ABSOLUTE
    system_stm32f4xx.c                       0x00000000   Number         0  system_stm32f4xx.o ABSOLUTE
    tasks.c                                  0x00000000   Number         0  tasks.o ABSOLUTE
    timers.c                                 0x00000000   Number         0  timers.o ABSOLUTE
    RESET                                    0x08000000   Section      428  startup_stm32f429xx.o(RESET)
    !!!main                                  0x080001ac   Section        8  __main.o(!!!main)
    !!!scatter                               0x080001b4   Section       52  __scatter.o(!!!scatter)
    !!handler_copy                           0x080001e8   Section       26  __scatter_copy.o(!!handler_copy)
    !!handler_zi                             0x08000204   Section       28  __scatter_zi.o(!!handler_zi)
    .ARM.Collect$$libinit$$00000000          0x08000220   Section        2  libinit.o(.ARM.Collect$$libinit$$00000000)
    .ARM.Collect$$libinit$$00000001          0x08000222   Section        4  libinit2.o(.ARM.Collect$$libinit$$00000001)
    .ARM.Collect$$libinit$$00000004          0x08000226   Section        0  libinit2.o(.ARM.Collect$$libinit$$00000004)
    .ARM.Collect$$libinit$$00000006          0x08000226   Section        0  libinit2.o(.ARM.Collect$$libinit$$00000006)
    .ARM.Collect$$libinit$$0000000C          0x08000226   Section        0  libinit2.o(.ARM.Collect$$libinit$$0000000C)
    .ARM.Collect$$libinit$$0000000E          0x08000226   Section        0  libinit2.o(.ARM.Collect$$libinit$$0000000E)
    .ARM.Collect$$libinit$$00000010          0x08000226   Section        0  libinit2.o(.ARM.Collect$$libinit$$00000010)
    .ARM.Collect$$libinit$$00000013          0x08000226   Section        0  libinit2.o(.ARM.Collect$$libinit$$00000013)
    .ARM.Collect$$libinit$$00000015          0x08000226   Section        0  libinit2.o(.ARM.Collect$$libinit$$00000015)
    .ARM.Collect$$libinit$$00000017          0x08000226   Section        0  libinit2.o(.ARM.Collect$$libinit$$00000017)
    .ARM.Collect$$libinit$$00000019          0x08000226   Section        0  libinit2.o(.ARM.Collect$$libinit$$00000019)
    .ARM.Collect$$libinit$$0000001B          0x08000226   Section        0  libinit2.o(.ARM.Collect$$libinit$$0000001B)
    .ARM.Collect$$libinit$$0000001D          0x08000226   Section        0  libinit2.o(.ARM.Collect$$libinit$$0000001D)
    .ARM.Collect$$libinit$$0000001F          0x08000226   Section        0  libinit2.o(.ARM.Collect$$libinit$$0000001F)
    .ARM.Collect$$libinit$$00000021          0x08000226   Section        0  libinit2.o(.ARM.Collect$$libinit$$00000021)
    .ARM.Collect$$libinit$$00000023          0x08000226   Section        0  libinit2.o(.ARM.Collect$$libinit$$00000023)
    .ARM.Collect$$libinit$$00000025          0x08000226   Section        0  libinit2.o(.ARM.Collect$$libinit$$00000025)
    .ARM.Collect$$libinit$$00000027          0x08000226   Section        0  libinit2.o(.ARM.Collect$$libinit$$00000027)
    .ARM.Collect$$libinit$$0000002E          0x08000226   Section        0  libinit2.o(.ARM.Collect$$libinit$$0000002E)
    .ARM.Collect$$libinit$$00000030          0x08000226   Section        0  libinit2.o(.ARM.Collect$$libinit$$00000030)
    .ARM.Collect$$libinit$$00000032          0x08000226   Section        0  libinit2.o(.ARM.Collect$$libinit$$00000032)
    .ARM.Collect$$libinit$$00000034          0x08000226   Section        0  libinit2.o(.ARM.Collect$$libinit$$00000034)
    .ARM.Collect$$libinit$$00000035          0x08000226   Section        2  libinit2.o(.ARM.Collect$$libinit$$00000035)
    .ARM.Collect$$libshutdown$$00000000      0x08000228   Section        2  libshutdown.o(.ARM.Collect$$libshutdown$$00000000)
    .ARM.Collect$$libshutdown$$00000002      0x0800022a   Section        0  libshutdown2.o(.ARM.Collect$$libshutdown$$00000002)
    .ARM.Collect$$libshutdown$$00000004      0x0800022a   Section        0  libshutdown2.o(.ARM.Collect$$libshutdown$$00000004)
    .ARM.Collect$$libshutdown$$00000007      0x0800022a   Section        0  libshutdown2.o(.ARM.Collect$$libshutdown$$00000007)
    .ARM.Collect$$libshutdown$$0000000A      0x0800022a   Section        0  libshutdown2.o(.ARM.Collect$$libshutdown$$0000000A)
    .ARM.Collect$$libshutdown$$0000000C      0x0800022a   Section        0  libshutdown2.o(.ARM.Collect$$libshutdown$$0000000C)
    .ARM.Collect$$libshutdown$$0000000F      0x0800022a   Section        0  libshutdown2.o(.ARM.Collect$$libshutdown$$0000000F)
    .ARM.Collect$$libshutdown$$00000010      0x0800022a   Section        2  libshutdown2.o(.ARM.Collect$$libshutdown$$00000010)
    .ARM.Collect$$rtentry$$00000000          0x0800022c   Section        0  __rtentry.o(.ARM.Collect$$rtentry$$00000000)
    .ARM.Collect$$rtentry$$00000002          0x0800022c   Section        0  __rtentry2.o(.ARM.Collect$$rtentry$$00000002)
    .ARM.Collect$$rtentry$$00000004          0x0800022c   Section        6  __rtentry4.o(.ARM.Collect$$rtentry$$00000004)
    .ARM.Collect$$rtentry$$00000009          0x08000232   Section        0  __rtentry2.o(.ARM.Collect$$rtentry$$00000009)
    .ARM.Collect$$rtentry$$0000000A          0x08000232   Section        4  __rtentry2.o(.ARM.Collect$$rtentry$$0000000A)
    .ARM.Collect$$rtentry$$0000000C          0x08000236   Section        0  __rtentry2.o(.ARM.Collect$$rtentry$$0000000C)
    .ARM.Collect$$rtentry$$0000000D          0x08000236   Section        8  __rtentry2.o(.ARM.Collect$$rtentry$$0000000D)
    .ARM.Collect$$rtexit$$00000000           0x0800023e   Section        2  rtexit.o(.ARM.Collect$$rtexit$$00000000)
    .ARM.Collect$$rtexit$$00000002           0x08000240   Section        0  rtexit2.o(.ARM.Collect$$rtexit$$00000002)
    .ARM.Collect$$rtexit$$00000003           0x08000240   Section        4  rtexit2.o(.ARM.Collect$$rtexit$$00000003)
    .ARM.Collect$$rtexit$$00000004           0x08000244   Section        6  rtexit2.o(.ARM.Collect$$rtexit$$00000004)
    $v0                                      0x0800024c   Number         0  startup_stm32f429xx.o(.text)
    .text                                    0x0800024c   Section       64  startup_stm32f429xx.o(.text)
    .text                                    0x0800028c   Section      240  lludivv7m.o(.text)
    .text                                    0x0800037c   Section      138  rt_memcpy_v6.o(.text)
    .text                                    0x08000406   Section       16  aeabi_memset4.o(.text)
    .text                                    0x08000416   Section       78  rt_memclr_w.o(.text)
    .text                                    0x08000464   Section        0  heapauxi.o(.text)
    .text                                    0x0800046a   Section      100  rt_memcpy_w.o(.text)
    .text                                    0x080004ce   Section       74  sys_stackheap_outer.o(.text)
    .text                                    0x08000518   Section        0  exit.o(.text)
    .text                                    0x0800052c   Section        8  libspace.o(.text)
    .text                                    0x08000534   Section        0  sys_exit.o(.text)
    .text                                    0x08000540   Section        2  use_no_semi.o(.text)
    .text                                    0x08000542   Section        0  indicate_semi.o(.text)
    [Anonymous Symbol]                       0x08000544   Section        0  stm32f4xx_it.o(.text.BusFault_Handler)
    [Anonymous Symbol]                       0x08000548   Section        0  stm32f4xx_it.o(.text.DebugMon_Handler)
    [Anonymous Symbol]                       0x0800054c   Section        0  stm32f4xx_it.o(.text.EXTI3_IRQHandler)
    [Anonymous Symbol]                       0x08000554   Section        0  stm32f4xx_it.o(.text.EXTI4_IRQHandler)
    [Anonymous Symbol]                       0x0800055c   Section        0  main.o(.text.Error_Handler)
    [Anonymous Symbol]                       0x08000568   Section        0  main.o(.text.HAL_GPIO_EXTI_Callback)
    [Anonymous Symbol]                       0x080005c0   Section        0  stm32f4xx_hal_gpio.o(.text.HAL_GPIO_EXTI_IRQHandler)
    [Anonymous Symbol]                       0x080005d8   Section        0  stm32f4xx_hal_gpio.o(.text.HAL_GPIO_Init)
    [Anonymous Symbol]                       0x08000780   Section        0  stm32f4xx_hal_gpio.o(.text.HAL_GPIO_ReadPin)
    [Anonymous Symbol]                       0x0800078c   Section        0  stm32f4xx_hal_gpio.o(.text.HAL_GPIO_WritePin)
    [Anonymous Symbol]                       0x08000798   Section        0  stm32f4xx_hal.o(.text.HAL_GetTick)
    [Anonymous Symbol]                       0x080007a4   Section        0  stm32f4xx_hal.o(.text.HAL_IncTick)
    [Anonymous Symbol]                       0x080007c0   Section        0  stm32f4xx_hal.o(.text.HAL_Init)
    [Anonymous Symbol]                       0x080007f8   Section        0  stm32f4xx_hal.o(.text.HAL_InitTick)
    [Anonymous Symbol]                       0x08000840   Section        0  stm32f4xx_hal_msp.o(.text.HAL_MspInit)
    [Anonymous Symbol]                       0x08000884   Section        0  stm32f4xx_hal_cortex.o(.text.HAL_NVIC_EnableIRQ)
    [Anonymous Symbol]                       0x080008ac   Section        0  stm32f4xx_hal_cortex.o(.text.HAL_NVIC_SetPriority)
    [Anonymous Symbol]                       0x08000904   Section        0  stm32f4xx_hal_cortex.o(.text.HAL_NVIC_SetPriorityGrouping)
    [Anonymous Symbol]                       0x08000924   Section        0  stm32f4xx_hal_rcc.o(.text.HAL_RCC_ClockConfig)
    [Anonymous Symbol]                       0x08000a84   Section        0  stm32f4xx_hal_rcc.o(.text.HAL_RCC_GetSysClockFreq)
    [Anonymous Symbol]                       0x08000af0   Section        0  stm32f4xx_hal_rcc.o(.text.HAL_RCC_OscConfig)
    [Anonymous Symbol]                       0x08000e64   Section        0  stm32f4xx_hal_spi.o(.text.HAL_SPI_Init)
    [Anonymous Symbol]                       0x08000f18   Section        0  spi.o(.text.HAL_SPI_MspInit)
    [Anonymous Symbol]                       0x08000f84   Section        0  stm32f4xx_hal_spi.o(.text.HAL_SPI_Transmit)
    [Anonymous Symbol]                       0x080011d8   Section        0  stm32f4xx_hal_cortex.o(.text.HAL_SYSTICK_Config)
    [Anonymous Symbol]                       0x08001204   Section        0  stm32f4xx_it.o(.text.HardFault_Handler)
    [Anonymous Symbol]                       0x08001208   Section        0  max7219.o(.text.Init_MAX7219_8x8)
    [Anonymous Symbol]                       0x08001460   Section        0  freertos.o(.text.MX_FREERTOS_Init)
    [Anonymous Symbol]                       0x08001484   Section        0  gpio.o(.text.MX_GPIO_Init)
    [Anonymous Symbol]                       0x08001560   Section        0  spi.o(.text.MX_SPI1_Init)
    [Anonymous Symbol]                       0x080015ac   Section        0  stm32f4xx_it.o(.text.MemManage_Handler)
    [Anonymous Symbol]                       0x080015b0   Section        0  stm32f4xx_it.o(.text.NMI_Handler)
    [Anonymous Symbol]                       0x080015c0   Section        0  port.o(.text.PendSV_Handler)
    pxCurrentTCBConst                        0x08001620   Number         0  port.o(.text.PendSV_Handler)
    SPI_WaitFlagStateUntilTimeout            0x08001625   Thumb Code   228  stm32f4xx_hal_spi.o(.text.SPI_WaitFlagStateUntilTimeout)
    [Anonymous Symbol]                       0x08001624   Section        0  stm32f4xx_hal_spi.o(.text.SPI_WaitFlagStateUntilTimeout)
    [Anonymous Symbol]                       0x08001710   Section        0  port.o(.text.SVC_Handler)
    pxCurrentTCBConst2                       0x08001730   Number         0  port.o(.text.SVC_Handler)
    [Anonymous Symbol]                       0x08001734   Section        0  freertos.o(.text.StartDefaultTask)
    [Anonymous Symbol]                       0x0800173c   Section        0  stm32f4xx_it.o(.text.SysTick_Handler)
    [Anonymous Symbol]                       0x08001754   Section        0  main.o(.text.SystemClock_Config)
    [Anonymous Symbol]                       0x08001804   Section        0  system_stm32f4xx.o(.text.SystemInit)
    [Anonymous Symbol]                       0x08001818   Section        0  stm32f4xx_it.o(.text.UsageFault_Handler)
    [Anonymous Symbol]                       0x0800181c   Section        0  max7219.o(.text.Write_Matrix)
    [Anonymous Symbol]                       0x080018b8   Section        0  main.o(.text.main)
    [Anonymous Symbol]                       0x0800191c   Section        0  cmsis_os2.o(.text.osDelay)
    [Anonymous Symbol]                       0x0800193c   Section        0  cmsis_os2.o(.text.osKernelInitialize)
    [Anonymous Symbol]                       0x08001964   Section        0  cmsis_os2.o(.text.osKernelStart)
    [Anonymous Symbol]                       0x080019a0   Section        0  cmsis_os2.o(.text.osThreadNew)
    prvAddNewTaskToReadyList                 0x08001a51   Thumb Code   650  tasks.o(.text.prvAddNewTaskToReadyList)
    [Anonymous Symbol]                       0x08001a50   Section        0  tasks.o(.text.prvAddNewTaskToReadyList)
    prvIdleTask                              0x08001cdd   Thumb Code   134  tasks.o(.text.prvIdleTask)
    [Anonymous Symbol]                       0x08001cdc   Section        0  tasks.o(.text.prvIdleTask)
    prvInitialiseNewTask                     0x08001d65   Thumb Code   296  tasks.o(.text.prvInitialiseNewTask)
    [Anonymous Symbol]                       0x08001d64   Section        0  tasks.o(.text.prvInitialiseNewTask)
    prvPortStartFirstTask                    0x08001e8d   Thumb Code    40  port.o(.text.prvPortStartFirstTask)
    [Anonymous Symbol]                       0x08001e8c   Section        0  port.o(.text.prvPortStartFirstTask)
    prvTaskExitError                         0x08001eb5   Thumb Code    62  port.o(.text.prvTaskExitError)
    [Anonymous Symbol]                       0x08001eb4   Section        0  port.o(.text.prvTaskExitError)
    prvTimerTask                             0x08001ef5   Thumb Code   906  timers.o(.text.prvTimerTask)
    [Anonymous Symbol]                       0x08001ef4   Section        0  timers.o(.text.prvTimerTask)
    prvUnlockQueue                           0x08002281   Thumb Code   116  queue.o(.text.prvUnlockQueue)
    [Anonymous Symbol]                       0x08002280   Section        0  queue.o(.text.prvUnlockQueue)
    [Anonymous Symbol]                       0x080022f4   Section        0  heap_4.o(.text.pvPortMalloc)
    [Anonymous Symbol]                       0x08002500   Section        0  port.o(.text.pxPortInitialiseStack)
    [Anonymous Symbol]                       0x08002528   Section        0  main.o(.text.taskMatrix)
    [Anonymous Symbol]                       0x080028dc   Section        0  list.o(.text.uxListRemove)
    [Anonymous Symbol]                       0x08002900   Section        0  cmsis_os2.o(.text.vApplicationGetIdleTaskMemory)
    [Anonymous Symbol]                       0x0800291c   Section        0  cmsis_os2.o(.text.vApplicationGetTimerTaskMemory)
    [Anonymous Symbol]                       0x08002938   Section        0  list.o(.text.vListInitialise)
    [Anonymous Symbol]                       0x08002950   Section        0  list.o(.text.vListInitialiseItem)
    [Anonymous Symbol]                       0x08002958   Section        0  list.o(.text.vListInsert)
    [Anonymous Symbol]                       0x080029bc   Section        0  list.o(.text.vListInsertEnd)
    vPortEnableVFP                           0x080029d9   Thumb Code    20  port.o(.text.vPortEnableVFP)
    [Anonymous Symbol]                       0x080029d8   Section        0  port.o(.text.vPortEnableVFP)
    [Anonymous Symbol]                       0x080029ec   Section        0  port.o(.text.vPortEnterCritical)
    [Anonymous Symbol]                       0x08002a34   Section        0  port.o(.text.vPortExitCritical)
    [Anonymous Symbol]                       0x08002a64   Section        0  heap_4.o(.text.vPortFree)
    [Anonymous Symbol]                       0x08002b38   Section        0  port.o(.text.vPortSetupTimerInterrupt)
    [Anonymous Symbol]                       0x08002b6c   Section        0  port.o(.text.vPortValidateInterruptPriority)
    [Anonymous Symbol]                       0x08002bcc   Section        0  queue.o(.text.vQueueAddToRegistry)
    [Anonymous Symbol]                       0x08002c7c   Section        0  queue.o(.text.vQueueWaitForMessageRestricted)
    [Anonymous Symbol]                       0x08002cd0   Section        0  tasks.o(.text.vTaskDelay)
    [Anonymous Symbol]                       0x08002d50   Section        0  tasks.o(.text.vTaskInternalSetTimeOutState)
    [Anonymous Symbol]                       0x08002d64   Section        0  tasks.o(.text.vTaskMissedYield)
    [Anonymous Symbol]                       0x08002d74   Section        0  tasks.o(.text.vTaskPlaceOnEventList)
    [Anonymous Symbol]                       0x08002de8   Section        0  tasks.o(.text.vTaskPlaceOnEventListRestricted)
    [Anonymous Symbol]                       0x08002e64   Section        0  tasks.o(.text.vTaskStartScheduler)
    [Anonymous Symbol]                       0x08002f54   Section        0  tasks.o(.text.vTaskSuspendAll)
    __tagsym$$used.0                         0x08002f64   Number         0  tasks.o(.text.vTaskSwitchContext)
    [Anonymous Symbol]                       0x08002f64   Section        0  tasks.o(.text.vTaskSwitchContext)
    [Anonymous Symbol]                       0x08003020   Section        0  port.o(.text.xPortStartScheduler)
    [Anonymous Symbol]                       0x080031a4   Section        0  port.o(.text.xPortSysTickHandler)
    [Anonymous Symbol]                       0x080031d4   Section        0  queue.o(.text.xQueueGenericCreate)
    [Anonymous Symbol]                       0x0800325c   Section        0  queue.o(.text.xQueueGenericCreateStatic)
    [Anonymous Symbol]                       0x0800333c   Section        0  queue.o(.text.xQueueGenericSend)
    [Anonymous Symbol]                       0x08003568   Section        0  queue.o(.text.xQueueGenericSendFromISR)
    [Anonymous Symbol]                       0x080036c0   Section        0  queue.o(.text.xQueueReceive)
    [Anonymous Symbol]                       0x08003864   Section        0  queue.o(.text.xQueueReceiveFromISR)
    [Anonymous Symbol]                       0x08003948   Section        0  tasks.o(.text.xTaskCheckForTimeOut)
    [Anonymous Symbol]                       0x080039ec   Section        0  tasks.o(.text.xTaskCreate)
    [Anonymous Symbol]                       0x08003a4c   Section        0  tasks.o(.text.xTaskCreateStatic)
    [Anonymous Symbol]                       0x08003ac4   Section        0  tasks.o(.text.xTaskGetSchedulerState)
    [Anonymous Symbol]                       0x08003ae4   Section        0  tasks.o(.text.xTaskGetTickCount)
    [Anonymous Symbol]                       0x08003af0   Section        0  tasks.o(.text.xTaskIncrementTick)
    [Anonymous Symbol]                       0x08003bf4   Section        0  tasks.o(.text.xTaskPriorityDisinherit)
    [Anonymous Symbol]                       0x08003c80   Section        0  tasks.o(.text.xTaskRemoveFromEventList)
    [Anonymous Symbol]                       0x08003cf4   Section        0  tasks.o(.text.xTaskResumeAll)
    [Anonymous Symbol]                       0x08003de4   Section        0  timers.o(.text.xTimerCreateTimerTask)
    $v0                                      0x08003e98   Number         0  fpinit.o(x$fpl$fpinit)
    x$fpl$fpinit                             0x08003e98   Section       26  fpinit.o(x$fpl$fpinit)
    [Anonymous Symbol]                       0x08003ee8   Section        0  freertos.o(.rodata.str1.1)
    .L.str.1                                 0x08003ef4   Data           5  timers.o(.rodata.str1.1)
    [Anonymous Symbol]                       0x08003ef4   Section        0  timers.o(.rodata.str1.1)
    .L_MergedGlobals                         0x20000000   Data           8  stm32f4xx_hal.o(.data..L_MergedGlobals)
    [Anonymous Symbol]                       0x20000000   Section        0  stm32f4xx_hal.o(.data..L_MergedGlobals)
    uxCriticalNesting                        0x200000ec   Data           4  port.o(.data.uxCriticalNesting)
    [Anonymous Symbol]                       0x200000ec   Section        0  port.o(.data.uxCriticalNesting)
    .bss                                     0x200000f0   Section       96  libspace.o(.bss)
    .L_MergedGlobals                         0x20000150   Data          52  main.o(.bss..L_MergedGlobals)
    [Anonymous Symbol]                       0x20000150   Section        0  main.o(.bss..L_MergedGlobals)
    .L_MergedGlobals                         0x20000184   Data         120  tasks.o(.bss..L_MergedGlobals)
    [Anonymous Symbol]                       0x20000184   Section        0  tasks.o(.bss..L_MergedGlobals)
    uxTaskNumber                             0x20000188   Data           4  tasks.o(.bss..L_MergedGlobals)
    uxDeletedTasksWaitingCleanUp             0x2000018c   Data           4  tasks.o(.bss..L_MergedGlobals)
    uxCurrentNumberOfTasks                   0x20000190   Data           4  tasks.o(.bss..L_MergedGlobals)
    xSchedulerRunning                        0x20000194   Data           4  tasks.o(.bss..L_MergedGlobals)
    uxSchedulerSuspended                     0x20000198   Data           4  tasks.o(.bss..L_MergedGlobals)
    xTickCount                               0x2000019c   Data           4  tasks.o(.bss..L_MergedGlobals)
    pxDelayedTaskList                        0x200001a0   Data           4  tasks.o(.bss..L_MergedGlobals)
    pxOverflowDelayedTaskList                0x200001a4   Data           4  tasks.o(.bss..L_MergedGlobals)
    uxTopReadyPriority                       0x200001a8   Data           4  tasks.o(.bss..L_MergedGlobals)
    xIdleTaskHandle                          0x200001ac   Data           4  tasks.o(.bss..L_MergedGlobals)
    xNextTaskUnblockTime                     0x200001b0   Data           4  tasks.o(.bss..L_MergedGlobals)
    xYieldPending                            0x200001b4   Data           4  tasks.o(.bss..L_MergedGlobals)
    xPendedTicks                             0x200001b8   Data           4  tasks.o(.bss..L_MergedGlobals)
    xNumOfOverflows                          0x200001bc   Data           4  tasks.o(.bss..L_MergedGlobals)
    xTasksWaitingTermination                 0x200001c0   Data          20  tasks.o(.bss..L_MergedGlobals)
    xSuspendedTaskList                       0x200001d4   Data          20  tasks.o(.bss..L_MergedGlobals)
    xPendingReadyList                        0x200001e8   Data          20  tasks.o(.bss..L_MergedGlobals)
    .L_MergedGlobals                         0x200001fc   Data          60  timers.o(.bss..L_MergedGlobals)
    xTimerQueue                              0x200001fc   Data           4  timers.o(.bss..L_MergedGlobals)
    [Anonymous Symbol]                       0x200001fc   Section        0  timers.o(.bss..L_MergedGlobals)
    xTimerTaskHandle                         0x20000200   Data           4  timers.o(.bss..L_MergedGlobals)
    pxCurrentTimerList                       0x20000204   Data           4  timers.o(.bss..L_MergedGlobals)
    pxOverflowTimerList                      0x20000208   Data           4  timers.o(.bss..L_MergedGlobals)
    prvSampleTimeNow.xLastTime               0x2000020c   Data           4  timers.o(.bss..L_MergedGlobals)
    xActiveTimerList1                        0x20000210   Data          20  timers.o(.bss..L_MergedGlobals)
    xActiveTimerList2                        0x20000224   Data          20  timers.o(.bss..L_MergedGlobals)
    .L_MergedGlobals                         0x20000238   Data          32  heap_4.o(.bss..L_MergedGlobals)
    xBlockAllocatedBit                       0x20000238   Data           1  heap_4.o(.bss..L_MergedGlobals)
    [Anonymous Symbol]                       0x20000238   Section        0  heap_4.o(.bss..L_MergedGlobals)
    pxEnd                                    0x2000023c   Data           4  heap_4.o(.bss..L_MergedGlobals)
    xFreeBytesRemaining                      0x20000240   Data           4  heap_4.o(.bss..L_MergedGlobals)
    xMinimumEverFreeBytesRemaining           0x20000244   Data           4  heap_4.o(.bss..L_MergedGlobals)
    xNumberOfSuccessfulAllocations           0x20000248   Data           4  heap_4.o(.bss..L_MergedGlobals)
    xNumberOfSuccessfulFrees                 0x2000024c   Data           4  heap_4.o(.bss..L_MergedGlobals)
    xStart                                   0x20000250   Data           8  heap_4.o(.bss..L_MergedGlobals)
    .L_MergedGlobals                         0x20000258   Data           8  port.o(.bss..L_MergedGlobals)
    ucMaxSysCallPriority                     0x20000258   Data           1  port.o(.bss..L_MergedGlobals)
    [Anonymous Symbol]                       0x20000258   Section        0  port.o(.bss..L_MergedGlobals)
    ulMaxPRIGROUPValue                       0x2000025c   Data           4  port.o(.bss..L_MergedGlobals)
    .L_MergedGlobals.1                       0x20000260   Data          40  tasks.o(.bss..L_MergedGlobals.1)
    xDelayedTaskList1                        0x20000260   Data          20  tasks.o(.bss..L_MergedGlobals.1)
    [Anonymous Symbol]                       0x20000260   Section        0  tasks.o(.bss..L_MergedGlobals.1)
    xDelayedTaskList2                        0x20000274   Data          20  tasks.o(.bss..L_MergedGlobals.1)
    KernelState                              0x20000288   Data           4  cmsis_os2.o(.bss.KernelState)
    [Anonymous Symbol]                       0x20000288   Section        0  cmsis_os2.o(.bss.KernelState)
    prvCheckForValidListAndQueue.ucStaticTimerQueueStorage 0x200002e8   Data         160  timers.o(.bss.prvCheckForValidListAndQueue.ucStaticTimerQueueStorage)
    [Anonymous Symbol]                       0x200002e8   Section        0  timers.o(.bss.prvCheckForValidListAndQueue.ucStaticTimerQueueStorage)
    prvCheckForValidListAndQueue.xStaticTimerQueue 0x20000388   Data          80  timers.o(.bss.prvCheckForValidListAndQueue.xStaticTimerQueue)
    [Anonymous Symbol]                       0x20000388   Section        0  timers.o(.bss.prvCheckForValidListAndQueue.xStaticTimerQueue)
    pxReadyTasksLists                        0x200003d8   Data        1120  tasks.o(.bss.pxReadyTasksLists)
    [Anonymous Symbol]                       0x200003d8   Section        0  tasks.o(.bss.pxReadyTasksLists)
    ucHeap                                   0x20000838   Data       15360  heap_4.o(.bss.ucHeap)
    [Anonymous Symbol]                       0x20000838   Section        0  heap_4.o(.bss.ucHeap)
    vApplicationGetIdleTaskMemory.Idle_Stack 0x2000443c   Data         512  cmsis_os2.o(.bss.vApplicationGetIdleTaskMemory.Idle_Stack)
    [Anonymous Symbol]                       0x2000443c   Section        0  cmsis_os2.o(.bss.vApplicationGetIdleTaskMemory.Idle_Stack)
    vApplicationGetIdleTaskMemory.Idle_TCB   0x2000463c   Data          92  cmsis_os2.o(.bss.vApplicationGetIdleTaskMemory.Idle_TCB)
    [Anonymous Symbol]                       0x2000463c   Section        0  cmsis_os2.o(.bss.vApplicationGetIdleTaskMemory.Idle_TCB)
    vApplicationGetTimerTaskMemory.Timer_Stack 0x20004698   Data        1024  cmsis_os2.o(.bss.vApplicationGetTimerTaskMemory.Timer_Stack)
    [Anonymous Symbol]                       0x20004698   Section        0  cmsis_os2.o(.bss.vApplicationGetTimerTaskMemory.Timer_Stack)
    vApplicationGetTimerTaskMemory.Timer_TCB 0x20004a98   Data          92  cmsis_os2.o(.bss.vApplicationGetTimerTaskMemory.Timer_TCB)
    [Anonymous Symbol]                       0x20004a98   Section        0  cmsis_os2.o(.bss.vApplicationGetTimerTaskMemory.Timer_TCB)
    Heap_Mem                                 0x20004b38   Data         512  startup_stm32f429xx.o(HEAP)
    HEAP                                     0x20004b38   Section      512  startup_stm32f429xx.o(HEAP)
    Stack_Mem                                0x20004d38   Data        1024  startup_stm32f429xx.o(STACK)
    STACK                                    0x20004d38   Section     1024  startup_stm32f429xx.o(STACK)
    __initial_sp                             0x20005138   Data           0  startup_stm32f429xx.o(STACK)

    Global Symbols

    Symbol Name                              Value     Ov Type        Size  Object(Section)

    BuildAttributes$$THM_ISAv4$E$P$D$K$B$S$7EM$VFPi3$EXTD16$VFPS$VFMA$PE$A:L22UL41UL21$X:L11$S22US41US21$IEEE1$IW$~IW$USESV6$~STKCKD$USESV7$~SHL$OTIME$ROPI$EBA8$UX$STANDARDLIB$REQ8$PRES8$EABIv2 0x00000000   Number         0  anon$$obj.o ABSOLUTE
    __ARM_exceptions_init                     - Undefined Weak Reference
    __alloca_initialize                       - Undefined Weak Reference
    __arm_preinit_                            - Undefined Weak Reference
    __arm_relocate_pie_                       - Undefined Weak Reference
    __cpp_initialize__aeabi_                  - Undefined Weak Reference
    __cxa_finalize                            - Undefined Weak Reference
    __rt_locale                               - Undefined Weak Reference
    __sigvec_lookup                           - Undefined Weak Reference
    _atexit_init                              - Undefined Weak Reference
    _call_atexit_fns                          - Undefined Weak Reference
    _clock_init                               - Undefined Weak Reference
    _fp_trap_init                             - Undefined Weak Reference
    _fp_trap_shutdown                         - Undefined Weak Reference
    _get_lc_collate                           - Undefined Weak Reference
    _get_lc_ctype                             - Undefined Weak Reference
    _get_lc_monetary                          - Undefined Weak Reference
    _get_lc_numeric                           - Undefined Weak Reference
    _get_lc_time                              - Undefined Weak Reference
    _getenv_init                              - Undefined Weak Reference
    _handle_redirection                       - Undefined Weak Reference
    _init_alloc                               - Undefined Weak Reference
    _init_user_alloc                          - Undefined Weak Reference
    _initio                                   - Undefined Weak Reference
    _rand_init                                - Undefined Weak Reference
    _signal_finish                            - Undefined Weak Reference
    _signal_init                              - Undefined Weak Reference
    _terminate_alloc                          - Undefined Weak Reference
    _terminate_user_alloc                     - Undefined Weak Reference
    _terminateio                              - Undefined Weak Reference
    __Vectors_Size                           0x000001ac   Number         0  startup_stm32f429xx.o ABSOLUTE
    __Vectors                                0x08000000   Data           4  startup_stm32f429xx.o(RESET)
    __Vectors_End                            0x080001ac   Data           0  startup_stm32f429xx.o(RESET)
    __main                                   0x080001ad   Thumb Code     8  __main.o(!!!main)
    __scatterload                            0x080001b5   Thumb Code     0  __scatter.o(!!!scatter)
    __scatterload_rt2                        0x080001b5   Thumb Code    44  __scatter.o(!!!scatter)
    __scatterload_rt2_thumb_only             0x080001b5   Thumb Code     0  __scatter.o(!!!scatter)
    __scatterload_null                       0x080001c3   Thumb Code     0  __scatter.o(!!!scatter)
    __scatterload_copy                       0x080001e9   Thumb Code    26  __scatter_copy.o(!!handler_copy)
    __scatterload_zeroinit                   0x08000205   Thumb Code    28  __scatter_zi.o(!!handler_zi)
    __rt_lib_init                            0x08000221   Thumb Code     0  libinit.o(.ARM.Collect$$libinit$$00000000)
    __rt_lib_init_fp_1                       0x08000223   Thumb Code     0  libinit2.o(.ARM.Collect$$libinit$$00000001)
    __rt_lib_init_alloca_1                   0x08000227   Thumb Code     0  libinit2.o(.ARM.Collect$$libinit$$00000030)
    __rt_lib_init_argv_1                     0x08000227   Thumb Code     0  libinit2.o(.ARM.Collect$$libinit$$0000002E)
    __rt_lib_init_atexit_1                   0x08000227   Thumb Code     0  libinit2.o(.ARM.Collect$$libinit$$0000001D)
    __rt_lib_init_clock_1                    0x08000227   Thumb Code     0  libinit2.o(.ARM.Collect$$libinit$$00000023)
    __rt_lib_init_cpp_1                      0x08000227   Thumb Code     0  libinit2.o(.ARM.Collect$$libinit$$00000034)
    __rt_lib_init_exceptions_1               0x08000227   Thumb Code     0  libinit2.o(.ARM.Collect$$libinit$$00000032)
    __rt_lib_init_fp_trap_1                  0x08000227   Thumb Code     0  libinit2.o(.ARM.Collect$$libinit$$00000021)
    __rt_lib_init_getenv_1                   0x08000227   Thumb Code     0  libinit2.o(.ARM.Collect$$libinit$$00000025)
    __rt_lib_init_heap_1                     0x08000227   Thumb Code     0  libinit2.o(.ARM.Collect$$libinit$$0000000C)
    __rt_lib_init_lc_collate_1               0x08000227   Thumb Code     0  libinit2.o(.ARM.Collect$$libinit$$00000013)
    __rt_lib_init_lc_ctype_1                 0x08000227   Thumb Code     0  libinit2.o(.ARM.Collect$$libinit$$00000015)
    __rt_lib_init_lc_monetary_1              0x08000227   Thumb Code     0  libinit2.o(.ARM.Collect$$libinit$$00000017)
    __rt_lib_init_lc_numeric_1               0x08000227   Thumb Code     0  libinit2.o(.ARM.Collect$$libinit$$00000019)
    __rt_lib_init_lc_time_1                  0x08000227   Thumb Code     0  libinit2.o(.ARM.Collect$$libinit$$0000001B)
    __rt_lib_init_preinit_1                  0x08000227   Thumb Code     0  libinit2.o(.ARM.Collect$$libinit$$00000006)
    __rt_lib_init_rand_1                     0x08000227   Thumb Code     0  libinit2.o(.ARM.Collect$$libinit$$00000010)
    __rt_lib_init_relocate_pie_1             0x08000227   Thumb Code     0  libinit2.o(.ARM.Collect$$libinit$$00000004)
    __rt_lib_init_return                     0x08000227   Thumb Code     0  libinit2.o(.ARM.Collect$$libinit$$00000035)
    __rt_lib_init_signal_1                   0x08000227   Thumb Code     0  libinit2.o(.ARM.Collect$$libinit$$0000001F)
    __rt_lib_init_stdio_1                    0x08000227   Thumb Code     0  libinit2.o(.ARM.Collect$$libinit$$00000027)
    __rt_lib_init_user_alloc_1               0x08000227   Thumb Code     0  libinit2.o(.ARM.Collect$$libinit$$0000000E)
    __rt_lib_shutdown                        0x08000229   Thumb Code     0  libshutdown.o(.ARM.Collect$$libshutdown$$00000000)
    __rt_lib_shutdown_cpp_1                  0x0800022b   Thumb Code     0  libshutdown2.o(.ARM.Collect$$libshutdown$$00000002)
    __rt_lib_shutdown_fp_trap_1              0x0800022b   Thumb Code     0  libshutdown2.o(.ARM.Collect$$libshutdown$$00000007)
    __rt_lib_shutdown_heap_1                 0x0800022b   Thumb Code     0  libshutdown2.o(.ARM.Collect$$libshutdown$$0000000F)
    __rt_lib_shutdown_return                 0x0800022b   Thumb Code     0  libshutdown2.o(.ARM.Collect$$libshutdown$$00000010)
    __rt_lib_shutdown_signal_1               0x0800022b   Thumb Code     0  libshutdown2.o(.ARM.Collect$$libshutdown$$0000000A)
    __rt_lib_shutdown_stdio_1                0x0800022b   Thumb Code     0  libshutdown2.o(.ARM.Collect$$libshutdown$$00000004)
    __rt_lib_shutdown_user_alloc_1           0x0800022b   Thumb Code     0  libshutdown2.o(.ARM.Collect$$libshutdown$$0000000C)
    __rt_entry                               0x0800022d   Thumb Code     0  __rtentry.o(.ARM.Collect$$rtentry$$00000000)
    __rt_entry_presh_1                       0x0800022d   Thumb Code     0  __rtentry2.o(.ARM.Collect$$rtentry$$00000002)
    __rt_entry_sh                            0x0800022d   Thumb Code     0  __rtentry4.o(.ARM.Collect$$rtentry$$00000004)
    __rt_entry_li                            0x08000233   Thumb Code     0  __rtentry2.o(.ARM.Collect$$rtentry$$0000000A)
    __rt_entry_postsh_1                      0x08000233   Thumb Code     0  __rtentry2.o(.ARM.Collect$$rtentry$$00000009)
    __rt_entry_main                          0x08000237   Thumb Code     0  __rtentry2.o(.ARM.Collect$$rtentry$$0000000D)
    __rt_entry_postli_1                      0x08000237   Thumb Code     0  __rtentry2.o(.ARM.Collect$$rtentry$$0000000C)
    __rt_exit                                0x0800023f   Thumb Code     0  rtexit.o(.ARM.Collect$$rtexit$$00000000)
    __rt_exit_ls                             0x08000241   Thumb Code     0  rtexit2.o(.ARM.Collect$$rtexit$$00000003)
    __rt_exit_prels_1                        0x08000241   Thumb Code     0  rtexit2.o(.ARM.Collect$$rtexit$$00000002)
    __rt_exit_exit                           0x08000245   Thumb Code     0  rtexit2.o(.ARM.Collect$$rtexit$$00000004)
    Reset_Handler                            0x0800024d   Thumb Code     8  startup_stm32f429xx.o(.text)
    ADC_IRQHandler                           0x08000267   Thumb Code     0  startup_stm32f429xx.o(.text)
    CAN1_RX0_IRQHandler                      0x08000267   Thumb Code     0  startup_stm32f429xx.o(.text)
    CAN1_RX1_IRQHandler                      0x08000267   Thumb Code     0  startup_stm32f429xx.o(.text)
    CAN1_SCE_IRQHandler                      0x08000267   Thumb Code     0  startup_stm32f429xx.o(.text)
    CAN1_TX_IRQHandler                       0x08000267   Thumb Code     0  startup_stm32f429xx.o(.text)
    CAN2_RX0_IRQHandler                      0x08000267   Thumb Code     0  startup_stm32f429xx.o(.text)
    CAN2_RX1_IRQHandler                      0x08000267   Thumb Code     0  startup_stm32f429xx.o(.text)
    CAN2_SCE_IRQHandler                      0x08000267   Thumb Code     0  startup_stm32f429xx.o(.text)
    CAN2_TX_IRQHandler                       0x08000267   Thumb Code     0  startup_stm32f429xx.o(.text)
    DCMI_IRQHandler                          0x08000267   Thumb Code     0  startup_stm32f429xx.o(.text)
    DMA1_Stream0_IRQHandler                  0x08000267   Thumb Code     0  startup_stm32f429xx.o(.text)
    DMA1_Stream1_IRQHandler                  0x08000267   Thumb Code     0  startup_stm32f429xx.o(.text)
    DMA1_Stream2_IRQHandler                  0x08000267   Thumb Code     0  startup_stm32f429xx.o(.text)
    DMA1_Stream3_IRQHandler                  0x08000267   Thumb Code     0  startup_stm32f429xx.o(.text)
    DMA1_Stream4_IRQHandler                  0x08000267   Thumb Code     0  startup_stm32f429xx.o(.text)
    DMA1_Stream5_IRQHandler                  0x08000267   Thumb Code     0  startup_stm32f429xx.o(.text)
    DMA1_Stream6_IRQHandler                  0x08000267   Thumb Code     0  startup_stm32f429xx.o(.text)
    DMA1_Stream7_IRQHandler                  0x08000267   Thumb Code     0  startup_stm32f429xx.o(.text)
    DMA2D_IRQHandler                         0x08000267   Thumb Code     0  startup_stm32f429xx.o(.text)
    DMA2_Stream0_IRQHandler                  0x08000267   Thumb Code     0  startup_stm32f429xx.o(.text)
    DMA2_Stream1_IRQHandler                  0x08000267   Thumb Code     0  startup_stm32f429xx.o(.text)
    DMA2_Stream2_IRQHandler                  0x08000267   Thumb Code     0  startup_stm32f429xx.o(.text)
    DMA2_Stream3_IRQHandler                  0x08000267   Thumb Code     0  startup_stm32f429xx.o(.text)
    DMA2_Stream4_IRQHandler                  0x08000267   Thumb Code     0  startup_stm32f429xx.o(.text)
    DMA2_Stream5_IRQHandler                  0x08000267   Thumb Code     0  startup_stm32f429xx.o(.text)
    DMA2_Stream6_IRQHandler                  0x08000267   Thumb Code     0  startup_stm32f429xx.o(.text)
    DMA2_Stream7_IRQHandler                  0x08000267   Thumb Code     0  startup_stm32f429xx.o(.text)
    ETH_IRQHandler                           0x08000267   Thumb Code     0  startup_stm32f429xx.o(.text)
    ETH_WKUP_IRQHandler                      0x08000267   Thumb Code     0  startup_stm32f429xx.o(.text)
    EXTI0_IRQHandler                         0x08000267   Thumb Code     0  startup_stm32f429xx.o(.text)
    EXTI15_10_IRQHandler                     0x08000267   Thumb Code     0  startup_stm32f429xx.o(.text)
    EXTI1_IRQHandler                         0x08000267   Thumb Code     0  startup_stm32f429xx.o(.text)
    EXTI2_IRQHandler                         0x08000267   Thumb Code     0  startup_stm32f429xx.o(.text)
    EXTI9_5_IRQHandler                       0x08000267   Thumb Code     0  startup_stm32f429xx.o(.text)
    FLASH_IRQHandler                         0x08000267   Thumb Code     0  startup_stm32f429xx.o(.text)
    FMC_IRQHandler                           0x08000267   Thumb Code     0  startup_stm32f429xx.o(.text)
    FPU_IRQHandler                           0x08000267   Thumb Code     0  startup_stm32f429xx.o(.text)
    HASH_RNG_IRQHandler                      0x08000267   Thumb Code     0  startup_stm32f429xx.o(.text)
    I2C1_ER_IRQHandler                       0x08000267   Thumb Code     0  startup_stm32f429xx.o(.text)
    I2C1_EV_IRQHandler                       0x08000267   Thumb Code     0  startup_stm32f429xx.o(.text)
    I2C2_ER_IRQHandler                       0x08000267   Thumb Code     0  startup_stm32f429xx.o(.text)
    I2C2_EV_IRQHandler                       0x08000267   Thumb Code     0  startup_stm32f429xx.o(.text)
    I2C3_ER_IRQHandler                       0x08000267   Thumb Code     0  startup_stm32f429xx.o(.text)
    I2C3_EV_IRQHandler                       0x08000267   Thumb Code     0  startup_stm32f429xx.o(.text)
    LTDC_ER_IRQHandler                       0x08000267   Thumb Code     0  startup_stm32f429xx.o(.text)
    LTDC_IRQHandler                          0x08000267   Thumb Code     0  startup_stm32f429xx.o(.text)
    OTG_FS_IRQHandler                        0x08000267   Thumb Code     0  startup_stm32f429xx.o(.text)
    OTG_FS_WKUP_IRQHandler                   0x08000267   Thumb Code     0  startup_stm32f429xx.o(.text)
    OTG_HS_EP1_IN_IRQHandler                 0x08000267   Thumb Code     0  startup_stm32f429xx.o(.text)
    OTG_HS_EP1_OUT_IRQHandler                0x08000267   Thumb Code     0  startup_stm32f429xx.o(.text)
    OTG_HS_IRQHandler                        0x08000267   Thumb Code     0  startup_stm32f429xx.o(.text)
    OTG_HS_WKUP_IRQHandler                   0x08000267   Thumb Code     0  startup_stm32f429xx.o(.text)
    PVD_IRQHandler                           0x08000267   Thumb Code     0  startup_stm32f429xx.o(.text)
    RCC_IRQHandler                           0x08000267   Thumb Code     0  startup_stm32f429xx.o(.text)
    RTC_Alarm_IRQHandler                     0x08000267   Thumb Code     0  startup_stm32f429xx.o(.text)
    RTC_WKUP_IRQHandler                      0x08000267   Thumb Code     0  startup_stm32f429xx.o(.text)
    SAI1_IRQHandler                          0x08000267   Thumb Code     0  startup_stm32f429xx.o(.text)
    SDIO_IRQHandler                          0x08000267   Thumb Code     0  startup_stm32f429xx.o(.text)
    SPI1_IRQHandler                          0x08000267   Thumb Code     0  startup_stm32f429xx.o(.text)
    SPI2_IRQHandler                          0x08000267   Thumb Code     0  startup_stm32f429xx.o(.text)
    SPI3_IRQHandler                          0x08000267   Thumb Code     0  startup_stm32f429xx.o(.text)
    SPI4_IRQHandler                          0x08000267   Thumb Code     0  startup_stm32f429xx.o(.text)
    SPI5_IRQHandler                          0x08000267   Thumb Code     0  startup_stm32f429xx.o(.text)
    SPI6_IRQHandler                          0x08000267   Thumb Code     0  startup_stm32f429xx.o(.text)
    TAMP_STAMP_IRQHandler                    0x08000267   Thumb Code     0  startup_stm32f429xx.o(.text)
    TIM1_BRK_TIM9_IRQHandler                 0x08000267   Thumb Code     0  startup_stm32f429xx.o(.text)
    TIM1_CC_IRQHandler                       0x08000267   Thumb Code     0  startup_stm32f429xx.o(.text)
    TIM1_TRG_COM_TIM11_IRQHandler            0x08000267   Thumb Code     0  startup_stm32f429xx.o(.text)
    TIM1_UP_TIM10_IRQHandler                 0x08000267   Thumb Code     0  startup_stm32f429xx.o(.text)
    TIM2_IRQHandler                          0x08000267   Thumb Code     0  startup_stm32f429xx.o(.text)
    TIM3_IRQHandler                          0x08000267   Thumb Code     0  startup_stm32f429xx.o(.text)
    TIM4_IRQHandler                          0x08000267   Thumb Code     0  startup_stm32f429xx.o(.text)
    TIM5_IRQHandler                          0x08000267   Thumb Code     0  startup_stm32f429xx.o(.text)
    TIM6_DAC_IRQHandler                      0x08000267   Thumb Code     0  startup_stm32f429xx.o(.text)
    TIM7_IRQHandler                          0x08000267   Thumb Code     0  startup_stm32f429xx.o(.text)
    TIM8_BRK_TIM12_IRQHandler                0x08000267   Thumb Code     0  startup_stm32f429xx.o(.text)
    TIM8_CC_IRQHandler                       0x08000267   Thumb Code     0  startup_stm32f429xx.o(.text)
    TIM8_TRG_COM_TIM14_IRQHandler            0x08000267   Thumb Code     0  startup_stm32f429xx.o(.text)
    TIM8_UP_TIM13_IRQHandler                 0x08000267   Thumb Code     0  startup_stm32f429xx.o(.text)
    UART4_IRQHandler                         0x08000267   Thumb Code     0  startup_stm32f429xx.o(.text)
    UART5_IRQHandler                         0x08000267   Thumb Code     0  startup_stm32f429xx.o(.text)
    UART7_IRQHandler                         0x08000267   Thumb Code     0  startup_stm32f429xx.o(.text)
    UART8_IRQHandler                         0x08000267   Thumb Code     0  startup_stm32f429xx.o(.text)
    USART1_IRQHandler                        0x08000267   Thumb Code     0  startup_stm32f429xx.o(.text)
    USART2_IRQHandler                        0x08000267   Thumb Code     0  startup_stm32f429xx.o(.text)
    USART3_IRQHandler                        0x08000267   Thumb Code     0  startup_stm32f429xx.o(.text)
    USART6_IRQHandler                        0x08000267   Thumb Code     0  startup_stm32f429xx.o(.text)
    WWDG_IRQHandler                          0x08000267   Thumb Code     0  startup_stm32f429xx.o(.text)
    __user_initial_stackheap                 0x08000269   Thumb Code     0  startup_stm32f429xx.o(.text)
    __aeabi_uldivmod                         0x0800028d   Thumb Code     0  lludivv7m.o(.text)
    _ll_udiv                                 0x0800028d   Thumb Code   240  lludivv7m.o(.text)
    __aeabi_memcpy                           0x0800037d   Thumb Code     0  rt_memcpy_v6.o(.text)
    __rt_memcpy                              0x0800037d   Thumb Code   138  rt_memcpy_v6.o(.text)
    _memcpy_lastbytes                        0x080003e3   Thumb Code     0  rt_memcpy_v6.o(.text)
    __aeabi_memset4                          0x08000407   Thumb Code    16  aeabi_memset4.o(.text)
    __aeabi_memset8                          0x08000407   Thumb Code     0  aeabi_memset4.o(.text)
    __aeabi_memclr4                          0x08000417   Thumb Code     0  rt_memclr_w.o(.text)
    __aeabi_memclr8                          0x08000417   Thumb Code     0  rt_memclr_w.o(.text)
    __rt_memclr_w                            0x08000417   Thumb Code     0  rt_memclr_w.o(.text)
    _memset_w                                0x0800041b   Thumb Code    74  rt_memclr_w.o(.text)
    __use_two_region_memory                  0x08000465   Thumb Code     2  heapauxi.o(.text)
    __rt_heap_escrow$2region                 0x08000467   Thumb Code     2  heapauxi.o(.text)
    __rt_heap_expand$2region                 0x08000469   Thumb Code     2  heapauxi.o(.text)
    __aeabi_memcpy4                          0x0800046b   Thumb Code     0  rt_memcpy_w.o(.text)
    __aeabi_memcpy8                          0x0800046b   Thumb Code     0  rt_memcpy_w.o(.text)
    __rt_memcpy_w                            0x0800046b   Thumb Code   100  rt_memcpy_w.o(.text)
    _memcpy_lastbytes_aligned                0x080004b3   Thumb Code     0  rt_memcpy_w.o(.text)
    __user_setup_stackheap                   0x080004cf   Thumb Code    74  sys_stackheap_outer.o(.text)
    exit                                     0x08000519   Thumb Code    18  exit.o(.text)
    __user_libspace                          0x0800052d   Thumb Code     8  libspace.o(.text)
    __user_perproc_libspace                  0x0800052d   Thumb Code     0  libspace.o(.text)
    __user_perthread_libspace                0x0800052d   Thumb Code     0  libspace.o(.text)
    _sys_exit                                0x08000535   Thumb Code     8  sys_exit.o(.text)
    __I$use$semihosting                      0x08000541   Thumb Code     0  use_no_semi.o(.text)
    __use_no_semihosting_swi                 0x08000541   Thumb Code     2  use_no_semi.o(.text)
    __semihosting_library_function           0x08000543   Thumb Code     0  indicate_semi.o(.text)
    BusFault_Handler                         0x08000545   Thumb Code     2  stm32f4xx_it.o(.text.BusFault_Handler)
    DebugMon_Handler                         0x08000549   Thumb Code     2  stm32f4xx_it.o(.text.DebugMon_Handler)
    EXTI3_IRQHandler                         0x0800054d   Thumb Code     6  stm32f4xx_it.o(.text.EXTI3_IRQHandler)
    EXTI4_IRQHandler                         0x08000555   Thumb Code     6  stm32f4xx_it.o(.text.EXTI4_IRQHandler)
    Error_Handler                            0x0800055d   Thumb Code    10  main.o(.text.Error_Handler)
    HAL_GPIO_EXTI_Callback                   0x08000569   Thumb Code    86  main.o(.text.HAL_GPIO_EXTI_Callback)
    HAL_GPIO_EXTI_IRQHandler                 0x080005c1   Thumb Code    22  stm32f4xx_hal_gpio.o(.text.HAL_GPIO_EXTI_IRQHandler)
    HAL_GPIO_Init                            0x080005d9   Thumb Code   422  stm32f4xx_hal_gpio.o(.text.HAL_GPIO_Init)
    HAL_GPIO_ReadPin                         0x08000781   Thumb Code    10  stm32f4xx_hal_gpio.o(.text.HAL_GPIO_ReadPin)
    HAL_GPIO_WritePin                        0x0800078d   Thumb Code    10  stm32f4xx_hal_gpio.o(.text.HAL_GPIO_WritePin)
    HAL_GetTick                              0x08000799   Thumb Code    12  stm32f4xx_hal.o(.text.HAL_GetTick)
    HAL_IncTick                              0x080007a5   Thumb Code    26  stm32f4xx_hal.o(.text.HAL_IncTick)
    HAL_Init                                 0x080007c1   Thumb Code    54  stm32f4xx_hal.o(.text.HAL_Init)
    HAL_InitTick                             0x080007f9   Thumb Code    72  stm32f4xx_hal.o(.text.HAL_InitTick)
    HAL_MspInit                              0x08000841   Thumb Code    66  stm32f4xx_hal_msp.o(.text.HAL_MspInit)
    HAL_NVIC_EnableIRQ                       0x08000885   Thumb Code    38  stm32f4xx_hal_cortex.o(.text.HAL_NVIC_EnableIRQ)
    HAL_NVIC_SetPriority                     0x080008ad   Thumb Code    86  stm32f4xx_hal_cortex.o(.text.HAL_NVIC_SetPriority)
    HAL_NVIC_SetPriorityGrouping             0x08000905   Thumb Code    32  stm32f4xx_hal_cortex.o(.text.HAL_NVIC_SetPriorityGrouping)
    HAL_RCC_ClockConfig                      0x08000925   Thumb Code   352  stm32f4xx_hal_rcc.o(.text.HAL_RCC_ClockConfig)
    HAL_RCC_GetSysClockFreq                  0x08000a85   Thumb Code   108  stm32f4xx_hal_rcc.o(.text.HAL_RCC_GetSysClockFreq)
    HAL_RCC_OscConfig                        0x08000af1   Thumb Code   884  stm32f4xx_hal_rcc.o(.text.HAL_RCC_OscConfig)
    HAL_SPI_Init                             0x08000e65   Thumb Code   180  stm32f4xx_hal_spi.o(.text.HAL_SPI_Init)
    HAL_SPI_MspInit                          0x08000f19   Thumb Code   106  spi.o(.text.HAL_SPI_MspInit)
    HAL_SPI_Transmit                         0x08000f85   Thumb Code   594  stm32f4xx_hal_spi.o(.text.HAL_SPI_Transmit)
    HAL_SYSTICK_Config                       0x080011d9   Thumb Code    44  stm32f4xx_hal_cortex.o(.text.HAL_SYSTICK_Config)
    HardFault_Handler                        0x08001205   Thumb Code     2  stm32f4xx_it.o(.text.HardFault_Handler)
    Init_MAX7219_8x8                         0x08001209   Thumb Code   600  max7219.o(.text.Init_MAX7219_8x8)
    MX_FREERTOS_Init                         0x08001461   Thumb Code    36  freertos.o(.text.MX_FREERTOS_Init)
    MX_GPIO_Init                             0x08001485   Thumb Code   220  gpio.o(.text.MX_GPIO_Init)
    MX_SPI1_Init                             0x08001561   Thumb Code    76  spi.o(.text.MX_SPI1_Init)
    MemManage_Handler                        0x080015ad   Thumb Code     2  stm32f4xx_it.o(.text.MemManage_Handler)
    NMI_Handler                              0x080015b1   Thumb Code     2  stm32f4xx_it.o(.text.NMI_Handler)
    PendSV_Handler                           0x080015c1   Thumb Code   100  port.o(.text.PendSV_Handler)
    SVC_Handler                              0x08001711   Thumb Code    36  port.o(.text.SVC_Handler)
    StartDefaultTask                         0x08001735   Thumb Code     8  freertos.o(.text.StartDefaultTask)
    SysTick_Handler                          0x0800173d   Thumb Code    24  stm32f4xx_it.o(.text.SysTick_Handler)
    SystemClock_Config                       0x08001755   Thumb Code   176  main.o(.text.SystemClock_Config)
    SystemInit                               0x08001805   Thumb Code    18  system_stm32f4xx.o(.text.SystemInit)
    UsageFault_Handler                       0x08001819   Thumb Code     2  stm32f4xx_it.o(.text.UsageFault_Handler)
    Write_Matrix                             0x0800181d   Thumb Code   154  max7219.o(.text.Write_Matrix)
    main                                     0x080018b9   Thumb Code    92  main.o(.text.main)
    osDelay                                  0x0800191d   Thumb Code    32  cmsis_os2.o(.text.osDelay)
    osKernelInitialize                       0x0800193d   Thumb Code    40  cmsis_os2.o(.text.osKernelInitialize)
    osKernelStart                            0x08001965   Thumb Code    60  cmsis_os2.o(.text.osKernelStart)
    osThreadNew                              0x080019a1   Thumb Code   174  cmsis_os2.o(.text.osThreadNew)
    pvPortMalloc                             0x080022f5   Thumb Code   522  heap_4.o(.text.pvPortMalloc)
    pxPortInitialiseStack                    0x08002501   Thumb Code    40  port.o(.text.pxPortInitialiseStack)
    taskMatrix                               0x08002529   Thumb Code   948  main.o(.text.taskMatrix)
    uxListRemove                             0x080028dd   Thumb Code    36  list.o(.text.uxListRemove)
    vApplicationGetIdleTaskMemory            0x08002901   Thumb Code    26  cmsis_os2.o(.text.vApplicationGetIdleTaskMemory)
    vApplicationGetTimerTaskMemory           0x0800291d   Thumb Code    28  cmsis_os2.o(.text.vApplicationGetTimerTaskMemory)
    vListInitialise                          0x08002939   Thumb Code    22  list.o(.text.vListInitialise)
    vListInitialiseItem                      0x08002951   Thumb Code     6  list.o(.text.vListInitialiseItem)
    vListInsert                              0x08002959   Thumb Code    98  list.o(.text.vListInsert)
    vListInsertEnd                           0x080029bd   Thumb Code    28  list.o(.text.vListInsertEnd)
    vPortEnterCritical                       0x080029ed   Thumb Code    70  port.o(.text.vPortEnterCritical)
    vPortExitCritical                        0x08002a35   Thumb Code    46  port.o(.text.vPortExitCritical)
    vPortFree                                0x08002a65   Thumb Code   212  heap_4.o(.text.vPortFree)
    vPortSetupTimerInterrupt                 0x08002b39   Thumb Code    52  port.o(.text.vPortSetupTimerInterrupt)
    vPortValidateInterruptPriority           0x08002b6d   Thumb Code    94  port.o(.text.vPortValidateInterruptPriority)
    vQueueAddToRegistry                      0x08002bcd   Thumb Code   176  queue.o(.text.vQueueAddToRegistry)
    vQueueWaitForMessageRestricted           0x08002c7d   Thumb Code    82  queue.o(.text.vQueueWaitForMessageRestricted)
    vTaskDelay                               0x08002cd1   Thumb Code   128  tasks.o(.text.vTaskDelay)
    vTaskInternalSetTimeOutState             0x08002d51   Thumb Code    18  tasks.o(.text.vTaskInternalSetTimeOutState)
    vTaskMissedYield                         0x08002d65   Thumb Code    14  tasks.o(.text.vTaskMissedYield)
    vTaskPlaceOnEventList                    0x08002d75   Thumb Code   116  tasks.o(.text.vTaskPlaceOnEventList)
    vTaskPlaceOnEventListRestricted          0x08002de9   Thumb Code   122  tasks.o(.text.vTaskPlaceOnEventListRestricted)
    vTaskStartScheduler                      0x08002e65   Thumb Code   232  tasks.o(.text.vTaskStartScheduler)
    vTaskSuspendAll                          0x08002f55   Thumb Code    16  tasks.o(.text.vTaskSuspendAll)
    vTaskSwitchContext                       0x08002f65   Thumb Code   188  tasks.o(.text.vTaskSwitchContext)
    xPortStartScheduler                      0x08003021   Thumb Code   388  port.o(.text.xPortStartScheduler)
    xPortSysTickHandler                      0x080031a5   Thumb Code    46  port.o(.text.xPortSysTickHandler)
    xQueueGenericCreate                      0x080031d5   Thumb Code   134  queue.o(.text.xQueueGenericCreate)
    xQueueGenericCreateStatic                0x0800325d   Thumb Code   222  queue.o(.text.xQueueGenericCreateStatic)
    xQueueGenericSend                        0x0800333d   Thumb Code   554  queue.o(.text.xQueueGenericSend)
    xQueueGenericSendFromISR                 0x08003569   Thumb Code   344  queue.o(.text.xQueueGenericSendFromISR)
    xQueueReceive                            0x080036c1   Thumb Code   418  queue.o(.text.xQueueReceive)
    xQueueReceiveFromISR                     0x08003865   Thumb Code   228  queue.o(.text.xQueueReceiveFromISR)
    xTaskCheckForTimeOut                     0x08003949   Thumb Code   162  tasks.o(.text.xTaskCheckForTimeOut)
    xTaskCreate                              0x080039ed   Thumb Code    96  tasks.o(.text.xTaskCreate)
    xTaskCreateStatic                        0x08003a4d   Thumb Code   118  tasks.o(.text.xTaskCreateStatic)
    xTaskGetSchedulerState                   0x08003ac5   Thumb Code    30  tasks.o(.text.xTaskGetSchedulerState)
    xTaskGetTickCount                        0x08003ae5   Thumb Code    12  tasks.o(.text.xTaskGetTickCount)
    xTaskIncrementTick                       0x08003af1   Thumb Code   260  tasks.o(.text.xTaskIncrementTick)
    xTaskPriorityDisinherit                  0x08003bf5   Thumb Code   138  tasks.o(.text.xTaskPriorityDisinherit)
    xTaskRemoveFromEventList                 0x08003c81   Thumb Code   114  tasks.o(.text.xTaskRemoveFromEventList)
    xTaskResumeAll                           0x08003cf5   Thumb Code   238  tasks.o(.text.xTaskResumeAll)
    xTimerCreateTimerTask                    0x08003de5   Thumb Code   172  timers.o(.text.xTimerCreateTimerTask)
    _fp_init                                 0x08003e99   Thumb Code    26  fpinit.o(x$fpl$fpinit)
    __fplib_config_fpu_vfp                   0x08003eb1   Thumb Code     0  fpinit.o(x$fpl$fpinit)
    __fplib_config_pureend_doubles           0x08003eb1   Thumb Code     0  fpinit.o(x$fpl$fpinit)
    AHBPrescTable                            0x08003eb2   Data          16  system_stm32f4xx.o(.rodata.AHBPrescTable)
    defaultTask_attributes                   0x08003ec4   Data          36  freertos.o(.rodata.defaultTask_attributes)
    Region$$Table$$Base                      0x08003efc   Number         0  anon$$obj.o(Region$$Table)
    Region$$Table$$Limit                     0x08003f1c   Number         0  anon$$obj.o(Region$$Table)
    uwTickFreq                               0x20000000   Data           1  stm32f4xx_hal.o(.data..L_MergedGlobals)
    uwTickPrio                               0x20000004   Data           4  stm32f4xx_hal.o(.data..L_MergedGlobals)
    SystemCoreClock                          0x20000008   Data           4  system_stm32f4xx.o(.data.SystemCoreClock)
    YunTech_Logo                             0x2000000c   Data         192  main.o(.data.YunTech_Logo)
    name                                     0x200000cc   Data          32  main.o(.data.name)
    __libspace_start                         0x200000f0   Data          96  libspace.o(.bss)
    __temporary_stack_top$libspace           0x20000150   Data           0  libspace.o(.bss)
    queueSwitch                              0x20000150   Data           4  main.o(.bss..L_MergedGlobals)
    Max7219_data                             0x20000154   Data           4  main.o(.bss..L_MergedGlobals)
    Max7219_data1                            0x20000158   Data           4  main.o(.bss..L_MergedGlobals)
    Max7219_data2                            0x2000015c   Data           4  main.o(.bss..L_MergedGlobals)
    handleMatrix                             0x20000160   Data           4  main.o(.bss..L_MergedGlobals)
    clean                                    0x20000164   Data          32  main.o(.bss..L_MergedGlobals)
    pxCurrentTCB                             0x20000184   Data           4  tasks.o(.bss..L_MergedGlobals)
    defaultTaskHandle                        0x2000028c   Data           4  freertos.o(.bss.defaultTaskHandle)
    hspi1                                    0x20000290   Data          88  spi.o(.bss.hspi1)
    uwTick                                   0x20004438   Data           4  stm32f4xx_hal.o(.bss.uwTick)
    xQueueRegistry                           0x20004af4   Data          64  queue.o(.bss.xQueueRegistry)



==============================================================================

Memory Map of the image

  Image Entry point : 0x080001ad

  Load Region LR_IROM1 (Base: 0x08000000, Size: 0x00004010, Max: 0x00200000, ABSOLUTE)

    Execution Region ER_IROM1 (Exec base: 0x08000000, Load base: 0x08000000, Size: 0x00003f1c, Max: 0x00200000, ABSOLUTE)

    Exec Addr    Load Addr    Size         Type   Attr      Idx    E Section Name        Object

    0x08000000   0x08000000   0x000001ac   Data   RO            3    RESET               startup_stm32f429xx.o
    0x080001ac   0x080001ac   0x00000008   Code   RO         1236  * !!!main             c_w.l(__main.o)
    0x080001b4   0x080001b4   0x00000034   Code   RO         1413    !!!scatter          c_w.l(__scatter.o)
    0x080001e8   0x080001e8   0x0000001a   Code   RO         1415    !!handler_copy      c_w.l(__scatter_copy.o)
    0x08000202   0x08000202   0x00000002   PAD
    0x08000204   0x08000204   0x0000001c   Code   RO         1417    !!handler_zi        c_w.l(__scatter_zi.o)
    0x08000220   0x08000220   0x00000002   Code   RO         1275    .ARM.Collect$$libinit$$00000000  c_w.l(libinit.o)
    0x08000222   0x08000222   0x00000004   Code   RO         1287    .ARM.Collect$$libinit$$00000001  c_w.l(libinit2.o)
    0x08000226   0x08000226   0x00000000   Code   RO         1290    .ARM.Collect$$libinit$$00000004  c_w.l(libinit2.o)
    0x08000226   0x08000226   0x00000000   Code   RO         1292    .ARM.Collect$$libinit$$00000006  c_w.l(libinit2.o)
    0x08000226   0x08000226   0x00000000   Code   RO         1295    .ARM.Collect$$libinit$$0000000C  c_w.l(libinit2.o)
    0x08000226   0x08000226   0x00000000   Code   RO         1297    .ARM.Collect$$libinit$$0000000E  c_w.l(libinit2.o)
    0x08000226   0x08000226   0x00000000   Code   RO         1299    .ARM.Collect$$libinit$$00000010  c_w.l(libinit2.o)
    0x08000226   0x08000226   0x00000000   Code   RO         1302    .ARM.Collect$$libinit$$00000013  c_w.l(libinit2.o)
    0x08000226   0x08000226   0x00000000   Code   RO         1304    .ARM.Collect$$libinit$$00000015  c_w.l(libinit2.o)
    0x08000226   0x08000226   0x00000000   Code   RO         1306    .ARM.Collect$$libinit$$00000017  c_w.l(libinit2.o)
    0x08000226   0x08000226   0x00000000   Code   RO         1308    .ARM.Collect$$libinit$$00000019  c_w.l(libinit2.o)
    0x08000226   0x08000226   0x00000000   Code   RO         1310    .ARM.Collect$$libinit$$0000001B  c_w.l(libinit2.o)
    0x08000226   0x08000226   0x00000000   Code   RO         1312    .ARM.Collect$$libinit$$0000001D  c_w.l(libinit2.o)
    0x08000226   0x08000226   0x00000000   Code   RO         1314    .ARM.Collect$$libinit$$0000001F  c_w.l(libinit2.o)
    0x08000226   0x08000226   0x00000000   Code   RO         1316    .ARM.Collect$$libinit$$00000021  c_w.l(libinit2.o)
    0x08000226   0x08000226   0x00000000   Code   RO         1318    .ARM.Collect$$libinit$$00000023  c_w.l(libinit2.o)
    0x08000226   0x08000226   0x00000000   Code   RO         1320    .ARM.Collect$$libinit$$00000025  c_w.l(libinit2.o)
    0x08000226   0x08000226   0x00000000   Code   RO         1322    .ARM.Collect$$libinit$$00000027  c_w.l(libinit2.o)
    0x08000226   0x08000226   0x00000000   Code   RO         1326    .ARM.Collect$$libinit$$0000002E  c_w.l(libinit2.o)
    0x08000226   0x08000226   0x00000000   Code   RO         1328    .ARM.Collect$$libinit$$00000030  c_w.l(libinit2.o)
    0x08000226   0x08000226   0x00000000   Code   RO         1330    .ARM.Collect$$libinit$$00000032  c_w.l(libinit2.o)
    0x08000226   0x08000226   0x00000000   Code   RO         1332    .ARM.Collect$$libinit$$00000034  c_w.l(libinit2.o)
    0x08000226   0x08000226   0x00000002   Code   RO         1333    .ARM.Collect$$libinit$$00000035  c_w.l(libinit2.o)
    0x08000228   0x08000228   0x00000002   Code   RO         1368    .ARM.Collect$$libshutdown$$00000000  c_w.l(libshutdown.o)
    0x0800022a   0x0800022a   0x00000000   Code   RO         1396    .ARM.Collect$$libshutdown$$00000002  c_w.l(libshutdown2.o)
    0x0800022a   0x0800022a   0x00000000   Code   RO         1398    .ARM.Collect$$libshutdown$$00000004  c_w.l(libshutdown2.o)
    0x0800022a   0x0800022a   0x00000000   Code   RO         1401    .ARM.Collect$$libshutdown$$00000007  c_w.l(libshutdown2.o)
    0x0800022a   0x0800022a   0x00000000   Code   RO         1404    .ARM.Collect$$libshutdown$$0000000A  c_w.l(libshutdown2.o)
    0x0800022a   0x0800022a   0x00000000   Code   RO         1406    .ARM.Collect$$libshutdown$$0000000C  c_w.l(libshutdown2.o)
    0x0800022a   0x0800022a   0x00000000   Code   RO         1409    .ARM.Collect$$libshutdown$$0000000F  c_w.l(libshutdown2.o)
    0x0800022a   0x0800022a   0x00000002   Code   RO         1410    .ARM.Collect$$libshutdown$$00000010  c_w.l(libshutdown2.o)
    0x0800022c   0x0800022c   0x00000000   Code   RO         1238    .ARM.Collect$$rtentry$$00000000  c_w.l(__rtentry.o)
    0x0800022c   0x0800022c   0x00000000   Code   RO         1246    .ARM.Collect$$rtentry$$00000002  c_w.l(__rtentry2.o)
    0x0800022c   0x0800022c   0x00000006   Code   RO         1258    .ARM.Collect$$rtentry$$00000004  c_w.l(__rtentry4.o)
    0x08000232   0x08000232   0x00000000   Code   RO         1248    .ARM.Collect$$rtentry$$00000009  c_w.l(__rtentry2.o)
    0x08000232   0x08000232   0x00000004   Code   RO         1249    .ARM.Collect$$rtentry$$0000000A  c_w.l(__rtentry2.o)
    0x08000236   0x08000236   0x00000000   Code   RO         1251    .ARM.Collect$$rtentry$$0000000C  c_w.l(__rtentry2.o)
    0x08000236   0x08000236   0x00000008   Code   RO         1252    .ARM.Collect$$rtentry$$0000000D  c_w.l(__rtentry2.o)
    0x0800023e   0x0800023e   0x00000002   Code   RO         1279    .ARM.Collect$$rtexit$$00000000  c_w.l(rtexit.o)
    0x08000240   0x08000240   0x00000000   Code   RO         1339    .ARM.Collect$$rtexit$$00000002  c_w.l(rtexit2.o)
    0x08000240   0x08000240   0x00000004   Code   RO         1340    .ARM.Collect$$rtexit$$00000003  c_w.l(rtexit2.o)
    0x08000244   0x08000244   0x00000006   Code   RO         1341    .ARM.Collect$$rtexit$$00000004  c_w.l(rtexit2.o)
    0x0800024a   0x0800024a   0x00000002   PAD
    0x0800024c   0x0800024c   0x00000040   Code   RO            4    .text               startup_stm32f429xx.o
    0x0800028c   0x0800028c   0x000000f0   Code   RO         1222    .text               c_w.l(lludivv7m.o)
    0x0800037c   0x0800037c   0x0000008a   Code   RO         1224    .text               c_w.l(rt_memcpy_v6.o)
    0x08000406   0x08000406   0x00000010   Code   RO         1228    .text               c_w.l(aeabi_memset4.o)
    0x08000416   0x08000416   0x0000004e   Code   RO         1232    .text               c_w.l(rt_memclr_w.o)
    0x08000464   0x08000464   0x00000006   Code   RO         1234    .text               c_w.l(heapauxi.o)
    0x0800046a   0x0800046a   0x00000064   Code   RO         1243    .text               c_w.l(rt_memcpy_w.o)
    0x080004ce   0x080004ce   0x0000004a   Code   RO         1262    .text               c_w.l(sys_stackheap_outer.o)
    0x08000518   0x08000518   0x00000012   Code   RO         1264    .text               c_w.l(exit.o)
    0x0800052a   0x0800052a   0x00000002   PAD
    0x0800052c   0x0800052c   0x00000008   Code   RO         1276    .text               c_w.l(libspace.o)
    0x08000534   0x08000534   0x0000000c   Code   RO         1334    .text               c_w.l(sys_exit.o)
    0x08000540   0x08000540   0x00000002   Code   RO         1357    .text               c_w.l(use_no_semi.o)
    0x08000542   0x08000542   0x00000000   Code   RO         1359    .text               c_w.l(indicate_semi.o)
    0x08000542   0x08000542   0x00000002   PAD
    0x08000544   0x08000544   0x00000002   Code   RO           77    .text.BusFault_Handler  stm32f4xx_it.o
    0x08000546   0x08000546   0x00000002   PAD
    0x08000548   0x08000548   0x00000002   Code   RO           81    .text.DebugMon_Handler  stm32f4xx_it.o
    0x0800054a   0x0800054a   0x00000002   PAD
    0x0800054c   0x0800054c   0x00000006   Code   RO           85    .text.EXTI3_IRQHandler  stm32f4xx_it.o
    0x08000552   0x08000552   0x00000002   PAD
    0x08000554   0x08000554   0x00000006   Code   RO           87    .text.EXTI4_IRQHandler  stm32f4xx_it.o
    0x0800055a   0x0800055a   0x00000002   PAD
    0x0800055c   0x0800055c   0x0000000a   Code   RO           19    .text.Error_Handler  main.o
    0x08000566   0x08000566   0x00000002   PAD
    0x08000568   0x08000568   0x00000056   Code   RO           13    .text.HAL_GPIO_EXTI_Callback  main.o
    0x080005be   0x080005be   0x00000002   PAD
    0x080005c0   0x080005c0   0x00000016   Code   RO          255    .text.HAL_GPIO_EXTI_IRQHandler  stm32f4xx_hal_gpio.o
    0x080005d6   0x080005d6   0x00000002   PAD
    0x080005d8   0x080005d8   0x000001a6   Code   RO          243    .text.HAL_GPIO_Init  stm32f4xx_hal_gpio.o
    0x0800077e   0x0800077e   0x00000002   PAD
    0x08000780   0x08000780   0x0000000a   Code   RO          247    .text.HAL_GPIO_ReadPin  stm32f4xx_hal_gpio.o
    0x0800078a   0x0800078a   0x00000002   PAD
    0x0800078c   0x0800078c   0x0000000a   Code   RO          249    .text.HAL_GPIO_WritePin  stm32f4xx_hal_gpio.o
    0x08000796   0x08000796   0x00000002   PAD
    0x08000798   0x08000798   0x0000000c   Code   RO          440    .text.HAL_GetTick   stm32f4xx_hal.o
    0x080007a4   0x080007a4   0x0000001a   Code   RO          438    .text.HAL_IncTick   stm32f4xx_hal.o
    0x080007be   0x080007be   0x00000002   PAD
    0x080007c0   0x080007c0   0x00000036   Code   RO          428    .text.HAL_Init      stm32f4xx_hal.o
    0x080007f6   0x080007f6   0x00000002   PAD
    0x080007f8   0x080007f8   0x00000048   Code   RO          430    .text.HAL_InitTick  stm32f4xx_hal.o
    0x08000840   0x08000840   0x00000042   Code   RO           96    .text.HAL_MspInit   stm32f4xx_hal_msp.o
    0x08000882   0x08000882   0x00000002   PAD
    0x08000884   0x08000884   0x00000026   Code   RO          386    .text.HAL_NVIC_EnableIRQ  stm32f4xx_hal_cortex.o
    0x080008aa   0x080008aa   0x00000002   PAD
    0x080008ac   0x080008ac   0x00000056   Code   RO          384    .text.HAL_NVIC_SetPriority  stm32f4xx_hal_cortex.o
    0x08000902   0x08000902   0x00000002   PAD
    0x08000904   0x08000904   0x00000020   Code   RO          382    .text.HAL_NVIC_SetPriorityGrouping  stm32f4xx_hal_cortex.o
    0x08000924   0x08000924   0x00000160   Code   RO          123    .text.HAL_RCC_ClockConfig  stm32f4xx_hal_rcc.o
    0x08000a84   0x08000a84   0x0000006c   Code   RO          125    .text.HAL_RCC_GetSysClockFreq  stm32f4xx_hal_rcc.o
    0x08000af0   0x08000af0   0x00000374   Code   RO          121    .text.HAL_RCC_OscConfig  stm32f4xx_hal_rcc.o
    0x08000e64   0x08000e64   0x000000b4   Code   RO          522    .text.HAL_SPI_Init  stm32f4xx_hal_spi.o
    0x08000f18   0x08000f18   0x0000006a   Code   RO           58    .text.HAL_SPI_MspInit  spi.o
    0x08000f82   0x08000f82   0x00000002   PAD
    0x08000f84   0x08000f84   0x00000252   Code   RO          530    .text.HAL_SPI_Transmit  stm32f4xx_hal_spi.o
    0x080011d6   0x080011d6   0x00000002   PAD
    0x080011d8   0x080011d8   0x0000002c   Code   RO          394    .text.HAL_SYSTICK_Config  stm32f4xx_hal_cortex.o
    0x08001204   0x08001204   0x00000002   Code   RO           73    .text.HardFault_Handler  stm32f4xx_it.o
    0x08001206   0x08001206   0x00000002   PAD
    0x08001208   0x08001208   0x00000258   Code   RO          105    .text.Init_MAX7219_8x8  max7219.o
    0x08001460   0x08001460   0x00000024   Code   RO           42    .text.MX_FREERTOS_Init  freertos.o
    0x08001484   0x08001484   0x000000dc   Code   RO           33    .text.MX_GPIO_Init  gpio.o
    0x08001560   0x08001560   0x0000004c   Code   RO           56    .text.MX_SPI1_Init  spi.o
    0x080015ac   0x080015ac   0x00000002   Code   RO           75    .text.MemManage_Handler  stm32f4xx_it.o
    0x080015ae   0x080015ae   0x00000002   PAD
    0x080015b0   0x080015b0   0x00000002   Code   RO           71    .text.NMI_Handler   stm32f4xx_it.o
    0x080015b2   0x080015b2   0x0000000e   PAD
    0x080015c0   0x080015c0   0x00000064   Code   RO         1205    .text.PendSV_Handler  port.o
    0x08001624   0x08001624   0x000000e4   Code   RO          626    .text.SPI_WaitFlagStateUntilTimeout  stm32f4xx_hal_spi.o
    0x08001708   0x08001708   0x00000008   PAD
    0x08001710   0x08001710   0x00000024   Code   RO         1189    .text.SVC_Handler   port.o
    0x08001734   0x08001734   0x00000008   Code   RO           44    .text.StartDefaultTask  freertos.o
    0x0800173c   0x0800173c   0x00000018   Code   RO           83    .text.SysTick_Handler  stm32f4xx_it.o
    0x08001754   0x08001754   0x000000b0   Code   RO           17    .text.SystemClock_Config  main.o
    0x08001804   0x08001804   0x00000012   Code   RO          638    .text.SystemInit    system_stm32f4xx.o
    0x08001816   0x08001816   0x00000002   PAD
    0x08001818   0x08001818   0x00000002   Code   RO           79    .text.UsageFault_Handler  stm32f4xx_it.o
    0x0800181a   0x0800181a   0x00000002   PAD
    0x0800181c   0x0800181c   0x0000009a   Code   RO          109    .text.Write_Matrix  max7219.o
    0x080018b6   0x080018b6   0x00000002   PAD
    0x080018b8   0x080018b8   0x00000064   Code   RO           15    .text.main          main.o
    0x0800191c   0x0800191c   0x00000020   Code   RO         1060    .text.osDelay       cmsis_os2.o
    0x0800193c   0x0800193c   0x00000028   Code   RO         1002    .text.osKernelInitialize  cmsis_os2.o
    0x08001964   0x08001964   0x0000003c   Code   RO         1008    .text.osKernelStart  cmsis_os2.o
    0x080019a0   0x080019a0   0x000000ae   Code   RO         1024    .text.osThreadNew   cmsis_os2.o
    0x08001a4e   0x08001a4e   0x00000002   PAD
    0x08001a50   0x08001a50   0x0000028a   Code   RO          837    .text.prvAddNewTaskToReadyList  tasks.o
    0x08001cda   0x08001cda   0x00000002   PAD
    0x08001cdc   0x08001cdc   0x00000086   Code   RO          869    .text.prvIdleTask   tasks.o
    0x08001d62   0x08001d62   0x00000002   PAD
    0x08001d64   0x08001d64   0x00000128   Code   RO          835    .text.prvInitialiseNewTask  tasks.o
    0x08001e8c   0x08001e8c   0x00000028   Code   RO         1197    .text.prvPortStartFirstTask  port.o
    0x08001eb4   0x08001eb4   0x0000003e   Code   RO         1187    .text.prvTaskExitError  port.o
    0x08001ef2   0x08001ef2   0x00000002   PAD
    0x08001ef4   0x08001ef4   0x0000038a   Code   RO          954    .text.prvTimerTask  timers.o
    0x0800227e   0x0800227e   0x00000002   PAD
    0x08002280   0x08002280   0x00000074   Code   RO          734    .text.prvUnlockQueue  queue.o
    0x080022f4   0x080022f4   0x0000020a   Code   RO         1163    .text.pvPortMalloc  heap_4.o
    0x080024fe   0x080024fe   0x00000002   PAD
    0x08002500   0x08002500   0x00000028   Code   RO         1185    .text.pxPortInitialiseStack  port.o
    0x08002528   0x08002528   0x000003b4   Code   RO           11    .text.taskMatrix    main.o
    0x080028dc   0x080028dc   0x00000024   Code   RO          698    .text.uxListRemove  list.o
    0x08002900   0x08002900   0x0000001a   Code   RO         1146    .text.vApplicationGetIdleTaskMemory  cmsis_os2.o
    0x0800291a   0x0800291a   0x00000002   PAD
    0x0800291c   0x0800291c   0x0000001c   Code   RO         1148    .text.vApplicationGetTimerTaskMemory  cmsis_os2.o
    0x08002938   0x08002938   0x00000016   Code   RO          690    .text.vListInitialise  list.o
    0x0800294e   0x0800294e   0x00000002   PAD
    0x08002950   0x08002950   0x00000006   Code   RO          692    .text.vListInitialiseItem  list.o
    0x08002956   0x08002956   0x00000002   PAD
    0x08002958   0x08002958   0x00000062   Code   RO          696    .text.vListInsert   list.o
    0x080029ba   0x080029ba   0x00000002   PAD
    0x080029bc   0x080029bc   0x0000001c   Code   RO          694    .text.vListInsertEnd  list.o
    0x080029d8   0x080029d8   0x00000014   Code   RO         1195    .text.vPortEnableVFP  port.o
    0x080029ec   0x080029ec   0x00000046   Code   RO         1201    .text.vPortEnterCritical  port.o
    0x08002a32   0x08002a32   0x00000002   PAD
    0x08002a34   0x08002a34   0x0000002e   Code   RO         1203    .text.vPortExitCritical  port.o
    0x08002a62   0x08002a62   0x00000002   PAD
    0x08002a64   0x08002a64   0x000000d4   Code   RO         1165    .text.vPortFree     heap_4.o
    0x08002b38   0x08002b38   0x00000034   Code   RO         1193    .text.vPortSetupTimerInterrupt  port.o
    0x08002b6c   0x08002b6c   0x0000005e   Code   RO         1209    .text.vPortValidateInterruptPriority  port.o
    0x08002bca   0x08002bca   0x00000002   PAD
    0x08002bcc   0x08002bcc   0x000000b0   Code   RO          768    .text.vQueueAddToRegistry  queue.o
    0x08002c7c   0x08002c7c   0x00000052   Code   RO          772    .text.vQueueWaitForMessageRestricted  queue.o
    0x08002cce   0x08002cce   0x00000002   PAD
    0x08002cd0   0x08002cd0   0x00000080   Code   RO          849    .text.vTaskDelay    tasks.o
    0x08002d50   0x08002d50   0x00000012   Code   RO          899    .text.vTaskInternalSetTimeOutState  tasks.o
    0x08002d62   0x08002d62   0x00000002   PAD
    0x08002d64   0x08002d64   0x0000000e   Code   RO          903    .text.vTaskMissedYield  tasks.o
    0x08002d72   0x08002d72   0x00000002   PAD
    0x08002d74   0x08002d74   0x00000074   Code   RO          887    .text.vTaskPlaceOnEventList  tasks.o
    0x08002de8   0x08002de8   0x0000007a   Code   RO          891    .text.vTaskPlaceOnEventListRestricted  tasks.o
    0x08002e62   0x08002e62   0x00000002   PAD
    0x08002e64   0x08002e64   0x000000f0   Code   RO          867    .text.vTaskStartScheduler  tasks.o
    0x08002f54   0x08002f54   0x00000010   Code   RO          845    .text.vTaskSuspendAll  tasks.o
    0x08002f64   0x08002f64   0x000000bc   Code   RO          861    .text.vTaskSwitchContext  tasks.o
    0x08003020   0x08003020   0x00000184   Code   RO         1191    .text.xPortStartScheduler  port.o
    0x080031a4   0x080031a4   0x0000002e   Code   RO         1207    .text.xPortSysTickHandler  port.o
    0x080031d2   0x080031d2   0x00000002   PAD
    0x080031d4   0x080031d4   0x00000086   Code   RO          712    .text.xQueueGenericCreate  queue.o
    0x0800325a   0x0800325a   0x00000002   PAD
    0x0800325c   0x0800325c   0x000000de   Code   RO          710    .text.xQueueGenericCreateStatic  queue.o
    0x0800333a   0x0800333a   0x00000002   PAD
    0x0800333c   0x0800333c   0x0000022a   Code   RO          724    .text.xQueueGenericSend  queue.o
    0x08003566   0x08003566   0x00000002   PAD
    0x08003568   0x08003568   0x00000158   Code   RO          736    .text.xQueueGenericSendFromISR  queue.o
    0x080036c0   0x080036c0   0x000001a2   Code   RO          740    .text.xQueueReceive  queue.o
    0x08003862   0x08003862   0x00000002   PAD
    0x08003864   0x08003864   0x000000e4   Code   RO          744    .text.xQueueReceiveFromISR  queue.o
    0x08003948   0x08003948   0x000000a2   Code   RO          901    .text.xTaskCheckForTimeOut  tasks.o
    0x080039ea   0x080039ea   0x00000002   PAD
    0x080039ec   0x080039ec   0x00000060   Code   RO          839    .text.xTaskCreate   tasks.o
    0x08003a4c   0x08003a4c   0x00000076   Code   RO          833    .text.xTaskCreateStatic  tasks.o
    0x08003ac2   0x08003ac2   0x00000002   PAD
    0x08003ac4   0x08003ac4   0x0000001e   Code   RO          915    .text.xTaskGetSchedulerState  tasks.o
    0x08003ae2   0x08003ae2   0x00000002   PAD
    0x08003ae4   0x08003ae4   0x0000000c   Code   RO          875    .text.xTaskGetTickCount  tasks.o
    0x08003af0   0x08003af0   0x00000104   Code   RO          873    .text.xTaskIncrementTick  tasks.o
    0x08003bf4   0x08003bf4   0x0000008a   Code   RO          919    .text.xTaskPriorityDisinherit  tasks.o
    0x08003c7e   0x08003c7e   0x00000002   PAD
    0x08003c80   0x08003c80   0x00000072   Code   RO          893    .text.xTaskRemoveFromEventList  tasks.o
    0x08003cf2   0x08003cf2   0x00000002   PAD
    0x08003cf4   0x08003cf4   0x000000ee   Code   RO          847    .text.xTaskResumeAll  tasks.o
    0x08003de2   0x08003de2   0x00000002   PAD
    0x08003de4   0x08003de4   0x000000b4   Code   RO          952    .text.xTimerCreateTimerTask  timers.o
    0x08003e98   0x08003e98   0x0000001a   Code   RO         1351    x$fpl$fpinit        fz_wm.l(fpinit.o)
    0x08003eb2   0x08003eb2   0x00000010   Data   RO          643    .rodata.AHBPrescTable  system_stm32f4xx.o
    0x08003ec2   0x08003ec2   0x00000002   PAD
    0x08003ec4   0x08003ec4   0x00000024   Data   RO           47    .rodata.defaultTask_attributes  freertos.o
    0x08003ee8   0x08003ee8   0x0000000c   Data   RO           46    .rodata.str1.1      freertos.o
    0x08003ef4   0x08003ef4   0x00000005   Data   RO          992    .rodata.str1.1      timers.o
    0x08003ef9   0x08003ef9   0x00000003   PAD
    0x08003efc   0x08003efc   0x00000020   Data   RO         1412    Region$$Table       anon$$obj.o


    Execution Region RW_IRAM2 (Exec base: 0x10000000, Load base: 0x08004010, Size: 0x00000000, Max: 0x00010000, ABSOLUTE)

    **** No section assigned to this execution region ****


    Execution Region RW_IRAM1 (Exec base: 0x20000000, Load base: 0x08003f20, Size: 0x00005138, Max: 0x00030000, ABSOLUTE)

    Exec Addr    Load Addr    Size         Type   Attr      Idx    E Section Name        Object

    0x20000000   0x08003f20   0x00000008   Data   RW          487    .data..L_MergedGlobals  stm32f4xx_hal.o
    0x20000008   0x08003f28   0x00000004   Data   RW          642    .data.SystemCoreClock  system_stm32f4xx.o
    0x2000000c   0x08003f2c   0x000000c0   Data   RW           22    .data.YunTech_Logo  main.o
    0x200000cc   0x08003fec   0x00000020   Data   RW           21    .data.name          main.o
    0x200000ec   0x0800400c   0x00000004   Data   RW         1211    .data.uxCriticalNesting  port.o
    0x200000f0        -       0x00000060   Zero   RW         1277    .bss                c_w.l(libspace.o)
    0x20000150        -       0x00000034   Zero   RW           24    .bss..L_MergedGlobals  main.o
    0x20000184        -       0x00000078   Zero   RW          942    .bss..L_MergedGlobals  tasks.o
    0x200001fc        -       0x0000003c   Zero   RW          993    .bss..L_MergedGlobals  timers.o
    0x20000238        -       0x00000020   Zero   RW         1176    .bss..L_MergedGlobals  heap_4.o
    0x20000258        -       0x00000008   Zero   RW         1212    .bss..L_MergedGlobals  port.o
    0x20000260        -       0x00000028   Zero   RW          943    .bss..L_MergedGlobals.1  tasks.o
    0x20000288        -       0x00000004   Zero   RW         1150    .bss.KernelState    cmsis_os2.o
    0x2000028c        -       0x00000004   Zero   RW           48    .bss.defaultTaskHandle  freertos.o
    0x20000290        -       0x00000058   Zero   RW           62    .bss.hspi1          spi.o
    0x200002e8        -       0x000000a0   Zero   RW          991    .bss.prvCheckForValidListAndQueue.ucStaticTimerQueueStorage  timers.o
    0x20000388        -       0x00000050   Zero   RW          990    .bss.prvCheckForValidListAndQueue.xStaticTimerQueue  timers.o
    0x200003d8        -       0x00000460   Zero   RW          941    .bss.pxReadyTasksLists  tasks.o
    0x20000838        -       0x00003c00   Zero   RW         1175    .bss.ucHeap         heap_4.o
    0x20004438        -       0x00000004   Zero   RW          486    .bss.uwTick         stm32f4xx_hal.o
    0x2000443c        -       0x00000200   Zero   RW         1152    .bss.vApplicationGetIdleTaskMemory.Idle_Stack  cmsis_os2.o
    0x2000463c        -       0x0000005c   Zero   RW         1151    .bss.vApplicationGetIdleTaskMemory.Idle_TCB  cmsis_os2.o
    0x20004698        -       0x00000400   Zero   RW         1154    .bss.vApplicationGetTimerTaskMemory.Timer_Stack  cmsis_os2.o
    0x20004a98        -       0x0000005c   Zero   RW         1153    .bss.vApplicationGetTimerTaskMemory.Timer_TCB  cmsis_os2.o
    0x20004af4        -       0x00000040   Zero   RW          774    .bss.xQueueRegistry  queue.o
    0x20004b34   0x08004010   0x00000004   PAD
    0x20004b38        -       0x00000200   Zero   RW            2    HEAP                startup_stm32f429xx.o
    0x20004d38        -       0x00000400   Zero   RW            1    STACK               startup_stm32f429xx.o


==============================================================================

Image component sizes


      Code (inc. data)   RO Data    RW Data    ZI Data      Debug   Object Name

       360          0          0          0       1724      44579   cmsis_os2.o
        44          0         48          0          4       2810   freertos.o
       220          0          0          0          0       4266   gpio.o
       734          0          0          0      15392       5607   heap_4.o
       190          0          0          0          0       2331   list.o
      1320          8          0        224         52       4935   main.o
       754          0          0          0          0       3754   max7219.o
       994         16          0          4          8       4190   port.o
      2274          0          0          0         64      28279   queue.o
       182          0          0          0         88       5099   spi.o
        64         26        428          0       1536        848   startup_stm32f429xx.o
       164          0          0          8          4       7697   stm32f4xx_hal.o
       200          0          0          0          0      10689   stm32f4xx_hal_cortex.o
       464          0          0          0          0       5304   stm32f4xx_hal_gpio.o
        66          0          0          0          0       3740   stm32f4xx_hal_msp.o
      1344          0          0          0          0       7469   stm32f4xx_hal_rcc.o
      1002          0          0          0          0      26050   stm32f4xx_hal_spi.o
        48          0          0          0          0       1562   stm32f4xx_it.o
        18          0         16          4          0       2694   system_stm32f4xx.o
      3090          8          0          0       1280      43048   tasks.o
      1086         20          5          0        300      16126   timers.o

    ----------------------------------------------------------------------
     14740         78        534        240      20456     231077   Object Totals
         0          0         32          0          0          0   (incl. Generated)
       122          0          5          0          4          0   (incl. Padding)

    ----------------------------------------------------------------------

      Code (inc. data)   RO Data    RW Data    ZI Data      Debug   Library Member Name

         8          0          0          0          0         68   __main.o
         0          0          0          0          0          0   __rtentry.o
        12          0          0          0          0          0   __rtentry2.o
         6          0          0          0          0          0   __rtentry4.o
        52          8          0          0          0          0   __scatter.o
        26          0          0          0          0          0   __scatter_copy.o
        28          0          0          0          0          0   __scatter_zi.o
        16          0          0          0          0         68   aeabi_memset4.o
        18          0          0          0          0         80   exit.o
         6          0          0          0          0        152   heapauxi.o
         0          0          0          0          0          0   indicate_semi.o
         2          0          0          0          0          0   libinit.o
         6          0          0          0          0          0   libinit2.o
         2          0          0          0          0          0   libshutdown.o
         2          0          0          0          0          0   libshutdown2.o
         8          4          0          0         96         68   libspace.o
       240          0          0          0          0        100   lludivv7m.o
        78          0          0          0          0         80   rt_memclr_w.o
       138          0          0          0          0         68   rt_memcpy_v6.o
       100          0          0          0          0         80   rt_memcpy_w.o
         2          0          0          0          0          0   rtexit.o
        10          0          0          0          0          0   rtexit2.o
        12          4          0          0          0         68   sys_exit.o
        74          0          0          0          0         80   sys_stackheap_outer.o
         2          0          0          0          0         68   use_no_semi.o
        26          0          0          0          0        116   fpinit.o

    ----------------------------------------------------------------------
       882         16          0          0         96       1096   Library Totals
         8          0          0          0          0          0   (incl. Padding)

    ----------------------------------------------------------------------

      Code (inc. data)   RO Data    RW Data    ZI Data      Debug   Library Name

       848         16          0          0         96        980   c_w.l
        26          0          0          0          0        116   fz_wm.l

    ----------------------------------------------------------------------
       882         16          0          0         96       1096   Library Totals

    ----------------------------------------------------------------------

==============================================================================


      Code (inc. data)   RO Data    RW Data    ZI Data      Debug   

     15622         94        534        240      20552     231377   Grand Totals
     15622         94        534        240      20552     231377   ELF Image Totals
     15622         94        534        240          0          0   ROM Totals

==============================================================================

    Total RO  Size (Code + RO Data)                16156 (  15.78kB)
    Total RW  Size (RW Data + ZI Data)             20792 (  20.30kB)
    Total ROM Size (Code + RO Data + RW Data)      16396 (  16.01kB)

==============================================================================

