Component: Arm Compiler for Embedded 6.19 Tool: armlink [5e73cb00]

==============================================================================

Section Cross References

    startup_stm32f429xx.o(RESET) refers to startup_stm32f429xx.o(STACK) for __initial_sp
    startup_stm32f429xx.o(RESET) refers to startup_stm32f429xx.o(.text) for Reset_Handler
    startup_stm32f429xx.o(RESET) refers to lto-llvm-de2b1a.o(.text.NMI_Handler) for NMI_Handler
    startup_stm32f429xx.o(RESET) refers to lto-llvm-de2b1a.o(.text.HardFault_Handler) for HardFault_Handler
    startup_stm32f429xx.o(RESET) refers to lto-llvm-de2b1a.o(.text.MemManage_Handler) for MemManage_Handler
    startup_stm32f429xx.o(RESET) refers to lto-llvm-de2b1a.o(.text.BusFault_Handler) for BusFault_Handler
    startup_stm32f429xx.o(RESET) refers to lto-llvm-de2b1a.o(.text.UsageFault_Handler) for UsageFault_Handler
    startup_stm32f429xx.o(RESET) refers to lto-llvm-de2b1a.o(.text.SVC_Handler) for SVC_Handler
    startup_stm32f429xx.o(RESET) refers to lto-llvm-de2b1a.o(.text.DebugMon_Handler) for DebugMon_Handler
    startup_stm32f429xx.o(RESET) refers to lto-llvm-de2b1a.o(.text.PendSV_Handler) for PendSV_Handler
    startup_stm32f429xx.o(RESET) refers to lto-llvm-de2b1a.o(.text.SysTick_Handler) for SysTick_Handler
    startup_stm32f429xx.o(RESET) refers to lto-llvm-de2b1a.o(.text.EXTI3_IRQHandler) for EXTI3_IRQHandler
    startup_stm32f429xx.o(RESET) refers to lto-llvm-de2b1a.o(.text.EXTI4_IRQHandler) for EXTI4_IRQHandler
    startup_stm32f429xx.o(RESET) refers to lto-llvm-de2b1a.o(.text.TIM1_UP_TIM10_IRQHandler) for TIM1_UP_TIM10_IRQHandler
    startup_stm32f429xx.o(RESET) refers to lto-llvm-de2b1a.o(.text.TIM3_IRQHandler) for TIM3_IRQHandler
    startup_stm32f429xx.o(RESET) refers to lto-llvm-de2b1a.o(.text.DMA2_Stream1_IRQHandler) for DMA2_Stream1_IRQHandler
    startup_stm32f429xx.o(RESET) refers to lto-llvm-de2b1a.o(.text.ETH_IRQHandler) for ETH_IRQHandler
    startup_stm32f429xx.o(RESET) refers to lto-llvm-de2b1a.o(.text.DMA2_Stream6_IRQHandler) for DMA2_Stream6_IRQHandler
    startup_stm32f429xx.o(RESET) refers to lto-llvm-de2b1a.o(.text.USART6_IRQHandler) for USART6_IRQHandler
    startup_stm32f429xx.o(.text) refers to lto-llvm-de2b1a.o(.text.SystemInit) for SystemInit
    startup_stm32f429xx.o(.text) refers to entry.o(.ARM.Collect$$$$00000000) for __main
    entry.o(.ARM.Collect$$$$00000000) refers (Special) to entry10a.o(.ARM.Collect$$$$0000000D) for __rt_final_cpp
    entry.o(.ARM.Collect$$$$00000000) refers (Special) to entry11a.o(.ARM.Collect$$$$0000000F) for __rt_final_exit
    entry.o(.ARM.Collect$$$$00000000) refers (Special) to entry7b.o(.ARM.Collect$$$$00000008) for _main_clock
    entry.o(.ARM.Collect$$$$00000000) refers (Special) to entry8b.o(.ARM.Collect$$$$0000000A) for _main_cpp_init
    entry.o(.ARM.Collect$$$$00000000) refers (Special) to entry9a.o(.ARM.Collect$$$$0000000B) for _main_init
    entry.o(.ARM.Collect$$$$00000000) refers (Special) to entry5.o(.ARM.Collect$$$$00000004) for _main_scatterload
    entry.o(.ARM.Collect$$$$00000000) refers (Special) to entry2.o(.ARM.Collect$$$$00000001) for _main_stk
    puts.o(i.puts) refers to lto-llvm-de2b1a.o(.text.fputc) for fputc
    puts.o(i.puts) refers to stdout.o(.data) for __stdout
    puts_e.o(.text) refers to lto-llvm-de2b1a.o(.text.fputc) for fputc
    puts_e.o(.text) refers to stdout.o(.data) for __stdout
    ctype_o.o(.text) refers to ctype_o.o(.constdata) for .constdata
    ctype_o.o(.constdata) refers to ctype_o.o(.constdata) for __ctype_table
    isalnum_o.o(.text) refers to ctype_o.o(.text) for __rt_ctype_table
    isalpha_o.o(.text) refers to ctype_o.o(.text) for __rt_ctype_table
    isblank_o.o(.text) refers to ctype_o.o(.constdata) for __ctype_table
    iscntrl_o.o(.text) refers to ctype_o.o(.text) for __rt_ctype_table
    isdigit_o.o(.text) refers to ctype_o.o(.text) for __rt_ctype_table
    isgraph_o.o(.text) refers to ctype_o.o(.text) for __rt_ctype_table
    islower_o.o(.text) refers to ctype_o.o(.text) for __rt_ctype_table
    isprint_o.o(.text) refers to ctype_o.o(.text) for __rt_ctype_table
    ispunct_o.o(.text) refers to ctype_o.o(.text) for __rt_ctype_table
    isspace_o.o(.text) refers to ctype_o.o(.text) for __rt_ctype_table
    isupper_o.o(.text) refers to ctype_o.o(.text) for __rt_ctype_table
    isxdigit_o.o(.text) refers to ctype_o.o(.text) for __rt_ctype_table
    rand.o(.text) refers to rand.o(.data) for .data
    printfb.o(i.__0fprintf$bare) refers to printfb.o(i._printf_core) for _printf_core
    printfb.o(i.__0fprintf$bare) refers to lto-llvm-de2b1a.o(.text.fputc) for fputc
    printfb.o(i.__0printf$bare) refers to printfb.o(i._printf_core) for _printf_core
    printfb.o(i.__0printf$bare) refers to lto-llvm-de2b1a.o(.text.fputc) for fputc
    printfb.o(i.__0printf$bare) refers to stdout.o(.data) for __stdout
    printfb.o(i.__0snprintf$bare) refers to printfb.o(i._printf_core) for _printf_core
[...]
    [Anonymous Symbol]                       0x2000aea0   Section        0  lto-llvm-de2b1a.o(.bss.tcp_listen_pcbs)
    tcp_ticks                                0x2000aea4   Data           4  lto-llvm-de2b1a.o(.bss.tcp_ticks)
    [Anonymous Symbol]                       0x2000aea4   Section        0  lto-llvm-de2b1a.o(.bss.tcp_ticks)
    tcp_timer                                0x2000aea8   Data           1  lto-llvm-de2b1a.o(.bss.tcp_timer)
    [Anonymous Symbol]                       0x2000aea8   Section        0  lto-llvm-de2b1a.o(.bss.tcp_timer)
    tcp_timer_ctr                            0x2000aea9   Data           1  lto-llvm-de2b1a.o(.bss.tcp_timer_ctr)
    [Anonymous Symbol]                       0x2000aea9   Section        0  lto-llvm-de2b1a.o(.bss.tcp_timer_ctr)
    tcp_tw_pcbs                              0x2000aeac   Data           4  lto-llvm-de2b1a.o(.bss.tcp_tw_pcbs)
    [Anonymous Symbol]                       0x2000aeac   Section        0  lto-llvm-de2b1a.o(.bss.tcp_tw_pcbs)
    tcphdr                                   0x2000aeb0   Data           4  lto-llvm-de2b1a.o(.bss.tcphdr)
    [Anonymous Symbol]                       0x2000aeb0   Section        0  lto-llvm-de2b1a.o(.bss.tcphdr)
    tcphdr_opt1len                           0x2000aeb4   Data           2  lto-llvm-de2b1a.o(.bss.tcphdr_opt1len)
    [Anonymous Symbol]                       0x2000aeb4   Section        0  lto-llvm-de2b1a.o(.bss.tcphdr_opt1len)
    tcphdr_opt2                              0x2000aeb8   Data           4  lto-llvm-de2b1a.o(.bss.tcphdr_opt2)
    [Anonymous Symbol]                       0x2000aeb8   Section        0  lto-llvm-de2b1a.o(.bss.tcphdr_opt2)
    tcphdr_optlen                            0x2000aebc   Data           2  lto-llvm-de2b1a.o(.bss.tcphdr_optlen)
    [Anonymous Symbol]                       0x2000aebc   Section        0  lto-llvm-de2b1a.o(.bss.tcphdr_optlen)
    tcpip_mbox                               0x2000aec0   Data           4  lto-llvm-de2b1a.o(.bss.tcpip_mbox)
    [Anonymous Symbol]                       0x2000aec0   Section        0  lto-llvm-de2b1a.o(.bss.tcpip_mbox)
    tcpip_tcp_timer_active                   0x2000aec4   Data           1  lto-llvm-de2b1a.o(.bss.tcpip_tcp_timer_active)
    [Anonymous Symbol]                       0x2000aec4   Section        0  lto-llvm-de2b1a.o(.bss.tcpip_tcp_timer_active)
    tcplen                                   0x2000aec6   Data           2  lto-llvm-de2b1a.o(.bss.tcplen)
    [Anonymous Symbol]                       0x2000aec6   Section        0  lto-llvm-de2b1a.o(.bss.tcplen)
    u8g2                                     0x2000aec8   Data         148  lto-llvm-de2b1a.o(.bss.u8g2)
    [Anonymous Symbol]                       0x2000aec8   Section        0  lto-llvm-de2b1a.o(.bss.u8g2)
    u8g2_m_16_8_f.buf                        0x2000af5c   Data        1024  lto-llvm-de2b1a.o(.bss.u8g2_m_16_8_f.buf)
    [Anonymous Symbol]                       0x2000af5c   Section        0  lto-llvm-de2b1a.o(.bss.u8g2_m_16_8_f.buf)
    u8x8_byte_hw_i2c.buf_idx                 0x2000b35c   Data           1  lto-llvm-de2b1a.o(.bss.u8x8_byte_hw_i2c.buf_idx)
    [Anonymous Symbol]                       0x2000b35c   Section        0  lto-llvm-de2b1a.o(.bss.u8x8_byte_hw_i2c.buf_idx)
    u8x8_byte_hw_i2c.buffer                  0x2000b35d   Data         128  lto-llvm-de2b1a.o(.bss.u8x8_byte_hw_i2c.buffer)
    [Anonymous Symbol]                       0x2000b35d   Section        0  lto-llvm-de2b1a.o(.bss.u8x8_byte_hw_i2c.buffer)
    u8x8_cad_ssd13xx_fast_i2c.in_transfer    0x2000b3dd   Data           1  lto-llvm-de2b1a.o(.bss.u8x8_cad_ssd13xx_fast_i2c.in_transfer)
    [Anonymous Symbol]                       0x2000b3dd   Section        0  lto-llvm-de2b1a.o(.bss.u8x8_cad_ssd13xx_fast_i2c.in_transfer)
    ucHeap                                   0x2000b3de   Data       25360  lto-llvm-de2b1a.o(.bss.ucHeap)
    [Anonymous Symbol]                       0x2000b3de   Section        0  lto-llvm-de2b1a.o(.bss.ucHeap)
    ucMaxSysCallPriority                     0x200116ee   Data           1  lto-llvm-de2b1a.o(.bss.ucMaxSysCallPriority)
    [Anonymous Symbol]                       0x200116ee   Section        0  lto-llvm-de2b1a.o(.bss.ucMaxSysCallPriority)
    udp_pcbs                                 0x200116f0   Data           4  lto-llvm-de2b1a.o(.bss.udp_pcbs)
    [Anonymous Symbol]                       0x200116f0   Section        0  lto-llvm-de2b1a.o(.bss.udp_pcbs)
    ulMaxPRIGROUPValue                       0x200116f4   Data           4  lto-llvm-de2b1a.o(.bss.ulMaxPRIGROUPValue)
    [Anonymous Symbol]                       0x200116f4   Section        0  lto-llvm-de2b1a.o(.bss.ulMaxPRIGROUPValue)
    upcb                                     0x200116f8   Data           4  lto-llvm-de2b1a.o(.bss.upcb)
    [Anonymous Symbol]                       0x200116f8   Section        0  lto-llvm-de2b1a.o(.bss.upcb)
    uwTick                                   0x200116fc   Data           4  lto-llvm-de2b1a.o(.bss.uwTick)
    [Anonymous Symbol]                       0x200116fc   Section        0  lto-llvm-de2b1a.o(.bss.uwTick)
    uwTickPrio                               0x20011700   Data           1  lto-llvm-de2b1a.o(.bss.uwTickPrio)
    [Anonymous Symbol]                       0x20011700   Section        0  lto-llvm-de2b1a.o(.bss.uwTickPrio)
    uxCurrentNumberOfTasks                   0x20011704   Data           4  lto-llvm-de2b1a.o(.bss.uxCurrentNumberOfTasks)
    [Anonymous Symbol]                       0x20011704   Section        0  lto-llvm-de2b1a.o(.bss.uxCurrentNumberOfTasks)
    uxDeletedTasksWaitingCleanUp             0x20011708   Data           4  lto-llvm-de2b1a.o(.bss.uxDeletedTasksWaitingCleanUp)
    [Anonymous Symbol]                       0x20011708   Section        0  lto-llvm-de2b1a.o(.bss.uxDeletedTasksWaitingCleanUp)
    uxSchedulerSuspended                     0x2001170c   Data           4  lto-llvm-de2b1a.o(.bss.uxSchedulerSuspended)
    [Anonymous Symbol]                       0x2001170c   Section        0  lto-llvm-de2b1a.o(.bss.uxSchedulerSuspended)
    uxTaskNumber                             0x20011710   Data           4  lto-llvm-de2b1a.o(.bss.uxTaskNumber)
    [Anonymous Symbol]                       0x20011710   Section        0  lto-llvm-de2b1a.o(.bss.uxTaskNumber)
    uxTopReadyPriority                       0x20011714   Data           4  lto-llvm-de2b1a.o(.bss.uxTopReadyPriority)
    [Anonymous Symbol]                       0x20011714   Section        0  lto-llvm-de2b1a.o(.bss.uxTopReadyPriority)
    vApplicationGetIdleTaskMemory.Idle_Stack 0x20011718   Data         512  lto-llvm-de2b1a.o(.bss.vApplicationGetIdleTaskMemory.Idle_Stack)
    [Anonymous Symbol]                       0x20011718   Section        0  lto-llvm-de2b1a.o(.bss.vApplicationGetIdleTaskMemory.Idle_Stack)
    vApplicationGetIdleTaskMemory.Idle_TCB   0x20011918   Data          92  lto-llvm-de2b1a.o(.bss.vApplicationGetIdleTaskMemory.Idle_TCB)
    [Anonymous Symbol]                       0x20011918   Section        0  lto-llvm-de2b1a.o(.bss.vApplicationGetIdleTaskMemory.Idle_TCB)
    vApplicationGetTimerTaskMemory.Timer_Stack 0x20011974   Data        1024  lto-llvm-de2b1a.o(.bss.vApplicationGetTimerTaskMemory.Timer_Stack)
    [Anonymous Symbol]                       0x20011974   Section        0  lto-llvm-de2b1a.o(.bss.vApplicationGetTimerTaskMemory.Timer_Stack)
    vApplicationGetTimerTaskMemory.Timer_TCB 0x20011d74   Data          92  lto-llvm-de2b1a.o(.bss.vApplicationGetTimerTaskMemory.Timer_TCB)
    [Anonymous Symbol]                       0x20011d74   Section        0  lto-llvm-de2b1a.o(.bss.vApplicationGetTimerTaskMemory.Timer_TCB)
    xActiveTimerList1                        0x20011dd0   Data          20  lto-llvm-de2b1a.o(.bss.xActiveTimerList1)
    [Anonymous Symbol]                       0x20011dd0   Section        0  lto-llvm-de2b1a.o(.bss.xActiveTimerList1)
    xActiveTimerList2                        0x20011de4   Data          20  lto-llvm-de2b1a.o(.bss.xActiveTimerList2)
    [Anonymous Symbol]                       0x20011de4   Section        0  lto-llvm-de2b1a.o(.bss.xActiveTimerList2)
    xBlockAllocatedBit                       0x20011df8   Data           1  lto-llvm-de2b1a.o(.bss.xBlockAllocatedBit)
    [Anonymous Symbol]                       0x20011df8   Section        0  lto-llvm-de2b1a.o(.bss.xBlockAllocatedBit)
    xDelayedTaskList1                        0x20011dfc   Data          20  lto-llvm-de2b1a.o(.bss.xDelayedTaskList1)
    [Anonymous Symbol]                       0x20011dfc   Section        0  lto-llvm-de2b1a.o(.bss.xDelayedTaskList1)
    xDelayedTaskList2                        0x20011e10   Data          20  lto-llvm-de2b1a.o(.bss.xDelayedTaskList2)
    [Anonymous Symbol]                       0x20011e10   Section        0  lto-llvm-de2b1a.o(.bss.xDelayedTaskList2)
    xFreeBytesRemaining                      0x20011e24   Data           4  lto-llvm-de2b1a.o(.bss.xFreeBytesRemaining)
    [Anonymous Symbol]                       0x20011e24   Section        0  lto-llvm-de2b1a.o(.bss.xFreeBytesRemaining)
    xIdleTaskHandle                          0x20011e28   Data           4  lto-llvm-de2b1a.o(.bss.xIdleTaskHandle)
    [Anonymous Symbol]                       0x20011e28   Section        0  lto-llvm-de2b1a.o(.bss.xIdleTaskHandle)
    xMinimumEverFreeBytesRemaining           0x20011e2c   Data           4  lto-llvm-de2b1a.o(.bss.xMinimumEverFreeBytesRemaining)
    [Anonymous Symbol]                       0x20011e2c   Section        0  lto-llvm-de2b1a.o(.bss.xMinimumEverFreeBytesRemaining)
    xNextTaskUnblockTime                     0x20011e30   Data           4  lto-llvm-de2b1a.o(.bss.xNextTaskUnblockTime)
    [Anonymous Symbol]                       0x20011e30   Section        0  lto-llvm-de2b1a.o(.bss.xNextTaskUnblockTime)
    xNumOfOverflows                          0x20011e34   Data           4  lto-llvm-de2b1a.o(.bss.xNumOfOverflows)
    [Anonymous Symbol]                       0x20011e34   Section        0  lto-llvm-de2b1a.o(.bss.xNumOfOverflows)
    xNumberOfSuccessfulAllocations           0x20011e38   Data           4  lto-llvm-de2b1a.o(.bss.xNumberOfSuccessfulAllocations)
    [Anonymous Symbol]                       0x20011e38   Section        0  lto-llvm-de2b1a.o(.bss.xNumberOfSuccessfulAllocations)
    xNumberOfSuccessfulFrees                 0x20011e3c   Data           4  lto-llvm-de2b1a.o(.bss.xNumberOfSuccessfulFrees)
    [Anonymous Symbol]                       0x20011e3c   Section        0  lto-llvm-de2b1a.o(.bss.xNumberOfSuccessfulFrees)
    xPendedTicks                             0x20011e40   Data           4  lto-llvm-de2b1a.o(.bss.xPendedTicks)
    [Anonymous Symbol]                       0x20011e40   Section        0  lto-llvm-de2b1a.o(.bss.xPendedTicks)
    xPendingReadyList                        0x20011e44   Data          20  lto-llvm-de2b1a.o(.bss.xPendingReadyList)
    [Anonymous Symbol]                       0x20011e44   Section        0  lto-llvm-de2b1a.o(.bss.xPendingReadyList)
    xQueueRegistry                           0x20011e58   Data          64  lto-llvm-de2b1a.o(.bss.xQueueRegistry)
    [Anonymous Symbol]                       0x20011e58   Section        0  lto-llvm-de2b1a.o(.bss.xQueueRegistry)
    xSchedulerRunning                        0x20011e98   Data           4  lto-llvm-de2b1a.o(.bss.xSchedulerRunning)
    [Anonymous Symbol]                       0x20011e98   Section        0  lto-llvm-de2b1a.o(.bss.xSchedulerRunning)
    xStart                                   0x20011e9c   Data           8  lto-llvm-de2b1a.o(.bss.xStart)
    [Anonymous Symbol]                       0x20011e9c   Section        0  lto-llvm-de2b1a.o(.bss.xStart)
    xSuspendedTaskList                       0x20011ea4   Data          20  lto-llvm-de2b1a.o(.bss.xSuspendedTaskList)
    [Anonymous Symbol]                       0x20011ea4   Section        0  lto-llvm-de2b1a.o(.bss.xSuspendedTaskList)
    xTasksWaitingTermination                 0x20011eb8   Data          20  lto-llvm-de2b1a.o(.bss.xTasksWaitingTermination)
    [Anonymous Symbol]                       0x20011eb8   Section        0  lto-llvm-de2b1a.o(.bss.xTasksWaitingTermination)
    xTickCount                               0x20011ecc   Data           4  lto-llvm-de2b1a.o(.bss.xTickCount)
    [Anonymous Symbol]                       0x20011ecc   Section        0  lto-llvm-de2b1a.o(.bss.xTickCount)
    xTimerQueue                              0x20011ed0   Data           4  lto-llvm-de2b1a.o(.bss.xTimerQueue)
    [Anonymous Symbol]                       0x20011ed0   Section        0  lto-llvm-de2b1a.o(.bss.xTimerQueue)
    xTimerTaskHandle                         0x20011ed4   Data           4  lto-llvm-de2b1a.o(.bss.xTimerTaskHandle)
    [Anonymous Symbol]                       0x20011ed4   Section        0  lto-llvm-de2b1a.o(.bss.xTimerTaskHandle)
    xYieldPending                            0x20011ed8   Data           4  lto-llvm-de2b1a.o(.bss.xYieldPending)
    [Anonymous Symbol]                       0x20011ed8   Section        0  lto-llvm-de2b1a.o(.bss.xYieldPending)
    STACK                                    0x20011ee0   Section     1024  startup_stm32f429xx.o(STACK)

    Global Symbols

    Symbol Name                              Value     Ov Type        Size  Object(Section)

    BuildAttributes$$THM_ISAv4$E$P$D$K$B$S$7EM$VFPi3$EXTD16$VFPS$VFMA$PE$A:L22UL41UL21$X:L11$S22US41US21$IEEE1$IW$~IW$USESV6$~STKCKD$USESV7$~SHL$OTIME$ROPI$IEEEF$EBA8$MICROLIB$REQ8$PRES8$EABIv2 0x00000000   Number         0  anon$$obj.o ABSOLUTE
    _printf_a                                0x00000000   Number         0  printfstubs.o ABSOLUTE
    _printf_c                                0x00000000   Number         0  printfstubs.o ABSOLUTE
    _printf_charcount                        0x00000000   Number         0  printfstubs.o ABSOLUTE
    _printf_d                                0x00000000   Number         0  printfstubs.o ABSOLUTE
    _printf_e                                0x00000000   Number         0  printfstubs.o ABSOLUTE
    _printf_f                                0x00000000   Number         0  printfstubs.o ABSOLUTE
    _printf_flags                            0x00000000   Number         0  printfstubs.o ABSOLUTE
    _printf_fp_dec                           0x00000000   Number         0  printfstubs.o ABSOLUTE
    _printf_fp_hex                           0x00000000   Number         0  printfstubs.o ABSOLUTE
    _printf_g                                0x00000000   Number         0  printfstubs.o ABSOLUTE
    _printf_i                                0x00000000   Number         0  printfstubs.o ABSOLUTE
    _printf_int_dec                          0x00000000   Number         0  printfstubs.o ABSOLUTE
    _printf_l                                0x00000000   Number         0  printfstubs.o ABSOLUTE
    _printf_lc                               0x00000000   Number         0  printfstubs.o ABSOLUTE
    _printf_ll                               0x00000000   Number         0  printfstubs.o ABSOLUTE
    _printf_lld                              0x00000000   Number         0  printfstubs.o ABSOLUTE
    _printf_lli                              0x00000000   Number         0  printfstubs.o ABSOLUTE
    _printf_llo                              0x00000000   Number         0  printfstubs.o ABSOLUTE
    _printf_llu                              0x00000000   Number         0  printfstubs.o ABSOLUTE
    _printf_llx                              0x00000000   Number         0  printfstubs.o ABSOLUTE
    _printf_longlong_dec                     0x00000000   Number         0  printfstubs.o ABSOLUTE
    _printf_longlong_hex                     0x00000000   Number         0  printfstubs.o ABSOLUTE
    _printf_longlong_oct                     0x00000000   Number         0  printfstubs.o ABSOLUTE
    _printf_ls                               0x00000000   Number         0  printfstubs.o ABSOLUTE
    _printf_mbtowc                           0x00000000   Number         0  printfstubs.o ABSOLUTE
    _printf_n                                0x00000000   Number         0  printfstubs.o ABSOLUTE
    _printf_o                                0x00000000   Number         0  printfstubs.o ABSOLUTE
    _printf_p                                0x00000000   Number         0  printfstubs.o ABSOLUTE
    _printf_percent                          0x00000000   Number         0  printfstubs.o ABSOLUTE
    _printf_pre_padding                      0x00000000   Number         0  printfstubs.o ABSOLUTE
    _printf_return_value                     0x00000000   Number         0  printfstubs.o ABSOLUTE
    _printf_s                                0x00000000   Number         0  printfstubs.o ABSOLUTE
    _printf_sizespec                         0x00000000   Number         0  printfstubs.o ABSOLUTE
    _printf_str                              0x00000000   Number         0  printfstubs.o ABSOLUTE
    _printf_truncate_signed                  0x00000000   Number         0  printfstubs.o ABSOLUTE
    _printf_truncate_unsigned                0x00000000   Number         0  printfstubs.o ABSOLUTE
    _printf_u                                0x00000000   Number         0  printfstubs.o ABSOLUTE
    _printf_wc                               0x00000000   Number         0  printfstubs.o ABSOLUTE
    _printf_wctomb                           0x00000000   Number         0  printfstubs.o ABSOLUTE
    _printf_widthprec                        0x00000000   Number         0  printfstubs.o ABSOLUTE
    _printf_x                                0x00000000   Number         0  printfstubs.o ABSOLUTE
    __cpp_initialize__aeabi_                  - Undefined Weak Reference
    __cxa_finalize                            - Undefined Weak Reference
    __decompress                              - Undefined Weak Reference
    _clock_init                               - Undefined Weak Reference
    _microlib_exit                            - Undefined Weak Reference
    _scanf_int                                - Undefined Weak Reference
    _scanf_longlong                           - Undefined Weak Reference
    _scanf_string                             - Undefined Weak Reference
    __Vectors_Size                           0x000001ac   Number         0  startup_stm32f429xx.o ABSOLUTE
    __Vectors                                0x08000000   Data           4  startup_stm32f429xx.o(RESET)
    __Vectors_End                            0x080001ac   Data           0  startup_stm32f429xx.o(RESET)
    __main                                   0x080001ad   Thumb Code     0  entry.o(.ARM.Collect$$$$00000000)
    _main_stk                                0x080001ad   Thumb Code     0  entry2.o(.ARM.Collect$$$$00000001)
    _main_scatterload                        0x080001b1   Thumb Code     0  entry5.o(.ARM.Collect$$$$00000004)
    __main_after_scatterload                 0x080001b5   Thumb Code     0  entry5.o(.ARM.Collect$$$$00000004)
    _main_clock                              0x080001b5   Thumb Code     0  entry7b.o(.ARM.Collect$$$$00000008)
    _main_cpp_init                           0x080001b5   Thumb Code     0  entry8b.o(.ARM.Collect$$$$0000000A)
    _main_init                               0x080001b5   Thumb Code     0  entry9a.o(.ARM.Collect$$$$0000000B)
    __rt_final_cpp                           0x080001bd   Thumb Code     0  entry10a.o(.ARM.Collect$$$$0000000D)
    __rt_final_exit                          0x080001bd   Thumb Code     0  entry11a.o(.ARM.Collect$$$$0000000F)
    Reset_Handler                            0x080001c1   Thumb Code     8  startup_stm32f429xx.o(.text)
    ADC_IRQHandler                           0x080001db   Thumb Code     0  startup_stm32f429xx.o(.text)
    CAN1_RX0_IRQHandler                      0x080001db   Thumb Code     0  startup_stm32f429xx.o(.text)
    CAN1_RX1_IRQHandler                      0x080001db   Thumb Code     0  startup_stm32f429xx.o(.text)
    CAN1_SCE_IRQHandler                      0x080001db   Thumb Code     0  startup_stm32f429xx.o(.text)
    CAN1_TX_IRQHandler                       0x080001db   Thumb Code     0  startup_stm32f429xx.o(.text)
    CAN2_RX0_IRQHandler                      0x080001db   Thumb Code     0  startup_stm32f429xx.o(.text)
    CAN2_RX1_IRQHandler                      0x080001db   Thumb Code     0  startup_stm32f429xx.o(.text)
    CAN2_SCE_IRQHandler                      0x080001db   Thumb Code     0  startup_stm32f429xx.o(.text)
    CAN2_TX_IRQHandler                       0x080001db   Thumb Code     0  startup_stm32f429xx.o(.text)
    DCMI_IRQHandler                          0x080001db   Thumb Code     0  startup_stm32f429xx.o(.text)
    DMA1_Stream0_IRQHandler                  0x080001db   Thumb Code     0  startup_stm32f429xx.o(.text)
    DMA1_Stream1_IRQHandler                  0x080001db   Thumb Code     0  startup_stm32f429xx.o(.text)
    DMA1_Stream2_IRQHandler                  0x080001db   Thumb Code     0  startup_stm32f429xx.o(.text)
    DMA1_Stream3_IRQHandler                  0x080001db   Thumb Code     0  startup_stm32f429xx.o(.text)
    DMA1_Stream4_IRQHandler                  0x080001db   Thumb Code     0  startup_stm32f429xx.o(.text)
    DMA1_Stream5_IRQHandler                  0x080001db   Thumb Code     0  startup_stm32f429xx.o(.text)
    DMA1_Stream6_IRQHandler                  0x080001db   Thumb Code     0  startup_stm32f429xx.o(.text)
    DMA1_Stream7_IRQHandler                  0x080001db   Thumb Code     0  startup_stm32f429xx.o(.text)
    DMA2D_IRQHandler                         0x080001db   Thumb Code     0  startup_stm32f429xx.o(.text)
    DMA2_Stream0_IRQHandler                  0x080001db   Thumb Code     0  startup_stm32f429xx.o(.text)
    DMA2_Stream2_IRQHandler                  0x080001db   Thumb Code     0  startup_stm32f429xx.o(.text)
    DMA2_Stream3_IRQHandler                  0x080001db   Thumb Code     0  startup_stm32f429xx.o(.text)
    DMA2_Stream4_IRQHandler                  0x080001db   Thumb Code     0  startup_stm32f429xx.o(.text)
    DMA2_Stream5_IRQHandler                  0x080001db   Thumb Code     0  startup_stm32f429xx.o(.text)
    DMA2_Stream7_IRQHandler                  0x080001db   Thumb Code     0  startup_stm32f429xx.o(.text)
    ETH_WKUP_IRQHandler                      0x080001db   Thumb Code     0  startup_stm32f429xx.o(.text)
    EXTI0_IRQHandler                         0x080001db   Thumb Code     0  startup_stm32f429xx.o(.text)
    EXTI15_10_IRQHandler                     0x080001db   Thumb Code     0  startup_stm32f429xx.o(.text)
    EXTI1_IRQHandler                         0x080001db   Thumb Code     0  startup_stm32f429xx.o(.text)
    EXTI2_IRQHandler                         0x080001db   Thumb Code     0  startup_stm32f429xx.o(.text)
    EXTI9_5_IRQHandler                       0x080001db   Thumb Code     0  startup_stm32f429xx.o(.text)
    FLASH_IRQHandler                         0x080001db   Thumb Code     0  startup_stm32f429xx.o(.text)
    FMC_IRQHandler                           0x080001db   Thumb Code     0  startup_stm32f429xx.o(.text)
    FPU_IRQHandler                           0x080001db   Thumb Code     0  startup_stm32f429xx.o(.text)
    HASH_RNG_IRQHandler                      0x080001db   Thumb Code     0  startup_stm32f429xx.o(.text)
    I2C1_ER_IRQHandler                       0x080001db   Thumb Code     0  startup_stm32f429xx.o(.text)
    I2C1_EV_IRQHandler                       0x080001db   Thumb Code     0  startup_stm32f429xx.o(.text)
    I2C2_ER_IRQHandler                       0x080001db   Thumb Code     0  startup_stm32f429xx.o(.text)
    I2C2_EV_IRQHandler                       0x080001db   Thumb Code     0  startup_stm32f429xx.o(.text)
    I2C3_ER_IRQHandler                       0x080001db   Thumb Code     0  startup_stm32f429xx.o(.text)
    I2C3_EV_IRQHandler                       0x080001db   Thumb Code     0  startup_stm32f429xx.o(.text)
    LTDC_ER_IRQHandler                       0x080001db   Thumb Code     0  startup_stm32f429xx.o(.text)
    LTDC_IRQHandler                          0x080001db   Thumb Code     0  startup_stm32f429xx.o(.text)
    OTG_FS_IRQHandler                        0x080001db   Thumb Code     0  startup_stm32f429xx.o(.text)
    OTG_FS_WKUP_IRQHandler                   0x080001db   Thumb Code     0  startup_stm32f429xx.o(.text)
    OTG_HS_EP1_IN_IRQHandler                 0x080001db   Thumb Code     0  startup_stm32f429xx.o(.text)
    OTG_HS_EP1_OUT_IRQHandler                0x080001db   Thumb Code     0  startup_stm32f429xx.o(.text)
    OTG_HS_IRQHandler                        0x080001db   Thumb Code     0  startup_stm32f429xx.o(.text)
    OTG_HS_WKUP_IRQHandler                   0x080001db   Thumb Code     0  startup_stm32f429xx.o(.text)
    PVD_IRQHandler                           0x080001db   Thumb Code     0  startup_stm32f429xx.o(.text)
    RCC_IRQHandler                           0x080001db   Thumb Code     0  startup_stm32f429xx.o(.text)
    RTC_Alarm_IRQHandler                     0x080001db   Thumb Code     0  startup_stm32f429xx.o(.text)
    RTC_WKUP_IRQHandler                      0x080001db   Thumb Code     0  startup_stm32f429xx.o(.text)
    SAI1_IRQHandler                          0x080001db   Thumb Code     0  startup_stm32f429xx.o(.text)
    SDIO_IRQHandler                          0x080001db   Thumb Code     0  startup_stm32f429xx.o(.text)
    SPI1_IRQHandler                          0x080001db   Thumb Code     0  startup_stm32f429xx.o(.text)
    SPI2_IRQHandler                          0x080001db   Thumb Code     0  startup_stm32f429xx.o(.text)
    SPI3_IRQHandler                          0x080001db   Thumb Code     0  startup_stm32f429xx.o(.text)
    SPI4_IRQHandler                          0x080001db   Thumb Code     0  startup_stm32f429xx.o(.text)
    SPI5_IRQHandler                          0x080001db   Thumb Code     0  startup_stm32f429xx.o(.text)
    SPI6_IRQHandler                          0x080001db   Thumb Code     0  startup_stm32f429xx.o(.text)
    TAMP_STAMP_IRQHandler                    0x080001db   Thumb Code     0  startup_stm32f429xx.o(.text)
    TIM1_BRK_TIM9_IRQHandler                 0x080001db   Thumb Code     0  startup_stm32f429xx.o(.text)
    TIM1_CC_IRQHandler                       0x080001db   Thumb Code     0  startup_stm32f429xx.o(.text)
    TIM1_TRG_COM_TIM11_IRQHandler            0x080001db   Thumb Code     0  startup_stm32f429xx.o(.text)
    TIM2_IRQHandler                          0x080001db   Thumb Code     0  startup_stm32f429xx.o(.text)
    TIM4_IRQHandler                          0x080001db   Thumb Code     0  startup_stm32f429xx.o(.text)
    TIM5_IRQHandler                          0x080001db   Thumb Code     0  startup_stm32f429xx.o(.text)
    TIM6_DAC_IRQHandler                      0x080001db   Thumb Code     0  startup_stm32f429xx.o(.text)
    TIM7_IRQHandler                          0x080001db   Thumb Code     0  startup_stm32f429xx.o(.text)
    TIM8_BRK_TIM12_IRQHandler                0x080001db   Thumb Code     0  startup_stm32f429xx.o(.text)
    TIM8_CC_IRQHandler                       0x080001db   Thumb Code     0  startup_stm32f429xx.o(.text)
    TIM8_TRG_COM_TIM14_IRQHandler            0x080001db   Thumb Code     0  startup_stm32f429xx.o(.text)
    TIM8_UP_TIM13_IRQHandler                 0x080001db   Thumb Code     0  startup_stm32f429xx.o(.text)
    UART4_IRQHandler                         0x080001db   Thumb Code     0  startup_stm32f429xx.o(.text)
    UART5_IRQHandler                         0x080001db   Thumb Code     0  startup_stm32f429xx.o(.text)
    UART7_IRQHandler                         0x080001db   Thumb Code     0  startup_stm32f429xx.o(.text)
    UART8_IRQHandler                         0x080001db   Thumb Code     0  startup_stm32f429xx.o(.text)
    USART1_IRQHandler                        0x080001db   Thumb Code     0  startup_stm32f429xx.o(.text)
    USART2_IRQHandler                        0x080001db   Thumb Code     0  startup_stm32f429xx.o(.text)
    USART3_IRQHandler                        0x080001db   Thumb Code     0  startup_stm32f429xx.o(.text)
    WWDG_IRQHandler                          0x080001db   Thumb Code     0  startup_stm32f429xx.o(.text)
    __rt_ctype_table                         0x080001e5   Thumb Code     4  ctype_o.o(.text)
    isspace                                  0x080001ed   Thumb Code    18  isspace_o.o(.text)
    rand                                     0x08000201   Thumb Code    20  rand.o(.text)
    srand                                    0x08000215   Thumb Code     6  rand.o(.text)
    strlen                                   0x08000225   Thumb Code    14  strlen.o(.text)
    memcmp                                   0x08000233   Thumb Code    26  memcmp.o(.text)
    __0sscanf                                0x0800024d   Thumb Code    48  __0sscanf.o(.text)
    _scanf_real                              0x080003ad   Thumb Code     0  scanf_fp.o(.text)
    _scanf_really_real                       0x080003ad   Thumb Code   556  scanf_fp.o(.text)
    __aeabi_uidiv                            0x080005e5   Thumb Code     0  uidiv.o(.text)
    __aeabi_uidivmod                         0x080005e5   Thumb Code    44  uidiv.o(.text)
    __aeabi_uldivmod                         0x08000611   Thumb Code    98  uldiv.o(.text)
    __vfscanf_char                           0x08000681   Thumb Code    20  scanf_char.o(.text)
    _sgetc                                   0x0800069d   Thumb Code    30  _sgetc.o(.text)
    _sbackspace                              0x080006bb   Thumb Code    34  _sgetc.o(.text)
    __I$use$fp                               0x080006dd   Thumb Code     0  iusefp.o(.text)
    __aeabi_dadd                             0x080006dd   Thumb Code   322  dadd.o(.text)
    __aeabi_dsub                             0x0800081f   Thumb Code     6  dadd.o(.text)
    __aeabi_drsub                            0x08000825   Thumb Code     6  dadd.o(.text)
    __aeabi_dmul                             0x0800082b   Thumb Code   228  dmul.o(.text)
    __aeabi_ddiv                             0x0800090f   Thumb Code   222  ddiv.o(.text)
    __aeabi_ul2d                             0x080009ed   Thumb Code    24  dfltul.o(.text)
    __aeabi_d2ulz                            0x08000a05   Thumb Code    48  dfixul.o(.text)
    __aeabi_cdrcmple                         0x08000a35   Thumb Code    48  cdrcmple.o(.text)
    __aeabi_d2f                              0x08000a65   Thumb Code    56  d2f.o(.text)
    __scatterload                            0x08000a9d   Thumb Code    28  init.o(.text)
    __scatterload_rt2                        0x08000a9d   Thumb Code     0  init.o(.text)
    __aeabi_llsl                             0x08000ac1   Thumb Code    30  llshl.o(.text)
    _ll_shift_l                              0x08000ac1   Thumb Code     0  llshl.o(.text)
    __aeabi_llsr                             0x08000adf   Thumb Code    32  llushr.o(.text)
    _ll_ushift_r                             0x08000adf   Thumb Code     0  llushr.o(.text)
    __aeabi_lasr                             0x08000aff   Thumb Code    36  llsshr.o(.text)
    _ll_sshift_r                             0x08000aff   Thumb Code     0  llsshr.o(.text)
    __vfscanf                                0x08000b25   Thumb Code   808  _scanf.o(.text)
    _float_round                             0x08000e51   Thumb Code    18  fepilogue.o(.text)
    _float_epilogue                          0x08000e63   Thumb Code    92  fepilogue.o(.text)
    _double_round                            0x08000ebf   Thumb Code    30  depilogue.o(.text)
    _double_epilogue                         0x08000edd   Thumb Code   156  depilogue.o(.text)
    __aeabi_memcpy                           0x08000f79   Thumb Code    36  memcpya.o(.text)
    __aeabi_memcpy4                          0x08000f79   Thumb Code     0  memcpya.o(.text)
    __aeabi_memcpy8                          0x08000f79   Thumb Code     0  memcpya.o(.text)
    __aeabi_memset                           0x08000f9d   Thumb Code    14  memseta.o(.text)
    __aeabi_memset4                          0x08000f9d   Thumb Code     0  memseta.o(.text)
    __aeabi_memset8                          0x08000f9d   Thumb Code     0  memseta.o(.text)
    __aeabi_memclr                           0x08000fab   Thumb Code     4  memseta.o(.text)
    __aeabi_memclr4                          0x08000fab   Thumb Code     0  memseta.o(.text)
    __aeabi_memclr8                          0x08000fab   Thumb Code     0  memseta.o(.text)
    _memset$wrapper                          0x08000faf   Thumb Code    18  memseta.o(.text)
    __aeabi_f2d                              0x08000fc1   Thumb Code    38  f2d.o(.text)
    BusFault_Handler                         0x08000fe9   Thumb Code     2  lto-llvm-de2b1a.o(.text.BusFault_Handler)
    DMA2_Stream1_IRQHandler                  0x08000fed   Thumb Code    12  lto-llvm-de2b1a.o(.text.DMA2_Stream1_IRQHandler)
    DMA2_Stream6_IRQHandler                  0x08000ff9   Thumb Code    12  lto-llvm-de2b1a.o(.text.DMA2_Stream6_IRQHandler)
    DebugMon_Handler                         0x08001005   Thumb Code     2  lto-llvm-de2b1a.o(.text.DebugMon_Handler)
    ETH_IRQHandler                           0x08001009   Thumb Code   238  lto-llvm-de2b1a.o(.text.ETH_IRQHandler)
    EXTI3_IRQHandler                         0x080012bd   Thumb Code    72  lto-llvm-de2b1a.o(.text.EXTI3_IRQHandler)
    EXTI4_IRQHandler                         0x0800132d   Thumb Code    72  lto-llvm-de2b1a.o(.text.EXTI4_IRQHandler)
    HardFault_Handler                        0x080025b9   Thumb Code     2  lto-llvm-de2b1a.o(.text.HardFault_Handler)
    MemManage_Handler                        0x080028d5   Thumb Code     2  lto-llvm-de2b1a.o(.text.MemManage_Handler)
    NMI_Handler                              0x080028d9   Thumb Code     2  lto-llvm-de2b1a.o(.text.NMI_Handler)
    PendSV_Handler                           0x080028e1   Thumb Code   100  lto-llvm-de2b1a.o(.text.PendSV_Handler)
    SVC_Handler                              0x08002951   Thumb Code    36  lto-llvm-de2b1a.o(.text.SVC_Handler)
    SysTick_Handler                          0x08003d19   Thumb Code    82  lto-llvm-de2b1a.o(.text.SysTick_Handler)
    SystemInit                               0x08003d6d   Thumb Code    18  lto-llvm-de2b1a.o(.text.SystemInit)
    TIM1_UP_TIM10_IRQHandler                 0x08003d81   Thumb Code    12  lto-llvm-de2b1a.o(.text.TIM1_UP_TIM10_IRQHandler)
    TIM3_IRQHandler                          0x08003d8d   Thumb Code    12  lto-llvm-de2b1a.o(.text.TIM3_IRQHandler)
    USART6_IRQHandler                        0x080040b9   Thumb Code  1540  lto-llvm-de2b1a.o(.text.USART6_IRQHandler)
    UsageFault_Handler                       0x080046bd   Thumb Code     2  lto-llvm-de2b1a.o(.text.UsageFault_Handler)
    fputc                                    0x08005fed   Thumb Code    40  lto-llvm-de2b1a.o(.text.fputc)
    main                                     0x08007669   Thumb Code  2816  lto-llvm-de2b1a.o(.text.main)
    vTaskSwitchContext                       0x08013605   Thumb Code   198  lto-llvm-de2b1a.o(.text.vTaskSwitchContext)
    __0printf                                0x08014911   Thumb Code    22  printfa.o(i.__0printf)
    __1printf                                0x08014911   Thumb Code     0  printfa.o(i.__0printf)
    __2printf                                0x08014911   Thumb Code     0  printfa.o(i.__0printf)
    __c89printf                              0x08014911   Thumb Code     0  printfa.o(i.__0printf)
    printf                                   0x08014911   Thumb Code     0  printfa.o(i.__0printf)
    __0snprintf                              0x08014931   Thumb Code    48  printfa.o(i.__0snprintf)
    __1snprintf                              0x08014931   Thumb Code     0  printfa.o(i.__0snprintf)
    __2snprintf                              0x08014931   Thumb Code     0  printfa.o(i.__0snprintf)
    __c89snprintf                            0x08014931   Thumb Code     0  printfa.o(i.__0snprintf)
    snprintf                                 0x08014931   Thumb Code     0  printfa.o(i.__0snprintf)
    __scatterload_copy                       0x08014965   Thumb Code    14  handlers.o(i.__scatterload_copy)
    __scatterload_null                       0x08014973   Thumb Code     2  handlers.o(i.__scatterload_null)
    __scatterload_zeroinit                   0x08014975   Thumb Code    14  handlers.o(i.__scatterload_zeroinit)
    _is_digit                                0x08014b09   Thumb Code    14  scanf_fp.o(i._is_digit)
    puts                                     0x0801525d   Thumb Code    30  puts.o(i.puts)
    __ctype_table                            0x08015280   Data         129  ctype_o.o(.constdata)
    Region$$Table$$Base                      0x08017fd4   Number         0  anon$$obj.o(Region$$Table)
    Region$$Table$$Limit                     0x08017ff4   Number         0  anon$$obj.o(Region$$Table)
    __stdout                                 0x20000004   Data           4  stdout.o(.data)
    __initial_sp                             0x200122e0   Data           0  startup_stm32f429xx.o(STACK)



==============================================================================

Memory Map of the image

  Image Entry point : 0x080001ad

  Load Region LR_IROM1 (Base: 0x08000000, Size: 0x00018030, Max: 0x00200000, ABSOLUTE)

    Execution Region ER_IROM1 (Exec base: 0x08000000, Load base: 0x08000000, Size: 0x00017ff4, Max: 0x00200000, ABSOLUTE)

    Exec Addr    Load Addr    Size         Type   Attr      Idx    E Section Name        Object

    0x08000000   0x08000000   0x000001ac   Data   RO            3    RESET               startup_stm32f429xx.o
    0x080001ac   0x080001ac   0x00000000   Code   RO          176  * .ARM.Collect$$$$00000000  mc_w.l(entry.o)
    0x080001ac   0x080001ac   0x00000004   Code   RO          489    .ARM.Collect$$$$00000001  mc_w.l(entry2.o)
    0x080001b0   0x080001b0   0x00000004   Code   RO          492    .ARM.Collect$$$$00000004  mc_w.l(entry5.o)
    0x080001b4   0x080001b4   0x00000000   Code   RO          494    .ARM.Collect$$$$00000008  mc_w.l(entry7b.o)
    0x080001b4   0x080001b4   0x00000000   Code   RO          496    .ARM.Collect$$$$0000000A  mc_w.l(entry8b.o)
    0x080001b4   0x080001b4   0x00000008   Code   RO          497    .ARM.Collect$$$$0000000B  mc_w.l(entry9a.o)
    0x080001bc   0x080001bc   0x00000000   Code   RO          499    .ARM.Collect$$$$0000000D  mc_w.l(entry10a.o)
    0x080001bc   0x080001bc   0x00000000   Code   RO          501    .ARM.Collect$$$$0000000F  mc_w.l(entry11a.o)
    0x080001bc   0x080001bc   0x00000004   Code   RO          490    .ARM.Collect$$$$00002712  mc_w.l(entry2.o)
    0x080001c0   0x080001c0   0x00000024   Code   RO            4    .text               startup_stm32f429xx.o
    0x080001e4   0x080001e4   0x00000008   Code   RO          183    .text               mc_w.l(ctype_o.o)
    0x080001ec   0x080001ec   0x00000012   Code   RO          205    .text               mc_w.l(isspace_o.o)
    0x080001fe   0x080001fe   0x00000002   PAD
    0x08000200   0x08000200   0x00000024   Code   RO          211    .text               mc_w.l(rand.o)
    0x08000224   0x08000224   0x0000000e   Code   RO          214    .text               mc_w.l(strlen.o)
    0x08000232   0x08000232   0x0000001a   Code   RO          216    .text               mc_w.l(memcmp.o)
    0x0800024c   0x0800024c   0x00000038   Code   RO          481    .text               mc_w.l(__0sscanf.o)
    0x08000284   0x08000284   0x00000360   Code   RO          483    .text               mc_w.l(scanf_fp.o)
    0x080005e4   0x080005e4   0x0000002c   Code   RO          513    .text               mc_w.l(uidiv.o)
    0x08000610   0x08000610   0x00000062   Code   RO          515    .text               mc_w.l(uldiv.o)
    0x08000672   0x08000672   0x00000002   PAD
    0x08000674   0x08000674   0x00000028   Code   RO          524    .text               mc_w.l(scanf_char.o)
    0x0800069c   0x0800069c   0x00000040   Code   RO          526    .text               mc_w.l(_sgetc.o)
    0x080006dc   0x080006dc   0x00000000   Code   RO          530    .text               mc_w.l(iusefp.o)
    0x080006dc   0x080006dc   0x0000014e   Code   RO          531    .text               mf_w.l(dadd.o)
    0x0800082a   0x0800082a   0x000000e4   Code   RO          533    .text               mf_w.l(dmul.o)
    0x0800090e   0x0800090e   0x000000de   Code   RO          535    .text               mf_w.l(ddiv.o)
    0x080009ec   0x080009ec   0x00000018   Code   RO          537    .text               mf_w.l(dfltul.o)
    0x08000a04   0x08000a04   0x00000030   Code   RO          539    .text               mf_w.l(dfixul.o)
    0x08000a34   0x08000a34   0x00000030   Code   RO          541    .text               mf_w.l(cdrcmple.o)
    0x08000a64   0x08000a64   0x00000038   Code   RO          543    .text               mf_w.l(d2f.o)
    0x08000a9c   0x08000a9c   0x00000024   Code   RO          545    .text               mc_w.l(init.o)
    0x08000ac0   0x08000ac0   0x0000001e   Code   RO          547    .text               mc_w.l(llshl.o)
    0x08000ade   0x08000ade   0x00000020   Code   RO          549    .text               mc_w.l(llushr.o)
    0x08000afe   0x08000afe   0x00000024   Code   RO          551    .text               mc_w.l(llsshr.o)
    0x08000b22   0x08000b22   0x00000002   PAD
    0x08000b24   0x08000b24   0x0000032c   Code   RO          555    .text               mc_w.l(_scanf.o)
    0x08000e50   0x08000e50   0x0000006e   Code   RO          559    .text               mf_w.l(fepilogue.o)
    0x08000ebe   0x08000ebe   0x000000ba   Code   RO          561    .text               mf_w.l(depilogue.o)
    0x08000f78   0x08000f78   0x00000024   Code   RO         1116    .text               mc_w.l(memcpya.o)
    0x08000f9c   0x08000f9c   0x00000024   Code   RO         1118    .text               mc_w.l(memseta.o)
    0x08000fc0   0x08000fc0   0x00000026   Code   RO         1122    .text               mf_w.l(f2d.o)
    0x08000fe6   0x08000fe6   0x00000002   PAD
    0x08000fe8   0x08000fe8   0x00000002   Code   RO          643    .text.BusFault_Handler  lto-llvm-de2b1a.o
    0x08000fea   0x08000fea   0x00000002   PAD
    0x08000fec   0x08000fec   0x0000000c   Code   RO          657    .text.DMA2_Stream1_IRQHandler  lto-llvm-de2b1a.o
    0x08000ff8   0x08000ff8   0x0000000c   Code   RO          661    .text.DMA2_Stream6_IRQHandler  lto-llvm-de2b1a.o
    0x08001004   0x08001004   0x00000002   Code   RO          647    .text.DebugMon_Handler  lto-llvm-de2b1a.o
    0x08001006   0x08001006   0x00000002   PAD
    0x08001008   0x08001008   0x000000ee   Code   RO          659    .text.ETH_IRQHandler  lto-llvm-de2b1a.o
    0x080010f6   0x080010f6   0x00000002   PAD
    0x080010f8   0x080010f8   0x0000000c   Code   RO          767    .text.ETH_PHY_IO_GetTick  lto-llvm-de2b1a.o
    0x08001104   0x08001104   0x00000092   Code   RO          761    .text.ETH_PHY_IO_Init  lto-llvm-de2b1a.o
    0x08001196   0x08001196   0x00000002   PAD
    0x08001198   0x08001198   0x00000094   Code   RO          765    .text.ETH_PHY_IO_ReadReg  lto-llvm-de2b1a.o
    0x0800122c   0x0800122c   0x00000090   Code   RO          763    .text.ETH_PHY_IO_WriteReg  lto-llvm-de2b1a.o
    0x080012bc   0x080012bc   0x00000070   Code   RO          649    .text.EXTI3_IRQHandler  lto-llvm-de2b1a.o
    0x0800132c   0x0800132c   0x0000006c   Code   RO          651    .text.EXTI4_IRQHandler  lto-llvm-de2b1a.o
    0x08001398   0x08001398   0x000001be   Code   RO          671    .text.HAL_DMA_IRQHandler  lto-llvm-de2b1a.o
    0x08001556   0x08001556   0x00000002   PAD
    0x08001558   0x08001558   0x00000174   Code   RO          669    .text.HAL_DMA_Init  lto-llvm-de2b1a.o
    0x080016cc   0x080016cc   0x000000e4   Code   RO          777    .text.HAL_ETH_RxAllocateCallback  lto-llvm-de2b1a.o
    0x080017b0   0x080017b0   0x00000136   Code   RO          675    .text.HAL_ETH_SetMACConfig  lto-llvm-de2b1a.o
    0x080018e6   0x080018e6   0x00000002   PAD
    0x080018e8   0x080018e8   0x0000025c   Code   RO          673    .text.HAL_ETH_Start_IT  lto-llvm-de2b1a.o
    0x08001b44   0x08001b44   0x000001a4   Code   RO          667    .text.HAL_GPIO_Init  lto-llvm-de2b1a.o
    0x08001ce8   0x08001ce8   0x00000186   Code   RO          665    .text.HAL_InitTick  lto-llvm-de2b1a.o
    0x08001e6e   0x08001e6e   0x00000002   PAD
    0x08001e70   0x08001e70   0x00000208   Code   RO          677    .text.HAL_TIM_Base_Init  lto-llvm-de2b1a.o
    0x08002078   0x08002078   0x00000196   Code   RO          681    .text.HAL_TIM_ConfigClockSource  lto-llvm-de2b1a.o
    0x0800220e   0x0800220e   0x00000002   PAD
    0x08002210   0x08002210   0x000000d8   Code   RO          679    .text.HAL_TIM_IRQHandler  lto-llvm-de2b1a.o
    0x080022e8   0x080022e8   0x000002d0   Code   RO          683    .text.HAL_UART_Init  lto-llvm-de2b1a.o
    0x080025b8   0x080025b8   0x00000002   Code   RO          639    .text.HardFault_Handler  lto-llvm-de2b1a.o
    0x080025ba   0x080025ba   0x00000002   PAD
    0x080025bc   0x080025bc   0x000000b2   Code   RO          781    .text.LAN8742_GetLinkState  lto-llvm-de2b1a.o
    0x0800266e   0x0800266e   0x00000002   PAD
    0x08002670   0x08002670   0x00000262   Code   RO          633    .text.MX_I2C1_Init  lto-llvm-de2b1a.o
    0x080028d2   0x080028d2   0x00000002   PAD
    0x080028d4   0x080028d4   0x00000002   Code   RO          641    .text.MemManage_Handler  lto-llvm-de2b1a.o
    0x080028d6   0x080028d6   0x00000002   PAD
    0x080028d8   0x080028d8   0x00000002   Code   RO          637    .text.NMI_Handler   lto-llvm-de2b1a.o
    0x080028da   0x080028da   0x00000006   PAD
    0x080028e0   0x080028e0   0x00000064   Code   RO          759    .text.PendSV_Handler  lto-llvm-de2b1a.o
    0x08002944   0x08002944   0x0000000c   PAD
    0x08002950   0x08002950   0x00000024   Code   RO          753    .text.SVC_Handler   lto-llvm-de2b1a.o
    0x08002974   0x08002974   0x000001e4   Code   RO          569    .text.SYN_FrameInfo  lto-llvm-de2b1a.o
    0x08002b58   0x08002b58   0x000011c0   Code   RO          631    .text.StartDefaultTask  lto-llvm-de2b1a.o
    0x08003d18   0x08003d18   0x00000052   Code   RO          737    .text.SysTick_Handler  lto-llvm-de2b1a.o
    0x08003d6a   0x08003d6a   0x00000002   PAD
    0x08003d6c   0x08003d6c   0x00000012   Code   RO          695    .text.SystemInit    lto-llvm-de2b1a.o
    0x08003d7e   0x08003d7e   0x00000002   PAD
    0x08003d80   0x08003d80   0x0000000c   Code   RO          653    .text.TIM1_UP_TIM10_IRQHandler  lto-llvm-de2b1a.o
    0x08003d8c   0x08003d8c   0x0000000c   Code   RO          655    .text.TIM3_IRQHandler  lto-llvm-de2b1a.o
    0x08003d98   0x08003d98   0x0000000a   Code   RO          693    .text.UART_DMAAbortOnError  lto-llvm-de2b1a.o
    0x08003da2   0x08003da2   0x00000002   PAD
    0x08003da4   0x08003da4   0x0000017a   Code   RO          689    .text.UART_DMAError  lto-llvm-de2b1a.o
    0x08003f1e   0x08003f1e   0x00000002   PAD
    0x08003f20   0x08003f20   0x000000ac   Code   RO          685    .text.UART_DMATransmitCplt  lto-llvm-de2b1a.o
    0x08003fcc   0x08003fcc   0x00000002   Code   RO          687    .text.UART_DMATxHalfCplt  lto-llvm-de2b1a.o
    0x08003fce   0x08003fce   0x00000002   PAD
    0x08003fd0   0x08003fd0   0x000000e8   Code   RO          691    .text.UART_Receive_IT  lto-llvm-de2b1a.o
    0x080040b8   0x080040b8   0x00000604   Code   RO          663    .text.USART6_IRQHandler  lto-llvm-de2b1a.o
    0x080046bc   0x080046bc   0x00000002   Code   RO          645    .text.UsageFault_Handler  lto-llvm-de2b1a.o
    0x080046be   0x080046be   0x00000002   PAD
    0x080046c0   0x080046c0   0x0000072c   Code   RO          891    .text.etharp_find_entry  lto-llvm-de2b1a.o
    0x08004dec   0x08004dec   0x00000338   Code   RO          893    .text.etharp_output  lto-llvm-de2b1a.o
    0x08005124   0x08005124   0x00000188   Code   RO          895    .text.etharp_output_to_arp_index  lto-llvm-de2b1a.o
    0x080052ac   0x080052ac   0x00000280   Code   RO          897    .text.etharp_query  lto-llvm-de2b1a.o
    0x0800552c   0x0800552c   0x00000198   Code   RO          889    .text.etharp_raw    lto-llvm-de2b1a.o
    0x080056c4   0x080056c4   0x000000ac   Code   RO          887    .text.etharp_tmr    lto-llvm-de2b1a.o
    0x08005770   0x08005770   0x00000208   Code   RO          783    .text.ethernet_input  lto-llvm-de2b1a.o
    0x08005978   0x08005978   0x00000002   Code   RO          779    .text.ethernet_link_status_updated  lto-llvm-de2b1a.o
    0x0800597a   0x0800597a   0x00000002   PAD
    0x0800597c   0x0800597c   0x0000039c   Code   RO          775    .text.ethernet_link_thread  lto-llvm-de2b1a.o
    0x08005d18   0x08005d18   0x000000ba   Code   RO          785    .text.ethernet_output  lto-llvm-de2b1a.o
    0x08005dd2   0x08005dd2   0x00000002   PAD
    0x08005dd4   0x08005dd4   0x00000216   Code   RO          769    .text.ethernetif_input  lto-llvm-de2b1a.o
    0x08005fea   0x08005fea   0x00000002   PAD
    0x08005fec   0x08005fec   0x00000028   Code   RO          635    .text.fputc         lto-llvm-de2b1a.o
    0x08006014   0x08006014   0x000001d0   Code   RO          899    .text.icmp_input    lto-llvm-de2b1a.o
    0x080061e4   0x080061e4   0x0000010c   Code   RO          901    .text.icmp_send_response  lto-llvm-de2b1a.o
    0x080062f0   0x080062f0   0x00000034   Code   RO          909    .text.ip4_addr_isbroadcast_u32  lto-llvm-de2b1a.o
    0x08006324   0x08006324   0x000001f0   Code   RO          905    .text.ip4_input     lto-llvm-de2b1a.o
    0x08006514   0x08006514   0x00000390   Code   RO          907    .text.ip4_output_if_src  lto-llvm-de2b1a.o
    0x080068a4   0x080068a4   0x00000630   Code   RO          915    .text.ip4_reass     lto-llvm-de2b1a.o
    0x08006ed4   0x08006ed4   0x0000007e   Code   RO          903    .text.ip4_route     lto-llvm-de2b1a.o
    0x08006f52   0x08006f52   0x00000002   PAD
    0x08006f54   0x08006f54   0x00000200   Code   RO          913    .text.ip_reass_free_complete_datagram  lto-llvm-de2b1a.o
    0x08007154   0x08007154   0x00000036   Code   RO          911    .text.ip_reass_tmr  lto-llvm-de2b1a.o
    0x0800718a   0x0800718a   0x00000002   PAD
    0x0800718c   0x0800718c   0x00000044   Code   RO          917    .text.ipfrag_free_pbuf_custom  lto-llvm-de2b1a.o
    0x080071d0   0x080071d0   0x00000346   Code   RO          771    .text.low_level_output  lto-llvm-de2b1a.o
    0x08007516   0x08007516   0x00000002   PAD
    0x08007518   0x08007518   0x00000150   Code   RO          883    .text.lwip_cyclic_timer  lto-llvm-de2b1a.o
    0x08007668   0x08007668   0x00000b34   Code   RO          629    .text.main          lto-llvm-de2b1a.o
    0x0800819c   0x0800819c   0x000000be   Code   RO          793    .text.memp_free     lto-llvm-de2b1a.o
    0x0800825a   0x0800825a   0x00000002   PAD
    0x0800825c   0x0800825c   0x000000bc   Code   RO          791    .text.memp_malloc   lto-llvm-de2b1a.o
    0x08008318   0x08008318   0x00000006   Code   RO          795    .text.netif_null_output_ip4  lto-llvm-de2b1a.o
    0x0800831e   0x0800831e   0x00000002   PAD
    0x08008320   0x08008320   0x000001ac   Code   RO          797    .text.netif_set_down  lto-llvm-de2b1a.o
    0x080084cc   0x080084cc   0x0000013c   Code   RO          745    .text.osMessageQueueGet  lto-llvm-de2b1a.o
    0x08008608   0x08008608   0x00000166   Code   RO          741    .text.osMutexNew    lto-llvm-de2b1a.o
    0x0800876e   0x0800876e   0x00000002   PAD
    0x08008770   0x08008770   0x0000010a   Code   RO          743    .text.osSemaphoreRelease  lto-llvm-de2b1a.o
    0x0800887a   0x0800887a   0x00000002   PAD
    0x0800887c   0x0800887c   0x000000d0   Code   RO          739    .text.osThreadNew   lto-llvm-de2b1a.o
    0x0800894c   0x0800894c   0x00000064   Code   RO          805    .text.pbuf_add_header  lto-llvm-de2b1a.o
    0x080089b0   0x080089b0   0x0000039c   Code   RO          799    .text.pbuf_alloc    lto-llvm-de2b1a.o
    0x08008d4c   0x08008d4c   0x000000f8   Code   RO          815    .text.pbuf_cat      lto-llvm-de2b1a.o
    0x08008e44   0x08008e44   0x00000034   Code   RO          811    .text.pbuf_clen     lto-llvm-de2b1a.o
    0x08008e78   0x08008e78   0x0000004c   Code   RO          819    .text.pbuf_clone    lto-llvm-de2b1a.o
    0x08008ec4   0x08008ec4   0x000001bc   Code   RO          817    .text.pbuf_copy     lto-llvm-de2b1a.o
    0x08009080   0x08009080   0x000005e0   Code   RO          801    .text.pbuf_free     lto-llvm-de2b1a.o
    0x08009660   0x08009660   0x000000d2   Code   RO          773    .text.pbuf_free_custom  lto-llvm-de2b1a.o
    0x08009732   0x08009732   0x00000002   PAD
    0x08009734   0x08009734   0x000000c2   Code   RO          809    .text.pbuf_header_force  lto-llvm-de2b1a.o
    0x080097f6   0x080097f6   0x00000002   PAD
    0x080097f8   0x080097f8   0x000003b0   Code   RO          803    .text.pbuf_realloc  lto-llvm-de2b1a.o
    0x08009ba8   0x08009ba8   0x000000ac   Code   RO          813    .text.pbuf_ref      lto-llvm-de2b1a.o
    0x08009c54   0x08009c54   0x00000062   Code   RO          807    .text.pbuf_remove_header  lto-llvm-de2b1a.o
    0x08009cb6   0x08009cb6   0x00000002   PAD
    0x08009cb8   0x08009cb8   0x00000536   Code   RO          715    .text.prvAddNewTaskToReadyList  lto-llvm-de2b1a.o
    0x0800a1ee   0x0800a1ee   0x00000002   PAD
    0x0800a1f0   0x0800a1f0   0x00000122   Code   RO          725    .text.prvIdleTask   lto-llvm-de2b1a.o
    0x0800a312   0x0800a312   0x00000002   PAD
    0x0800a314   0x0800a314   0x00000134   Code   RO          713    .text.prvInitialiseNewTask  lto-llvm-de2b1a.o
    0x0800a448   0x0800a448   0x00000028   Code   RO          757    .text.prvPortStartFirstTask  lto-llvm-de2b1a.o
    0x0800a470   0x0800a470   0x0000003e   Code   RO          751    .text.prvTaskExitError  lto-llvm-de2b1a.o
    0x0800a4ae   0x0800a4ae   0x00000002   PAD
    0x0800a4b0   0x0800a4b0   0x0000085a   Code   RO          735    .text.prvTimerTask  lto-llvm-de2b1a.o
    0x0800ad0a   0x0800ad0a   0x00000002   PAD
    0x0800ad0c   0x0800ad0c   0x0000014e   Code   RO          701    .text.prvUnlockQueue  lto-llvm-de2b1a.o
    0x0800ae5a   0x0800ae5a   0x00000002   PAD
    0x0800ae5c   0x0800ae5c   0x00000220   Code   RO          747    .text.pvPortMalloc  lto-llvm-de2b1a.o
    0x0800b07c   0x0800b07c   0x0000011c   Code   RO          919    .text.sys_arch_mbox_fetch  lto-llvm-de2b1a.o
    0x0800b198   0x0800b198   0x000000b4   Code   RO          881    .text.sys_timeout   lto-llvm-de2b1a.o
    0x0800b24c   0x0800b24c   0x00000db4   Code   RO          627    .text.taskDHT11     lto-llvm-de2b1a.o
    0x0800c000   0x0800c000   0x00000614   Code   RO          625    .text.taskOLED      lto-llvm-de2b1a.o
    0x0800c614   0x0800c614   0x000001e4   Code   RO          831    .text.tcp_abandon   lto-llvm-de2b1a.o
    0x0800c7f8   0x0800c7f8   0x000000e4   Code   RO          861    .text.tcp_create_segment  lto-llvm-de2b1a.o
    0x0800c8dc   0x0800c8dc   0x00000214   Code   RO          863    .text.tcp_enqueue_flags  lto-llvm-de2b1a.o
    0x0800caf0   0x0800caf0   0x00000034   Code   RO          821    .text.tcp_free      lto-llvm-de2b1a.o
    0x0800cb24   0x0800cb24   0x00000208   Code   RO          857    .text.tcp_free_acked_segments  lto-llvm-de2b1a.o
    0x0800cd2c   0x0800cd2c   0x00000638   Code   RO          843    .text.tcp_input     lto-llvm-de2b1a.o
    0x0800d364   0x0800d364   0x0000006a   Code   RO          851    .text.tcp_input_delayed_close  lto-llvm-de2b1a.o
    0x0800d3ce   0x0800d3ce   0x00000002   PAD
    0x0800d3d0   0x0800d3d0   0x00000508   Code   RO          847    .text.tcp_listen_input  lto-llvm-de2b1a.o
    0x0800d8d8   0x0800d8d8   0x000000b0   Code   RO          841    .text.tcp_netif_ip_addr_changed  lto-llvm-de2b1a.o
    0x0800d988   0x0800d988   0x00000094   Code   RO          859    .text.tcp_oos_insert_segment  lto-llvm-de2b1a.o
    0x0800da1c   0x0800da1c   0x000004a4   Code   RO          865    .text.tcp_output    lto-llvm-de2b1a.o
    0x0800dec0   0x0800dec0   0x00000110   Code   RO          853    .text.tcp_parseopt  lto-llvm-de2b1a.o
    0x0800dfd0   0x0800dfd0   0x0000009a   Code   RO          825    .text.tcp_pcb_purge  lto-llvm-de2b1a.o
    0x0800e06a   0x0800e06a   0x00000002   PAD
    0x0800e06c   0x0800e06c   0x00000154   Code   RO          829    .text.tcp_pcb_remove  lto-llvm-de2b1a.o
    0x0800e1c0   0x0800e1c0   0x0000072c   Code   RO          849    .text.tcp_process   lto-llvm-de2b1a.o
    0x0800e8ec   0x0800e8ec   0x00000076   Code   RO          833    .text.tcp_process_refused_data  lto-llvm-de2b1a.o
    0x0800e962   0x0800e962   0x00000002   PAD
    0x0800e964   0x0800e964   0x00000978   Code   RO          855    .text.tcp_receive   lto-llvm-de2b1a.o
    0x0800f2dc   0x0800f2dc   0x00000440   Code   RO          835    .text.tcp_recv_null  lto-llvm-de2b1a.o
    0x0800f71c   0x0800f71c   0x000000dc   Code   RO          827    .text.tcp_recved    lto-llvm-de2b1a.o
    0x0800f7f8   0x0800f7f8   0x000000c8   Code   RO          871    .text.tcp_rexmit    lto-llvm-de2b1a.o
    0x0800f8c0   0x0800f8c0   0x000000fa   Code   RO          873    .text.tcp_rexmit_fast  lto-llvm-de2b1a.o
    0x0800f9ba   0x0800f9ba   0x00000002   PAD
    0x0800f9bc   0x0800f9bc   0x00000092   Code   RO          869    .text.tcp_rexmit_rto  lto-llvm-de2b1a.o
    0x0800fa4e   0x0800fa4e   0x00000002   PAD
    0x0800fa50   0x0800fa50   0x00000288   Code   RO          875    .text.tcp_rst       lto-llvm-de2b1a.o
    0x0800fcd8   0x0800fcd8   0x0000002c   Code   RO          839    .text.tcp_seg_copy  lto-llvm-de2b1a.o
    0x0800fd04   0x0800fd04   0x00000020   Code   RO          837    .text.tcp_seg_free  lto-llvm-de2b1a.o
    0x0800fd24   0x0800fd24   0x00000190   Code   RO          867    .text.tcp_send_empty_ack  lto-llvm-de2b1a.o
    0x0800feb4   0x0800feb4   0x000000de   Code   RO          877    .text.tcp_timer_needed  lto-llvm-de2b1a.o
    0x0800ff92   0x0800ff92   0x00000002   PAD
    0x0800ff94   0x0800ff94   0x000000aa   Code   RO          845    .text.tcp_timewait_input  lto-llvm-de2b1a.o
    0x0801003e   0x0801003e   0x00000002   PAD
    0x08010040   0x08010040   0x00000ef4   Code   RO          823    .text.tcp_tmr       lto-llvm-de2b1a.o
    0x08010f34   0x08010f34   0x00000148   Code   RO          787    .text.tcpip_input   lto-llvm-de2b1a.o
    0x0801107c   0x0801107c   0x000000dc   Code   RO          879    .text.tcpip_tcp_timer  lto-llvm-de2b1a.o
    0x08011158   0x08011158   0x00000208   Code   RO          789    .text.tcpip_thread  lto-llvm-de2b1a.o
    0x08011360   0x08011360   0x00000106   Code   RO          589    .text.u8g2_DrawHVLine  lto-llvm-de2b1a.o
    0x08011466   0x08011466   0x00000002   PAD
    0x08011468   0x08011468   0x00000022   Code   RO          577    .text.u8g2_SetBufferCurrTileRow  lto-llvm-de2b1a.o
    0x0801148a   0x0801148a   0x00000002   PAD
    0x0801148c   0x0801148c   0x00000020   Code   RO          583    .text.u8g2_add_vector_x  lto-llvm-de2b1a.o
    0x080114ac   0x080114ac   0x00000020   Code   RO          581    .text.u8g2_add_vector_y  lto-llvm-de2b1a.o
    0x080114cc   0x080114cc   0x0000001e   Code   RO          597    .text.u8g2_draw_l90_r0  lto-llvm-de2b1a.o
    0x080114ea   0x080114ea   0x00000002   PAD
    0x080114ec   0x080114ec   0x000006bc   Code   RO          585    .text.u8g2_draw_string  lto-llvm-de2b1a.o
    0x08011ba8   0x08011ba8   0x00000004   Code   RO          587    .text.u8g2_font_calc_vref_font  lto-llvm-de2b1a.o
    0x08011bac   0x08011bac   0x00000008   Code   RO          579    .text.u8g2_font_get_word  lto-llvm-de2b1a.o
    0x08011bb4   0x08011bb4   0x0000025c   Code   RO          591    .text.u8g2_ll_hvline_vertical_top_lsb  lto-llvm-de2b1a.o
    0x08011e10   0x08011e10   0x0000006e   Code   RO          575    .text.u8g2_send_buffer  lto-llvm-de2b1a.o
    0x08011e7e   0x08011e7e   0x00000002   PAD
    0x08011e80   0x08011e80   0x00000040   Code   RO          593    .text.u8g2_update_dimension_r0  lto-llvm-de2b1a.o
    0x08011ec0   0x08011ec0   0x00000094   Code   RO          595    .text.u8g2_update_page_win_r0  lto-llvm-de2b1a.o
    0x08011f54   0x08011f54   0x00000012   Code   RO          599    .text.u8x8_ascii_next  lto-llvm-de2b1a.o
    0x08011f66   0x08011f66   0x00000002   PAD
    0x08011f68   0x08011f68   0x00000014   Code   RO          603    .text.u8x8_byte_SendByte  lto-llvm-de2b1a.o
    0x08011f7c   0x08011f7c   0x0000000c   Code   RO          601    .text.u8x8_byte_SendBytes  lto-llvm-de2b1a.o
    0x08011f88   0x08011f88   0x000003fc   Code   RO          571    .text.u8x8_byte_hw_i2c  lto-llvm-de2b1a.o
    0x08012384   0x08012384   0x0000000c   Code   RO          613    .text.u8x8_cad_EndTransfer  lto-llvm-de2b1a.o
    0x08012390   0x08012390   0x0000000c   Code   RO          607    .text.u8x8_cad_SendArg  lto-llvm-de2b1a.o
    0x0801239c   0x0801239c   0x0000000c   Code   RO          605    .text.u8x8_cad_SendCmd  lto-llvm-de2b1a.o
    0x080123a8   0x080123a8   0x0000000c   Code   RO          609    .text.u8x8_cad_SendData  lto-llvm-de2b1a.o
    0x080123b4   0x080123b4   0x0000007a   Code   RO          615    .text.u8x8_cad_SendSequence  lto-llvm-de2b1a.o
    0x0801242e   0x0801242e   0x00000002   PAD
    0x08012430   0x08012430   0x0000000c   Code   RO          611    .text.u8x8_cad_StartTransfer  lto-llvm-de2b1a.o
    0x0801243c   0x0801243c   0x000001d2   Code   RO          619    .text.u8x8_cad_ssd13xx_fast_i2c  lto-llvm-de2b1a.o
    0x0801260e   0x0801260e   0x00000002   PAD
    0x08012610   0x08012610   0x0000017c   Code   RO          621    .text.u8x8_d_sh1106_128x64_noname  lto-llvm-de2b1a.o
    0x0801278c   0x0801278c   0x00000162   Code   RO          573    .text.u8x8_gpio_and_delay  lto-llvm-de2b1a.o
    0x080128ee   0x080128ee   0x00000002   PAD
    0x080128f0   0x080128f0   0x00000008   Code   RO          623    .text.u8x8_gpio_call  lto-llvm-de2b1a.o
    0x080128f8   0x080128f8   0x0000003c   Code   RO          617    .text.u8x8_i2c_data_transfer  lto-llvm-de2b1a.o
    0x08012934   0x08012934   0x00000308   Code   RO          885    .text.udp_input     lto-llvm-de2b1a.o
    0x08012c3c   0x08012c3c   0x00000014   Code   RO          755    .text.vPortEnableVFP  lto-llvm-de2b1a.o
    0x08012c50   0x08012c50   0x000000f8   Code   RO          749    .text.vPortFree     lto-llvm-de2b1a.o
    0x08012d48   0x08012d48   0x00000182   Code   RO          721    .text.vTaskDelay    lto-llvm-de2b1a.o
    0x08012eca   0x08012eca   0x00000002   PAD
    0x08012ecc   0x08012ecc   0x000001ce   Code   RO          727    .text.vTaskPlaceOnEventList  lto-llvm-de2b1a.o
    0x0801309a   0x0801309a   0x00000002   PAD
    0x0801309c   0x0801309c   0x00000568   Code   RO          723    .text.vTaskStartScheduler  lto-llvm-de2b1a.o
    0x08013604   0x08013604   0x000000c6   Code   RO          709    .text.vTaskSwitchContext  lto-llvm-de2b1a.o
    0x080136ca   0x080136ca   0x00000002   PAD
    0x080136cc   0x080136cc   0x000000e8   Code   RO          697    .text.xQueueGenericCreate  lto-llvm-de2b1a.o
    0x080137b4   0x080137b4   0x0000016a   Code   RO          699    .text.xQueueGenericSend  lto-llvm-de2b1a.o
    0x0801391e   0x0801391e   0x00000002   PAD
    0x08013920   0x08013920   0x00000144   Code   RO          705    .text.xQueueGenericSendFromISR  lto-llvm-de2b1a.o
    0x08013a64   0x08013a64   0x00000426   Code   RO          707    .text.xQueueReceive  lto-llvm-de2b1a.o
    0x08013e8a   0x08013e8a   0x00000002   PAD
    0x08013e8c   0x08013e8c   0x0000035a   Code   RO          703    .text.xQueueSemaphoreTake  lto-llvm-de2b1a.o
    0x080141e6   0x080141e6   0x00000002   PAD
    0x080141e8   0x080141e8   0x00000076   Code   RO          711    .text.xTaskCreateStatic  lto-llvm-de2b1a.o
    0x0801425e   0x0801425e   0x00000002   PAD
    0x08014260   0x08014260   0x000001b2   Code   RO          719    .text.xTaskIncrementTick  lto-llvm-de2b1a.o
    0x08014412   0x08014412   0x00000002   PAD
    0x08014414   0x08014414   0x000000ca   Code   RO          733    .text.xTaskPriorityDisinherit  lto-llvm-de2b1a.o
    0x080144de   0x080144de   0x00000002   PAD
    0x080144e0   0x080144e0   0x000000b8   Code   RO          731    .text.xTaskPriorityInherit  lto-llvm-de2b1a.o
    0x08014598   0x08014598   0x000000f2   Code   RO          729    .text.xTaskRemoveFromEventList  lto-llvm-de2b1a.o
    0x0801468a   0x0801468a   0x00000002   PAD
    0x0801468c   0x0801468c   0x00000282   Code   RO          717    .text.xTaskResumeAll  lto-llvm-de2b1a.o
    0x0801490e   0x0801490e   0x00000002   PAD
    0x08014910   0x08014910   0x00000020   Code   RO          453    i.__0printf         mc_w.l(printfa.o)
    0x08014930   0x08014930   0x00000034   Code   RO          454    i.__0snprintf       mc_w.l(printfa.o)
    0x08014964   0x08014964   0x0000000e   Code   RO         1126    i.__scatterload_copy  mc_w.l(handlers.o)
    0x08014972   0x08014972   0x00000002   Code   RO         1127    i.__scatterload_null  mc_w.l(handlers.o)
    0x08014974   0x08014974   0x0000000e   Code   RO         1128    i.__scatterload_zeroinit  mc_w.l(handlers.o)
    0x08014982   0x08014982   0x00000002   PAD
    0x08014984   0x08014984   0x00000184   Code   RO          460    i._fp_digits        mc_w.l(printfa.o)
    0x08014b08   0x08014b08   0x0000000e   Code   RO          485    i._is_digit         mc_w.l(scanf_fp.o)
    0x08014b16   0x08014b16   0x00000002   PAD
    0x08014b18   0x08014b18   0x000006dc   Code   RO          461    i._printf_core      mc_w.l(printfa.o)
    0x080151f4   0x080151f4   0x00000024   Code   RO          462    i._printf_post_padding  mc_w.l(printfa.o)
    0x08015218   0x08015218   0x0000002e   Code   RO          463    i._printf_pre_padding  mc_w.l(printfa.o)
    0x08015246   0x08015246   0x00000016   Code   RO          464    i._snputc           mc_w.l(printfa.o)
    0x0801525c   0x0801525c   0x00000024   Code   RO          179    i.puts              mc_w.l(puts.o)
    0x08015280   0x08015280   0x00000081   Data   RO          184    .constdata          mc_w.l(ctype_o.o)
    0x08015301   0x08015301   0x00000003   PAD
    0x08015304   0x08015304   0x00000004   Data   RO          185    .constdata          mc_w.l(ctype_o.o)
    0x08015308   0x08015308   0x00000008   Data   RO          957    .rodata.cst8        lto-llvm-de2b1a.o
    0x08015310   0x08015310   0x00000024   Data   RO          945    .rodata.defaultTask_attributes  lto-llvm-de2b1a.o
    0x08015334   0x08015334   0x00000006   Data   RO         1099    .rodata.ethbroadcast  lto-llvm-de2b1a.o
    0x0801533a   0x0801533a   0x00000006   Data   RO         1101    .rodata.ethzero     lto-llvm-de2b1a.o
    0x08015340   0x08015340   0x00000018   Data   RO         1090    .rodata.lwip_cyclic_timers  lto-llvm-de2b1a.o
    0x08015358   0x08015358   0x0000000c   Data   RO         1044    .rodata.memp_FRAG_PBUF  lto-llvm-de2b1a.o
    0x08015364   0x08015364   0x0000000c   Data   RO         1047    .rodata.memp_NETBUF  lto-llvm-de2b1a.o
    0x08015370   0x08015370   0x0000000c   Data   RO         1050    .rodata.memp_NETCONN  lto-llvm-de2b1a.o
    0x0801537c   0x0801537c   0x0000000c   Data   RO         1062    .rodata.memp_PBUF   lto-llvm-de2b1a.o
    0x08015388   0x08015388   0x0000000c   Data   RO         1065    .rodata.memp_PBUF_POOL  lto-llvm-de2b1a.o
    0x08015394   0x08015394   0x0000000c   Data   RO         1041    .rodata.memp_REASSDATA  lto-llvm-de2b1a.o
    0x080153a0   0x080153a0   0x0000000c   Data   RO         1059    .rodata.memp_SYS_TIMEOUT  lto-llvm-de2b1a.o
    0x080153ac   0x080153ac   0x0000000c   Data   RO         1053    .rodata.memp_TCPIP_MSG_API  lto-llvm-de2b1a.o
    0x080153b8   0x080153b8   0x0000000c   Data   RO         1056    .rodata.memp_TCPIP_MSG_INPKT  lto-llvm-de2b1a.o
    0x080153c4   0x080153c4   0x0000000c   Data   RO         1032    .rodata.memp_TCP_PCB  lto-llvm-de2b1a.o
    0x080153d0   0x080153d0   0x0000000c   Data   RO         1035    .rodata.memp_TCP_PCB_LISTEN  lto-llvm-de2b1a.o
    0x080153dc   0x080153dc   0x0000000c   Data   RO         1038    .rodata.memp_TCP_SEG  lto-llvm-de2b1a.o
    0x080153e8   0x080153e8   0x0000000c   Data   RO         1029    .rodata.memp_UDP_PCB  lto-llvm-de2b1a.o
    0x080153f4   0x080153f4   0x00000034   Data   RO         1066    .rodata.memp_pools  lto-llvm-de2b1a.o
    0x08015428   0x08015428   0x00000a7f   Data   RO          921    .rodata.str1.1      lto-llvm-de2b1a.o
    0x08015ea7   0x08015ea7   0x0000000d   Data   RO         1072    .rodata.tcp_backoff  lto-llvm-de2b1a.o
    0x08015eb4   0x08015eb4   0x00000007   Data   RO         1071    .rodata.tcp_persist_backoff  lto-llvm-de2b1a.o
    0x08015ebb   0x08015ebb   0x00000001   PAD
    0x08015ebc   0x08015ebc   0x0000000c   Data   RO          925    .rodata.u8g2_cb_r0  lto-llvm-de2b1a.o
    0x08015ec8   0x08015ec8   0x000020a4   Data   RO          936    .rodata.u8g2_font_samim_16_t_all  lto-llvm-de2b1a.o
    0x08017f6c   0x08017f6c   0x00000007   Data   RO          931    .rodata.u8x8_d_ssd1306_128x64_noname_flip0_seq  lto-llvm-de2b1a.o
    0x08017f73   0x08017f73   0x00000007   Data   RO          932    .rodata.u8x8_d_ssd1306_128x64_noname_flip1_seq  lto-llvm-de2b1a.o
    0x08017f7a   0x08017f7a   0x00000035   Data   RO          927    .rodata.u8x8_d_ssd1306_128x64_noname_init_seq  lto-llvm-de2b1a.o
    0x08017faf   0x08017faf   0x00000005   Data   RO          929    .rodata.u8x8_d_ssd1306_128x64_noname_powersave0_seq  lto-llvm-de2b1a.o
    0x08017fb4   0x08017fb4   0x00000005   Data   RO          930    .rodata.u8x8_d_ssd1306_128x64_noname_powersave1_seq  lto-llvm-de2b1a.o
    0x08017fb9   0x08017fb9   0x00000003   PAD
    0x08017fbc   0x08017fbc   0x00000018   Data   RO          928    .rodata.u8x8_sh1106_128x64_noname_display_info  lto-llvm-de2b1a.o
    0x08017fd4   0x08017fd4   0x00000020   Data   RO         1125    Region$$Table       anon$$obj.o


    Execution Region RW_IRAM2 (Exec base: 0x10000000, Load base: 0x08018030, Size: 0x00000000, Max: 0x00010000, ABSOLUTE)

    **** No section assigned to this execution region ****


    Execution Region RW_IRAM1 (Exec base: 0x20000000, Load base: 0x08017ff8, Size: 0x000122e0, Max: 0x00030000, ABSOLUTE)

    Exec Addr    Load Addr    Size         Type   Attr      Idx    E Section Name        Object

    0x20000000   0x08017ff8   0x00000004   Data   RW          212    .data               mc_w.l(rand.o)
    0x20000004   0x08017ffc   0x00000004   Data   RW          503    .data               mc_w.l(stdout.o)
    0x20000008   0x08018000   0x00000004   Data   RW         1005    .data.SystemCoreClock  lto-llvm-de2b1a.o
    0x2000000c   0x08018004   0x00000018   Data   RW          934    .data.TTSData2      lto-llvm-de2b1a.o
    0x20000024   0x0801801c   0x00000001   Data   RW          933    .data.displayMode   lto-llvm-de2b1a.o
    0x20000025   0x0801801d   0x00000003   PAD
    0x20000028   0x08018020   0x00000004   Data   RW         1073    .data.tcp_next_iss.iss  lto-llvm-de2b1a.o
    0x2000002c   0x08018024   0x00000002   Data   RW         1096    .data.udp_port      lto-llvm-de2b1a.o
    0x2000002e   0x08018026   0x00000002   PAD
    0x20000030   0x08018028   0x00000004   Data   RW         1004    .data.uxCriticalNesting  lto-llvm-de2b1a.o
    0x20000034   0x0801802c   0x00000004   PAD
    0x20000038        -       0x000000a0   Zero   RW         1015    .bss.DMARxDscrTab   lto-llvm-de2b1a.o
    0x200000d8        -       0x000000a0   Zero   RW         1016    .bss.DMATxDscrTab   lto-llvm-de2b1a.o
    0x20000178        -       0x00000004   Zero   RW          989    .bss.KernelState    lto-llvm-de2b1a.o
    0x2000017c        -       0x00000004   Zero   RW         1012    .bss.LAN8742.0      lto-llvm-de2b1a.o
    0x20000180        -       0x00000001   Zero   RW         1013    .bss.LAN8742.1      lto-llvm-de2b1a.o
    0x20000181   0x0801802c   0x00000003   PAD
    0x20000184        -       0x00000004   Zero   RW         1014    .bss.LAN8742.2      lto-llvm-de2b1a.o
    0x20000188        -       0x00000001   Zero   RW         1010    .bss.RxAllocStatus  lto-llvm-de2b1a.o
    0x20000189   0x0801802c   0x00000003   PAD
    0x2000018c        -       0x00000004   Zero   RW         1008    .bss.RxPktSemaphore  lto-llvm-de2b1a.o
    0x20000190        -       0x00000038   Zero   RW         1017    .bss.TxConfig       lto-llvm-de2b1a.o
    0x200001c8        -       0x00000004   Zero   RW         1009    .bss.TxPktSemaphore  lto-llvm-de2b1a.o
    0x200001cc        -       0x00000004   Zero   RW         1079    .bss.ackno          lto-llvm-de2b1a.o
    0x200001d0        -       0x000000f0   Zero   RW         1098    .bss.arp_table      lto-llvm-de2b1a.o
    0x200002c0        -       0x00000024   Zero   RW         1019    .bss.attributes     lto-llvm-de2b1a.o
    0x200002e4        -       0x00000004   Zero   RW         1095    .bss.current_timeout_due_time  lto-llvm-de2b1a.o
    0x200002e8        -       0x00000004   Zero   RW          946    .bss.defaultTaskHandle  lto-llvm-de2b1a.o
    0x200002ec        -       0x00000008   Zero   RW          939    .bss.dht11DATA      lto-llvm-de2b1a.o
    0x200002f4        -       0x00000001   Zero   RW         1100    .bss.etharp_cached_entry  lto-llvm-de2b1a.o
    0x200002f5        -       0x00000001   Zero   RW         1080    .bss.flags          lto-llvm-de2b1a.o
    0x200002f6   0x0801802c   0x00000002   PAD
    0x200002f8        -       0x00000034   Zero   RW         1018    .bss.gnetif         lto-llvm-de2b1a.o
    0x2000032c        -       0x00000004   Zero   RW          942    .bss.handleDHT11    lto-llvm-de2b1a.o
    0x20000330        -       0x00000004   Zero   RW          941    .bss.handleOLED     lto-llvm-de2b1a.o
    0x20000334        -       0x00000060   Zero   RW          951    .bss.hdma_usart6_rx  lto-llvm-de2b1a.o
    0x20000394        -       0x00000060   Zero   RW          952    .bss.hdma_usart6_tx  lto-llvm-de2b1a.o
    0x200003f4        -       0x000000b0   Zero   RW         1011    .bss.heth           lto-llvm-de2b1a.o
    0x200004a4        -       0x00000054   Zero   RW          947    .bss.hi2c1          lto-llvm-de2b1a.o
    0x200004f8        -       0x00000048   Zero   RW          954    .bss.htim1          lto-llvm-de2b1a.o
    0x20000540        -       0x00000048   Zero   RW          948    .bss.htim2          lto-llvm-de2b1a.o
    0x20000588        -       0x00000048   Zero   RW          950    .bss.htim3          lto-llvm-de2b1a.o
    0x200005d0        -       0x00000044   Zero   RW          949    .bss.huart3         lto-llvm-de2b1a.o
    0x20000614        -       0x00000044   Zero   RW          953    .bss.huart6         lto-llvm-de2b1a.o
    0x20000658        -       0x00000010   Zero   RW         1083    .bss.inseg          lto-llvm-de2b1a.o
    0x20000668        -       0x00000018   Zero   RW         1104    .bss.ip_data        lto-llvm-de2b1a.o
    0x20000680        -       0x00000002   Zero   RW         1105    .bss.ip_id          lto-llvm-de2b1a.o
    0x20000682        -       0x00000002   Zero   RW         1107    .bss.ip_reass_pbufcount  lto-llvm-de2b1a.o
    0x20000684        -       0x00000004   Zero   RW         1025    .bss.lfree          lto-llvm-de2b1a.o
    0x20000688        -       0x00000004   Zero   RW         1021    .bss.lock_tcpip_core  lto-llvm-de2b1a.o
    0x2000068c        -       0x00000004   Zero   RW         1108    .bss.lwip_sys_mutex  lto-llvm-de2b1a.o
    0x20000690        -       0x00000004   Zero   RW         1026    .bss.mem_mutex      lto-llvm-de2b1a.o
    0x20000694        -       0x0000016b   Zero   RW         1042    .bss.memp_memory_FRAG_PBUF_base  lto-llvm-de2b1a.o
    0x200007ff        -       0x00000023   Zero   RW         1045    .bss.memp_memory_NETBUF_base  lto-llvm-de2b1a.o
    0x20000822        -       0x000000a3   Zero   RW         1048    .bss.memp_memory_NETCONN_base  lto-llvm-de2b1a.o
    0x200008c5        -       0x00002603   Zero   RW         1063    .bss.memp_memory_PBUF_POOL_base  lto-llvm-de2b1a.o
    0x20002ec8        -       0x00000103   Zero   RW         1060    .bss.memp_memory_PBUF_base  lto-llvm-de2b1a.o
    0x20002fcb        -       0x000000a3   Zero   RW         1039    .bss.memp_memory_REASSDATA_base  lto-llvm-de2b1a.o
    0x2000306e        -       0x00004983   Zero   RW         1006    .bss.memp_memory_RX_POOL_base  lto-llvm-de2b1a.o
    0x200079f1        -       0x00000033   Zero   RW         1057    .bss.memp_memory_SYS_TIMEOUT_base  lto-llvm-de2b1a.o
    0x20007a24        -       0x00000083   Zero   RW         1051    .bss.memp_memory_TCPIP_MSG_API_base  lto-llvm-de2b1a.o
    0x20007aa7        -       0x00000083   Zero   RW         1054    .bss.memp_memory_TCPIP_MSG_INPKT_base  lto-llvm-de2b1a.o
    0x20007b2a        -       0x000000e3   Zero   RW         1033    .bss.memp_memory_TCP_PCB_LISTEN_base  lto-llvm-de2b1a.o
    0x20007c0d        -       0x0000030f   Zero   RW         1030    .bss.memp_memory_TCP_PCB_base  lto-llvm-de2b1a.o
    0x20007f1c        -       0x00000103   Zero   RW         1036    .bss.memp_memory_TCP_SEG_base  lto-llvm-de2b1a.o
    0x2000801f        -       0x00000083   Zero   RW         1027    .bss.memp_memory_UDP_PCB_base  lto-llvm-de2b1a.o
    0x200080a2   0x0801802c   0x00000002   PAD
    0x200080a4        -       0x00000004   Zero   RW         1043    .bss.memp_tab_FRAG_PBUF  lto-llvm-de2b1a.o
    0x200080a8        -       0x00000004   Zero   RW         1046    .bss.memp_tab_NETBUF  lto-llvm-de2b1a.o
    0x200080ac        -       0x00000004   Zero   RW         1049    .bss.memp_tab_NETCONN  lto-llvm-de2b1a.o
    0x200080b0        -       0x00000004   Zero   RW         1061    .bss.memp_tab_PBUF  lto-llvm-de2b1a.o
    0x200080b4        -       0x00000004   Zero   RW         1064    .bss.memp_tab_PBUF_POOL  lto-llvm-de2b1a.o
    0x200080b8        -       0x00000004   Zero   RW         1040    .bss.memp_tab_REASSDATA  lto-llvm-de2b1a.o
    0x200080bc        -       0x00000004   Zero   RW         1007    .bss.memp_tab_RX_POOL  lto-llvm-de2b1a.o
    0x200080c0        -       0x00000004   Zero   RW         1058    .bss.memp_tab_SYS_TIMEOUT  lto-llvm-de2b1a.o
    0x200080c4        -       0x00000004   Zero   RW         1052    .bss.memp_tab_TCPIP_MSG_API  lto-llvm-de2b1a.o
    0x200080c8        -       0x00000004   Zero   RW         1055    .bss.memp_tab_TCPIP_MSG_INPKT  lto-llvm-de2b1a.o
    0x200080cc        -       0x00000004   Zero   RW         1031    .bss.memp_tab_TCP_PCB  lto-llvm-de2b1a.o
    0x200080d0        -       0x00000004   Zero   RW         1034    .bss.memp_tab_TCP_PCB_LISTEN  lto-llvm-de2b1a.o
    0x200080d4        -       0x00000004   Zero   RW         1037    .bss.memp_tab_TCP_SEG  lto-llvm-de2b1a.o
    0x200080d8        -       0x00000004   Zero   RW         1028    .bss.memp_tab_UDP_PCB  lto-llvm-de2b1a.o
    0x200080dc        -       0x00000004   Zero   RW         1103    .bss.netif_default  lto-llvm-de2b1a.o
    0x200080e0        -       0x00000004   Zero   RW         1102    .bss.netif_list     lto-llvm-de2b1a.o
    0x200080e4        -       0x00000001   Zero   RW         1067    .bss.netif_num      lto-llvm-de2b1a.o
    0x200080e5   0x0801802c   0x00000003   PAD
    0x200080e8        -       0x00000004   Zero   RW         1094    .bss.next_timeout   lto-llvm-de2b1a.o
    0x200080ec        -       0x000000a0   Zero   RW          988    .bss.prvCheckForValidListAndQueue.ucStaticTimerQueueStorage  lto-llvm-de2b1a.o
    0x2000818c        -       0x00000050   Zero   RW          987    .bss.prvCheckForValidListAndQueue.xStaticTimerQueue  lto-llvm-de2b1a.o
    0x200081dc        -       0x00000004   Zero   RW          984    .bss.prvSampleTimeNow.xLastTime  lto-llvm-de2b1a.o
    0x200081e0        -       0x00000004   Zero   RW          959    .bss.pxCurrentTCB   lto-llvm-de2b1a.o
    0x200081e4        -       0x00000004   Zero   RW          982    .bss.pxCurrentTimerList  lto-llvm-de2b1a.o
    0x200081e8        -       0x00000004   Zero   RW          967    .bss.pxDelayedTaskList  lto-llvm-de2b1a.o
    0x200081ec        -       0x00000004   Zero   RW          994    .bss.pxEnd          lto-llvm-de2b1a.o
    0x200081f0        -       0x00000004   Zero   RW          968    .bss.pxOverflowDelayedTaskList  lto-llvm-de2b1a.o
    0x200081f4        -       0x00000004   Zero   RW          983    .bss.pxOverflowTimerList  lto-llvm-de2b1a.o
    0x200081f8        -       0x00000460   Zero   RW          970    .bss.pxReadyTasksLists  lto-llvm-de2b1a.o
    0x20008658        -       0x00000004   Zero   RW          938    .bss.queueDHT11     lto-llvm-de2b1a.o
    0x2000865c        -       0x00000004   Zero   RW          937    .bss.queueSwitch    lto-llvm-de2b1a.o
    0x20008660        -       0x00000004   Zero   RW         1023    .bss.ram            lto-llvm-de2b1a.o
    0x20008664        -       0x00000004   Zero   RW         1024    .bss.ram_end        lto-llvm-de2b1a.o
    0x20008668        -       0x00002813   Zero   RW         1022    .bss.ram_heap       lto-llvm-de2b1a.o
    0x2000ae7b   0x0801802c   0x00000001   PAD
    0x2000ae7c        -       0x00000004   Zero   RW         1106    .bss.reassdatagrams  lto-llvm-de2b1a.o
    0x2000ae80        -       0x00000002   Zero   RW         1086    .bss.recv_acked     lto-llvm-de2b1a.o
    0x2000ae82   0x0801802c   0x00000002   PAD
    0x2000ae84        -       0x00000004   Zero   RW         1084    .bss.recv_data      lto-llvm-de2b1a.o
    0x2000ae88        -       0x00000001   Zero   RW         1085    .bss.recv_flags     lto-llvm-de2b1a.o
    0x2000ae89   0x0801802c   0x00000003   PAD
    0x2000ae8c        -       0x00000004   Zero   RW         1078    .bss.seqno          lto-llvm-de2b1a.o
    0x2000ae90        -       0x00000004   Zero   RW         1092    .bss.tcp_active_pcbs  lto-llvm-de2b1a.o
    0x2000ae94        -       0x00000001   Zero   RW         1087    .bss.tcp_active_pcbs_changed  lto-llvm-de2b1a.o
    0x2000ae95   0x0801802c   0x00000003   PAD
    0x2000ae98        -       0x00000004   Zero   RW         1068    .bss.tcp_bound_pcbs  lto-llvm-de2b1a.o
    0x2000ae9c        -       0x00000004   Zero   RW         1088    .bss.tcp_input_pcb  lto-llvm-de2b1a.o
    0x2000aea0        -       0x00000004   Zero   RW         1082    .bss.tcp_listen_pcbs  lto-llvm-de2b1a.o
    0x2000aea4        -       0x00000004   Zero   RW         1089    .bss.tcp_ticks      lto-llvm-de2b1a.o
    0x2000aea8        -       0x00000001   Zero   RW         1069    .bss.tcp_timer      lto-llvm-de2b1a.o
    0x2000aea9        -       0x00000001   Zero   RW         1070    .bss.tcp_timer_ctr  lto-llvm-de2b1a.o
    0x2000aeaa   0x0801802c   0x00000002   PAD
    0x2000aeac        -       0x00000004   Zero   RW         1093    .bss.tcp_tw_pcbs    lto-llvm-de2b1a.o
    0x2000aeb0        -       0x00000004   Zero   RW         1074    .bss.tcphdr         lto-llvm-de2b1a.o
    0x2000aeb4        -       0x00000002   Zero   RW         1077    .bss.tcphdr_opt1len  lto-llvm-de2b1a.o
    0x2000aeb6   0x0801802c   0x00000002   PAD
    0x2000aeb8        -       0x00000004   Zero   RW         1076    .bss.tcphdr_opt2    lto-llvm-de2b1a.o
    0x2000aebc        -       0x00000002   Zero   RW         1075    .bss.tcphdr_optlen  lto-llvm-de2b1a.o
    0x2000aebe   0x0801802c   0x00000002   PAD
    0x2000aec0        -       0x00000004   Zero   RW         1020    .bss.tcpip_mbox     lto-llvm-de2b1a.o
    0x2000aec4        -       0x00000001   Zero   RW         1091    .bss.tcpip_tcp_timer_active  lto-llvm-de2b1a.o
    0x2000aec5   0x0801802c   0x00000001   PAD
    0x2000aec6        -       0x00000002   Zero   RW         1081    .bss.tcplen         lto-llvm-de2b1a.o
    0x2000aec8        -       0x00000094   Zero   RW          935    .bss.u8g2           lto-llvm-de2b1a.o
    0x2000af5c        -       0x00000400   Zero   RW          924    .bss.u8g2_m_16_8_f.buf  lto-llvm-de2b1a.o
    0x2000b35c        -       0x00000001   Zero   RW          923    .bss.u8x8_byte_hw_i2c.buf_idx  lto-llvm-de2b1a.o
    0x2000b35d        -       0x00000080   Zero   RW          922    .bss.u8x8_byte_hw_i2c.buffer  lto-llvm-de2b1a.o
    0x2000b3dd        -       0x00000001   Zero   RW          926    .bss.u8x8_cad_ssd13xx_fast_i2c.in_transfer  lto-llvm-de2b1a.o
    0x2000b3de        -       0x00006310   Zero   RW         1001    .bss.ucHeap         lto-llvm-de2b1a.o
    0x200116ee        -       0x00000001   Zero   RW         1002    .bss.ucMaxSysCallPriority  lto-llvm-de2b1a.o
    0x200116ef   0x0801802c   0x00000001   PAD
    0x200116f0        -       0x00000004   Zero   RW         1097    .bss.udp_pcbs       lto-llvm-de2b1a.o
    0x200116f4        -       0x00000004   Zero   RW         1003    .bss.ulMaxPRIGROUPValue  lto-llvm-de2b1a.o
    0x200116f8        -       0x00000004   Zero   RW          940    .bss.upcb           lto-llvm-de2b1a.o
    0x200116fc        -       0x00000004   Zero   RW          956    .bss.uwTick         lto-llvm-de2b1a.o
    0x20011700        -       0x00000001   Zero   RW          955    .bss.uwTickPrio     lto-llvm-de2b1a.o
    0x20011701   0x0801802c   0x00000003   PAD
    0x20011704        -       0x00000004   Zero   RW          963    .bss.uxCurrentNumberOfTasks  lto-llvm-de2b1a.o
    0x20011708        -       0x00000004   Zero   RW          962    .bss.uxDeletedTasksWaitingCleanUp  lto-llvm-de2b1a.o
    0x2001170c        -       0x00000004   Zero   RW          965    .bss.uxSchedulerSuspended  lto-llvm-de2b1a.o
    0x20011710        -       0x00000004   Zero   RW          960    .bss.uxTaskNumber   lto-llvm-de2b1a.o
    0x20011714        -       0x00000004   Zero   RW          971    .bss.uxTopReadyPriority  lto-llvm-de2b1a.o
    0x20011718        -       0x00000200   Zero   RW          991    .bss.vApplicationGetIdleTaskMemory.Idle_Stack  lto-llvm-de2b1a.o
    0x20011918        -       0x0000005c   Zero   RW          990    .bss.vApplicationGetIdleTaskMemory.Idle_TCB  lto-llvm-de2b1a.o
    0x20011974        -       0x00000400   Zero   RW          993    .bss.vApplicationGetTimerTaskMemory.Timer_Stack  lto-llvm-de2b1a.o
    0x20011d74        -       0x0000005c   Zero   RW          992    .bss.vApplicationGetTimerTaskMemory.Timer_TCB  lto-llvm-de2b1a.o
    0x20011dd0        -       0x00000014   Zero   RW          985    .bss.xActiveTimerList1  lto-llvm-de2b1a.o
    0x20011de4        -       0x00000014   Zero   RW          986    .bss.xActiveTimerList2  lto-llvm-de2b1a.o
    0x20011df8        -       0x00000001   Zero   RW          995    .bss.xBlockAllocatedBit  lto-llvm-de2b1a.o
    0x20011df9   0x0801802c   0x00000003   PAD
    0x20011dfc        -       0x00000014   Zero   RW          978    .bss.xDelayedTaskList1  lto-llvm-de2b1a.o
    0x20011e10        -       0x00000014   Zero   RW          979    .bss.xDelayedTaskList2  lto-llvm-de2b1a.o
    0x20011e24        -       0x00000004   Zero   RW          996    .bss.xFreeBytesRemaining  lto-llvm-de2b1a.o
    0x20011e28        -       0x00000004   Zero   RW          973    .bss.xIdleTaskHandle  lto-llvm-de2b1a.o
    0x20011e2c        -       0x00000004   Zero   RW          998    .bss.xMinimumEverFreeBytesRemaining  lto-llvm-de2b1a.o
    0x20011e30        -       0x00000004   Zero   RW          974    .bss.xNextTaskUnblockTime  lto-llvm-de2b1a.o
    0x20011e34        -       0x00000004   Zero   RW          977    .bss.xNumOfOverflows  lto-llvm-de2b1a.o
    0x20011e38        -       0x00000004   Zero   RW          999    .bss.xNumberOfSuccessfulAllocations  lto-llvm-de2b1a.o
    0x20011e3c        -       0x00000004   Zero   RW         1000    .bss.xNumberOfSuccessfulFrees  lto-llvm-de2b1a.o
    0x20011e40        -       0x00000004   Zero   RW          976    .bss.xPendedTicks   lto-llvm-de2b1a.o
    0x20011e44        -       0x00000014   Zero   RW          972    .bss.xPendingReadyList  lto-llvm-de2b1a.o
    0x20011e58        -       0x00000040   Zero   RW          958    .bss.xQueueRegistry  lto-llvm-de2b1a.o
    0x20011e98        -       0x00000004   Zero   RW          964    .bss.xSchedulerRunning  lto-llvm-de2b1a.o
    0x20011e9c        -       0x00000008   Zero   RW          997    .bss.xStart         lto-llvm-de2b1a.o
    0x20011ea4        -       0x00000014   Zero   RW          969    .bss.xSuspendedTaskList  lto-llvm-de2b1a.o
    0x20011eb8        -       0x00000014   Zero   RW          961    .bss.xTasksWaitingTermination  lto-llvm-de2b1a.o
    0x20011ecc        -       0x00000004   Zero   RW          966    .bss.xTickCount     lto-llvm-de2b1a.o
    0x20011ed0        -       0x00000004   Zero   RW          980    .bss.xTimerQueue    lto-llvm-de2b1a.o
    0x20011ed4        -       0x00000004   Zero   RW          981    .bss.xTimerTaskHandle  lto-llvm-de2b1a.o
    0x20011ed8        -       0x00000004   Zero   RW          975    .bss.xYieldPending  lto-llvm-de2b1a.o
    0x20011edc   0x0801802c   0x00000004   PAD
    0x20011ee0        -       0x00000400   Zero   RW            1    STACK               startup_stm32f429xx.o


==============================================================================

Image component sizes


      Code (inc. data)   RO Data    RW Data    ZI Data      Debug   Object Name

     80026       3346      11464         39      73344     558944   lto-llvm-de2b1a.o
        36          8        428          0       1024        832   startup_stm32f429xx.o

    ----------------------------------------------------------------------
     80204       3366      11928         44      74412     559776   Object Totals
         0          0         32          0          0          0   (incl. Generated)
       142         12          4          5         44          0   (incl. Padding)

    ----------------------------------------------------------------------

      Code (inc. data)   RO Data    RW Data    ZI Data      Debug   Library Member Name

        56          8          0          0          0         84   __0sscanf.o
       812          4          0          0          0        112   _scanf.o
        64          0          0          0          0         84   _sgetc.o
         8          4        133          0          0         68   ctype_o.o
         0          0          0          0          0          0   entry.o
         0          0          0          0          0          0   entry10a.o
         0          0          0          0          0          0   entry11a.o
         8          4          0          0          0          0   entry2.o
         4          0          0          0          0          0   entry5.o
         0          0          0          0          0          0   entry7b.o
         0          0          0          0          0          0   entry8b.o
         8          4          0          0          0          0   entry9a.o
        30          0          0          0          0          0   handlers.o
        36          8          0          0          0         68   init.o
        18          0          0          0          0         76   isspace_o.o
         0          0          0          0          0          0   iusefp.o
        30          0          0          0          0         68   llshl.o
        36          0          0          0          0         68   llsshr.o
        32          0          0          0          0         68   llushr.o
        26          0          0          0          0         80   memcmp.o
        36          0          0          0          0         68   memcpya.o
        36          0          0          0          0        108   memseta.o
      2332         94          0          0          0        608   printfa.o
        36          6          0          0          0         80   puts.o
        36         10          0          4          0        136   rand.o
        40          8          0          0          0         84   scanf_char.o
       878         12          0          0          0        216   scanf_fp.o
         0          0          0          4          0          0   stdout.o
        14          0          0          0          0         68   strlen.o
        44          0          0          0          0         80   uidiv.o
        98          0          0          0          0         92   uldiv.o
        48          0          0          0          0         68   cdrcmple.o
        56          0          0          0          0         88   d2f.o
       334          0          0          0          0        148   dadd.o
       222          0          0          0          0        100   ddiv.o
       186          0          0          0          0        176   depilogue.o
        48          0          0          0          0         68   dfixul.o
        24          0          0          0          0         76   dfltul.o
       228          0          0          0          0         96   dmul.o
        38          0          0          0          0         68   f2d.o
       110          0          0          0          0        168   fepilogue.o

    ----------------------------------------------------------------------
      6024        162        136          8          0       3372   Library Totals
        12          0          3          0          0          0   (incl. Padding)

    ----------------------------------------------------------------------

      Code (inc. data)   RO Data    RW Data    ZI Data      Debug   Library Name

      4718        162        133          8          0       2316   mc_w.l
      1294          0          0          0          0       1056   mf_w.l

    ----------------------------------------------------------------------
      6024        162        136          8          0       3372   Library Totals

    ----------------------------------------------------------------------

==============================================================================


      Code (inc. data)   RO Data    RW Data    ZI Data      Debug   

     86228       3528      12064         52      74412     561584   Grand Totals
     86228       3528      12064         52      74412     561584   ELF Image Totals
     86228       3528      12064         52          0          0   ROM Totals

==============================================================================

    Total RO  Size (Code + RO Data)                98292 (  95.99kB)
    Total RW  Size (RW Data + ZI Data)             74464 (  72.72kB)
    Total ROM Size (Code + RO Data + RW Data)      98344 (  96.04kB)

==============================================================================

